[26-07-2026, 22:28:50]: Emre hat die Massenaktion "bans" ausgefuehrt.
[26-07-2026, 22:38:24]: Emre hat Emre 1 Coins gutgeschrieben.
[28-07-2026, 00:20:24]: Emre -> msg (Emre) testtest
[28-07-2026, 01:16:46]: Emre -> msg (SpookyUHD) TEST
[28-07-2026, 01:17:01]: Emre -> kick (SpookyUHD) DASDAS
[28-07-2026, 01:17:59]: Emre -> timeban (SpookyUHD) DU NOBBB
[28-07-2026, 01:18:20]: Emre hat SpookyUHD (UID 4) entbannt.
[28-07-2026, 01:18:40]: Emre -> permaban (SpookyUHD) TEST
[28-07-2026, 01:18:55]: Emre hat SpookyUHD (UID 4) entbannt.
[28-07-2026, 01:24:28]: SpookyUHD hat bei SpookyUHD (UID 4) geaendert: Geld, Bankgeld, Autofuehrerschein, Motorradtfuehrerschein, LKWfuehrerschein, Helikopterfuehrerschein, FlugscheinKlasseA, FlugscheinKlasseB, Motorbootschein, Segelschein, Angelschein, Wanteds, Waffenschein, Perso, Boni, PdayIncome, Telefonnr, Bonuspunkte, lastPremCarGive, levelshop4, TacticKills, hatTheorieBestanden
[28-07-2026, 01:26:42]: Emre -> msg (Emre) testdasda
[28-07-2026, 01:41:15]: Emre hat bei Emre (UID 1) geaendert: Geld
[28-07-2026, 04:34:39]: Emre hat die Massenaktion "stvo" ausgefuehrt.
[28-07-2026, 04:35:02]: Emre hat SpookyUHD (UID 4) entbannt.
[28-07-2026, 14:31:22]: Emre hat Emre in Emree umbenannt.
[28-07-2026, 14:32:43]: Emree hat Emree in Emre umbenannt.
[28-07-2026, 14:48:53]: Emre hat Emre 123 Coins gutgeschrieben.
[28-07-2026, 15:24:02]: Emre hat bei Emre (UID 1) geaendert: Coins
[01-08-2026, 16:11:21]: Emre -> msg (Emre) hi
[02-08-2026, 14:18:14]: Emre hat bei Emre (UID 7) geaendert: Fraktion, FraktionsRang
[02-08-2026, 14:18:26]: Emre hat bei Emre (UID 7) geaendert: Fraktion, FraktionsRang
[03-09-2026, 16:00:26]: Emre -> betacode -> AUG3URM6
[03-09-2026, 16:00:30]: Emre -> betacode -> AUG3URM6
[03-09-2026, 16:01:23]: Emre -> betacode -> AUG3URM6
[03-09-2026, 16:01:33]: Emre -> betacode -> AUG3URM6
[03-09-2026, 16:14:24]: Emre -> betacode -> AUG3URM6
[03-09-2026, 16:14:26]: Emre -> betacode -> AUG3URM6
[03-09-2026, 16:14:27]: Emre -> betacode -> AUG3URM6
[03-09-2026, 16:14:27]: Emre -> betacode -> 4ZF5YSKA
[03-09-2026, 16:14:28]: Emre -> betacode -> 4ZF5YSKA
[03-09-2026, 16:14:30]: Emre -> betacode -> CMEF9QDA
[03-09-2026, 16:14:33]: Emre -> betacode -> AUG3URM6
[03-09-2026, 16:14:35]: Emre -> betacode -> CMEF9QDA
[03-09-2026, 16:14:36]: Emre -> betacode -> 4ZF5YSKA
[03-09-2026, 16:14:38]: Emre -> betacode -> 4ZF5YSKA
[03-09-2026, 16:14:42]: Emre -> betacode -> CMEF9QDA
[03-09-2026, 16:14:43]: Emre -> betacode -> ANTUVVFX
[03-09-2026, 16:14:43]: Emre -> betacode -> ANTUVVFX
