[28-06-2022 16:55:16]: PlayasEmre hat PlayasEmre zum Polizeichief ernannt!
[28-06-2022 17:02:23]: PlayasEmre hat PlayasEmre zum Polizeichief ernannt!
[01-07-2022 17:10:25]: Die Happy-Hour hat sich gestartet
[01-07-2022 17:13:21]: Die Happy-Hour hat sich gestartet
[01-07-2022 17:14:13]: Die Happy-Hour hat sich gestartet
[01-07-2022 17:15:08]: Die Happy-Hour hat sich gestartet
[01-07-2022 17:15:42]: Die Happy-Hour hat sich gestartet
[01-07-2022 17:17:15]: Die Happy-Hour hat sich gestartet
[01-07-2022 17:17:55]: Die Happy-Hour hat sich gestartet
[01-07-2022 17:18:16]: Die Happy-Hour hat sich gestartet
[01-07-2022 17:24:46]: testo
[01-07-2022 17:25:27]: testo
[01-07-2022 17:25:39]: testo
[01-07-2022 17:25:39]: testo
[01-07-2022 17:25:40]: testo
[01-07-2022 17:25:40]: testo
[01-07-2022 17:26:04]: testoo
[01-07-2022 17:26:33]: testo
[01-07-2022 17:29:30]: Die Happy-Hour hat sich gestartet
[04-07-2022 03:47:11]: Die Happy-Hour hat sich gestartet
[04-07-2022 03:50:11]: Die Happy-Hour hat sich gestartet
[04-07-2022 03:50:21]: Die Happy-Hour hat sich gestoppt
[04-07-2022 03:51:11]: Die Happy-Hour hat sich gestartet
[04-07-2022 03:51:21]: Die Happy-Hour hat sich gestoppt
[04-07-2022 03:52:11]: Die Happy-Hour hat sich gestartet
[04-07-2022 03:52:21]: Die Happy-Hour hat sich gestoppt
[15-07-2022 19:31:44]: PlayasEmre hat PlayasEmre zum Polizeichief ernannt!
[15-07-2022 19:31:49]: PlayasEmre hat PlayasEmre zum Triadenboss ernannt!
[15-07-2022 19:32:17]: PlayasEmre hat PlayasEmre zum Polizeichief ernannt!
[17-07-2022 15:44:17]: PlayasEmre hat PlayasEmre zum Polizeichief ernannt!
[02-08-2022 17:50:27]: PlayasEmre hat sich zum Slot 1 von PlayasEmre geportet.
[02-08-2022 17:50:30]: PlayasEmre hat sich zum Slot 1 von PlayasEmre geportet.
[02-08-2022 18:02:30]: PlayasEmre hat den Slot 1 von PlayasEmre zu sich geportet.
[02-08-2022 18:03:06]: PlayasEmre hat den Slot 1 von PlayasEmre zu sich geportet.
[04-08-2022 13:18:17]: PlayasEmre hat PlayasEmre zum Polizeichief ernannt!
[05-08-2022 21:49:25]: PlayasEmre hat PlayasEmre zum Zivilisten gemacht.
[05-08-2022 23:49:53]: PlayasEmre hat PlayasEmre zum Zivilisten gemacht.
[05-08-2022 23:51:12]: PlayasEmre hat PlayasEmre zum Zivilisten gemacht.
[05-08-2022 23:53:05]: PlayasEmre hat PlayasEmre zum Zivilisten gemacht.
[06-08-2022 00:10:14]: PlayasEmre hat PlayasEmre zum Zivilisten gemacht.
[16-08-2022 20:11:08]: PlayasEmre hat PlayasEmre in Emre umbenannt.
[16-08-2022 20:12:10]: PlayasEmre hat den Slot 1 von PlayasEmre zu sich geportet.
[16-08-2022 20:13:52]: Emre hat Emre in PlayasEmre umbenannt.
[16-08-2022 20:13:60]: Emre hat den Slot 1 von Emre zu sich geportet.
[16-08-2022 20:16:14]: PlayasEmre hat den Slot 1 von PlayasEmre zu sich geportet.
[16-08-2022 20:19:17]: PlayasEmre hat PlayasEmre in Emre umbenannt.
[16-08-2022 20:20:19]: Emre hat den Slot 1 von Emre zu sich geportet.
[16-08-2022 20:22:05]: Emre hat Emre in PlayasEmre umbenannt.
[16-08-2022 20:23:03]: PlayasEmre hat den Slot 1 von PlayasEmre zu sich geportet.
[16-08-2022 20:30:44]: PlayasEmre hat den Server neu gestartet.
[07-09-2022 14:34:57]: PlayasEmre hat PlayasEmre zum Polizeichief ernannt!
[07-09-2022 14:36:41]: PlayasEmre hat PlayasEmre zum Polizeichief ernannt!
[07-09-2022 14:42:56]: PlayasEmre hat PlayasEmre zum FBI-Direktor ernannt!
[07-09-2022 14:47:01]: PlayasEmre hat PlayasEmre zum FBI-Direktor ernannt!
[07-09-2022 14:47:08]: PlayasEmre hat PlayasEmre zum Commander ernannt!
[07-09-2022 14:47:14]: PlayasEmre hat PlayasEmre zum Chefarzt der Sanitäter ernannt!
[07-09-2022 14:47:21]: PlayasEmre hat PlayasEmre zum Zivilisten gemacht.
[07-09-2022 21:27:29]: PlayasEmre hat PlayasEmre zum Zivilisten gemacht.
[16-12-2022 19:52:51]: PlayasEmre hat PlayasEmre zum Zivilisten gemacht.
[16-12-2022 20:08:17]: PlayasEmre hat PlayasEmre zum Chef der Mechaniker ernannt!
[16-12-2022 20:09:49]: PlayasEmre hat PlayasEmre zum Chef der Mechaniker ernannt!
[16-12-2022 20:10:21]: PlayasEmre hat den Slot 1 von PlayasEmre zu sich geportet.
[16-12-2022 20:12:54]: PlayasEmre hat PlayasEmre zum Chef der Mechaniker ernannt!
[16-12-2022 20:14:28]: PlayasEmre hat den Slot 1 von PlayasEmre zu sich geportet.
[16-12-2022 20:16:29]: PlayasEmre hat PlayasEmre zum Chef der Mechaniker ernannt!
[16-12-2022 20:16:40]: PlayasEmre hat den Slot 1 von PlayasEmre zu sich geportet.
[16-12-2022 20:30:40]: PlayasEmre hat PlayasEmre zum Chef der Mechaniker ernannt!
[16-12-2022 20:31:01]: PlayasEmre hat den Slot 1 von PlayasEmre zu sich geportet.
[16-12-2022 20:32:13]: PlayasEmre hat PlayasEmre zum Chef der Mechaniker ernannt!
[16-12-2022 20:32:37]: PlayasEmre hat den Slot 1 von PlayasEmre zu sich geportet.
[16-12-2022 20:35:14]: PlayasEmre hat PlayasEmre zum Chef der Mechaniker ernannt!
[16-12-2022 20:38:27]: PlayasEmre hat den Slot 1 von PlayasEmre zu sich geportet.
[16-12-2022 20:38:54]: PlayasEmre hat den Slot 1 von PlayasEmre zu sich geportet.
[16-12-2022 20:42:08]: PlayasEmre hat den Slot 1 von PlayasEmre zu sich geportet.
[16-12-2022 20:43:42]: PlayasEmre hat den Slot 1 von PlayasEmre zu sich geportet.
[16-12-2022 20:48:11]: PlayasEmre hat den Slot 1 von PlayasEmre zu sich geportet.
[16-12-2022 20:51:07]: PlayasEmre hat den Slot 1 von PlayasEmre zu sich geportet.
[16-12-2022 20:54:08]: PlayasEmre hat den Slot 1 von PlayasEmre zu sich geportet.
[16-12-2022 20:56:41]: PlayasEmre hat den Slot 1 von PlayasEmre zu sich geportet.
[16-12-2022 20:58:42]: PlayasEmre hat den Slot 1 von PlayasEmre zu sich geportet.
[17-12-2022 17:20:22]: PlayasEmre hat PlayasEmre zum Zivilisten gemacht.
[18-12-2022 20:06:59]: PlayasEmre hat PlayasEmre zum Zivilisten gemacht.
[21-12-2022 19:32:57]: PlayasEmre hat den Slot 2 von PlayasEmre zu sich geportet.
[21-12-2022 19:34:56]: PlayasEmre hat den Slot 2 von PlayasEmre zu sich geportet.
[21-12-2022 19:36:18]: PlayasEmre hat den Slot 2 von PlayasEmre zu sich geportet.
[22-12-2022 21:18:10]: PlayasEmre hat PlayasEmre zum Polizeichief ernannt!
[19-02-2023 23:19:52]: PlayasEmre hat PlayasEmre zum Triadenboss ernannt!
[01-03-2023 14:47:07]: PlayasEmre hat PlayasEmre zum Leader der Fahrschule ernannt!
[01-03-2023 14:47:46]: PlayasEmre hat PlayasEmre zum Leader der Fahrschule ernannt!
[01-03-2023 18:10:42]: PlayasEmre hat PlayasEmre zum Zivilisten gemacht.
[01-03-2023 18:12:06]: PlayasEmre hat PlayasEmre zum Zivilisten gemacht.
[01-03-2023 18:13:14]: PlayasEmre hat PlayasEmre zum Zivilisten gemacht.
[01-03-2023 18:26:56]: PlayasEmre hat PlayasEmre zum Zivilisten gemacht.
[01-03-2023 19:52:34]: PlayasEmre hat PlayasEmre zum Zivilisten gemacht.
[01-03-2023 19:53:11]: PlayasEmre hat PlayasEmre zum Leader der Fahrschule ernannt!
[01-03-2023 19:53:17]: PlayasEmre hat PlayasEmre zum Zivilisten gemacht.
[01-03-2023 21:16:25]: PlayasEmre hat PlayasEmre zum Zivilisten gemacht.
[01-03-2023 21:21:27]: PlayasEmre hat PlayasEmre zum Zivilisten gemacht.
[01-03-2023 21:28:38]: PlayasEmre hat PlayasEmre zum Zivilisten gemacht.
[01-03-2023 21:31:11]: PlayasEmre hat PlayasEmre zum Zivilisten gemacht.
[01-03-2023 21:35:43]: PlayasEmre hat PlayasEmre zum Leader der Fahrschule ernannt!
[01-03-2023 21:38:22]: PlayasEmre hat PlayasEmre zum Polizeichief ernannt!
[01-03-2023 21:38:29]: PlayasEmre hat PlayasEmre zum Zivilisten gemacht.
[01-03-2023 22:42:49]: PlayasEmre hat PlayasEmre zum Zivilisten gemacht.
[01-03-2023 22:53:58]: PlayasEmre hat PlayasEmre zum Zivilisten gemacht.
[01-03-2023 22:54:12]: PlayasEmre hat PlayasEmre zum Leader der Fahrschule ernannt!
[01-03-2023 22:54:24]: PlayasEmre hat PlayasEmre zum Zivilisten gemacht.
[01-03-2023 22:55:04]: PlayasEmre hat PlayasEmre zum Zivilisten gemacht.
[01-03-2023 23:10:07]: PlayasEmre hat PlayasEmre zum Zivilisten gemacht.
[01-03-2023 23:10:12]: PlayasEmre hat PlayasEmre zum Leader der Fahrschule ernannt!
[10-03-2023 00:05:27]: PlayasEmre hat PlayasEmre zum Zivilisten gemacht.
[21-03-2023 02:23:15]: PlayasEmre hat PlayasEmre zum Leader der Fahrschule ernannt!
[21-03-2023 02:26:27]: PlayasEmre hat PlayasEmre zum Leader der Fahrschule ernannt!
[21-03-2023 02:28:60]: PlayasEmre hat PlayasEmre zum Leader der Fahrschule ernannt!
[21-03-2023 02:35:51]: PlayasEmre hat PlayasEmre zum Zivilisten gemacht.
[21-03-2023 14:46:07]: PlayasEmre hat PlayasEmre zum Zivilisten gemacht.
[21-03-2023 15:31:45]: PlayasEmre hat PlayasEmre zum Zivilisten gemacht.
[12-04-2023 22:11:53]: PlayasEmre hat PlayasEmre zum Revolutionsführer ernannt!
[15-04-2023 00:27:31]: PlayasEmre hat PlayasEmre zum Zivilisten gemacht.
[15-04-2023 00:28:04]: PlayasEmre hat PlayasEmre zum Zivilisten gemacht.
[15-04-2023 00:31:12]: PlayasEmre hat PlayasEmre zum Zivilisten gemacht.
[15-04-2023 00:32:50]: PlayasEmre hat PlayasEmre zum Zivilisten gemacht.
[15-04-2023 00:34:57]: PlayasEmre hat PlayasEmre zum Zivilisten gemacht.
[15-04-2023 03:17:14]: PlayasEmre hat PlayasEmre zum Zivilisten gemacht.
[15-04-2023 03:17:34]: PlayasEmre hat PlayasEmre zum Chef der Mechaniker ernannt!
[15-04-2023 03:17:54]: PlayasEmre hat PlayasEmre zum Zivilisten gemacht.
[15-04-2023 03:18:02]: PlayasEmre hat PlayasEmre zum Revolutionsführer ernannt!
[21-04-2023 17:59:01]: PlayasEmre hat PlayasEmre zum Leader der Fahrschule ernannt!
[23-04-2023 00:42:15]: PlayasEmre hat PlayasEmre zum Chef der Mechaniker ernannt!
[23-04-2023 00:44:29]: PlayasEmre hat PlayasEmre zum Chef der Mechaniker ernannt!
[23-04-2023 00:47:57]: PlayasEmre hat PlayasEmre zum Chef der Mechaniker ernannt!
[23-04-2023 01:03:05]: PlayasEmre hat PlayasEmre zum Zivilisten gemacht.
[23-04-2023 14:51:45]: PlayasEmre hat PlayasEmre zum Leader der Fahrschule ernannt!
[23-04-2023 14:59:35]: PlayasEmre hat PlayasEmre zum Leader der Fahrschule ernannt!
[24-04-2023 13:12:11]: PlayasEmre hat PlayasEmre zum Polizeichief ernannt!
[24-04-2023 13:16:01]: PlayasEmre hat PlayasEmre zum Polizeichief ernannt!
[24-04-2023 13:19:49]: PlayasEmre hat PlayasEmre zum Polizeichief ernannt!
[24-04-2023 13:20:29]: PlayasEmre hat PlayasEmre zum Polizeichief ernannt!
[24-04-2023 13:21:17]: PlayasEmre hat PlayasEmre zum Polizeichief ernannt!
[24-04-2023 13:21:39]: PlayasEmre hat PlayasEmre zum FBI-Direktor ernannt!
[24-04-2023 13:29:02]: PlayasEmre hat PlayasEmre zum Polizeichief ernannt!
[24-04-2023 13:29:40]: PlayasEmre hat PlayasEmre zum Polizeichief ernannt!
[24-04-2023 13:31:20]: PlayasEmre hat PlayasEmre zum Polizeichief ernannt!
[24-04-2023 13:36:19]: PlayasEmre hat PlayasEmre zum Polizeichief ernannt!
[24-04-2023 13:36:58]: PlayasEmre hat PlayasEmre zum Polizeichief ernannt!
[24-04-2023 13:38:02]: PlayasEmre hat PlayasEmre zum Polizeichief ernannt!
[24-04-2023 13:41:45]: PlayasEmre hat PlayasEmre zum Polizeichief ernannt!
[24-04-2023 13:42:18]: PlayasEmre hat PlayasEmre zum Polizeichief ernannt!
[24-04-2023 13:42:43]: PlayasEmre hat PlayasEmre zum Polizeichief ernannt!
[24-04-2023 13:48:21]: PlayasEmre hat PlayasEmre zum Polizeichief ernannt!
[24-04-2023 13:49:02]: PlayasEmre hat PlayasEmre zum Polizeichief ernannt!
[24-04-2023 13:49:06]: PlayasEmre hat PlayasEmre zum Polizeichief ernannt!
[24-04-2023 13:51:37]: PlayasEmre hat PlayasEmre zum Polizeichief ernannt!
[24-04-2023 13:56:32]: PlayasEmre hat PlayasEmre zum Polizeichief ernannt!
[24-04-2023 13:57:22]: PlayasEmre hat PlayasEmre zum Zivilisten gemacht.
[24-04-2023 13:57:55]: PlayasEmre hat PlayasEmre zum Polizeichief ernannt!
[24-04-2023 14:08:19]: PlayasEmre hat PlayasEmre zum Polizeichief ernannt!
[24-04-2023 14:08:50]: PlayasEmre hat PlayasEmre zum Polizeichief ernannt!
[24-04-2023 14:09:38]: PlayasEmre hat PlayasEmre zum Zivilisten gemacht.
[24-04-2023 14:09:43]: PlayasEmre hat PlayasEmre zum Don ernannt!
[24-04-2023 14:09:56]: PlayasEmre hat PlayasEmre zum Zivilisten gemacht.
[24-04-2023 14:11:58]: PlayasEmre hat PlayasEmre zum Don ernannt!
[24-04-2023 14:12:04]: PlayasEmre hat PlayasEmre zum FBI-Direktor ernannt!
[24-04-2023 14:12:10]: PlayasEmre hat PlayasEmre zum Polizeichief ernannt!
[24-04-2023 14:12:26]: PlayasEmre hat PlayasEmre zum FBI-Direktor ernannt!
[24-04-2023 14:12:29]: PlayasEmre hat PlayasEmre zum Commander ernannt!
[24-04-2023 14:12:35]: PlayasEmre hat PlayasEmre zum Zivilisten gemacht.
[24-04-2023 14:12:39]: PlayasEmre hat PlayasEmre zum Polizeichief ernannt!
[24-04-2023 14:15:21]: PlayasEmre hat PlayasEmre zum Polizeichief ernannt!
[24-04-2023 14:30:43]: PlayasEmre hat PlayasEmre zum Polizeichief ernannt!
[24-04-2023 14:33:02]: PlayasEmre hat PlayasEmre zum Zivilisten gemacht.
[24-04-2023 14:33:48]: PlayasEmre hat PlayasEmre zum Polizeichief ernannt!
[25-04-2023 16:58:51]: PlayasEmre hat PlayasEmre zum Polizeichief ernannt!
[25-04-2023 21:11:48]: PlayasEmre hat PlayasEmre zum Revolutionsführer ernannt!
[27-04-2023 17:34:03]: PlayasEmre hat sich zu PlayasEmre teleportiert!
[27-04-2023 17:34:03]: PlayasEmre hat PlayasEmre zu sich teleportiert.
[27-04-2023 17:34:22]: PlayasEmre hat PlayasEmre gespectet!
[27-04-2023 17:34:27]: PlayasEmre hat PlayasEmre gespectet!
[27-04-2023 17:34:45]: PlayasEmre hat PlayasEmre geskydived!
[27-04-2023 17:34:60]: PlayasEmre hat das Passwort von PlayasEmre geändert!
[27-04-2023 17:35:21]: PlayasEmre hat das Passwort von PlayasEmre geändert!
[27-04-2023 17:37:29]: PlayasEmre hat PlayasEmre geskydived!
[27-04-2023 17:37:59]: PlayasEmre hat PlayasEmre geskydived!
[27-04-2023 21:11:55]: PlayasEmre hat PlayasEmre zum Zivilisten gemacht.
[29-04-2023 23:03:25]: PlayasEmre hat den Adminrang von Stoned auf 10 gesetzt.
[30-04-2023 00:32:47]: PlayasEmre hat den Slot 1 von PlayasEmre zu sich geportet.
[30-04-2023 12:39:38]: Stoned hat Stoned zum Polizeichief ernannt!
[30-04-2023 12:39:58]: Stoned hat Stoned zum Banger der Ballas ernannt!
[30-04-2023 12:41:18]: Stoned hat Stoned zum Leader der Fahrschule ernannt!
[30-04-2023 12:47:40]: Stoned hat das Auto von Stoned FFT gemacht!
[30-04-2023 15:32:44]: PlayasEmre hat den Slot 1 von PlayasEmre zu sich geportet.
[30-04-2023 17:11:11]: PlayasEmre hat sich zum Slot 1 von PlayasEmre geportet.
[30-04-2023 17:11:14]: PlayasEmre hat sich zum Slot 1 von PlayasEmre geportet.
[30-04-2023 17:14:58]: PlayasEmre hat sich zum Slot 1 von PlayasEmre geportet.
[30-04-2023 17:23:56]: PlayasEmre hat sich zum Slot 1 von PlayasEmre geportet.
[30-04-2023 17:26:39]: PlayasEmre hat sich zum Slot 1 von PlayasEmre geportet.
[30-04-2023 17:29:22]: PlayasEmre hat sich zum Slot 1 von PlayasEmre geportet.
[30-04-2023 17:30:51]: PlayasEmre hat sich zum Slot 1 von PlayasEmre geportet.
[30-04-2023 17:32:25]: PlayasEmre hat sich zum Slot 1 von PlayasEmre geportet.
[30-04-2023 17:33:40]: PlayasEmre hat sich zum Slot 1 von PlayasEmre geportet.
[30-04-2023 17:51:41]: PlayasEmre hat sich zum Slot 1 von PlayasEmre geportet.
[30-04-2023 21:42:40]: Stoned hat sich zu Abdul.hahki teleportiert!
[30-04-2023 21:46:46]: Abdul.hahki hat den Adminrang von Stoned auf 0 gesetzt.
[30-04-2023 21:54:32]: Abdul.hahki hat sich zu Stoned teleportiert!
[30-04-2023 21:56:38]: Stoned hat Abdul.hahki gebannt! (Grund: )
[30-04-2023 21:56:54]: Stoned hat Abdul.hahki entbannt.
[30-04-2023 21:57:54]: Stoned hat Abdul.hahki zum President der AoD ernannt!
[30-04-2023 21:57:56]: Stoned hat Abdul.hahki zum FBI-Direktor ernannt!
[30-04-2023 21:57:58]: Stoned hat Abdul.hahki zum Chefredakteur ernannt!
[30-04-2023 21:57:58]: Stoned hat Abdul.hahki zum Revolutionsführer ernannt!
[30-04-2023 21:58:01]: Stoned hat Abdul.hahki zum Triadenboss ernannt!
[30-04-2023 21:58:02]: Stoned hat Abdul.hahki zum Don ernannt!
[30-04-2023 21:58:05]: Stoned hat Abdul.hahki zum Polizeichief ernannt!
[30-04-2023 21:58:06]: Stoned hat Abdul.hahki zum Chef der Mechaniker ernannt!
[30-04-2023 21:58:44]: Stoned hat sich zu Abdul.hahki teleportiert!
[30-04-2023 21:59:41]: Stoned hat sich zu Abdul.hahki teleportiert!
[30-04-2023 22:00:16]: Stoned hat Stoned zum Chef der Mechaniker ernannt!
[30-04-2023 22:03:17]: Abdul.hahki hat sich zu Stoned teleportiert!
[30-04-2023 22:04:58]: Abdul.hahki hat Stoned zu sich teleportiert.
[30-04-2023 22:05:04]: Abdul.hahki hat Stoned zu sich teleportiert.
[30-04-2023 22:05:08]: Abdul.hahki hat Stoned zu sich teleportiert.
[30-04-2023 22:11:26]: Stoned hat sich zu PlayasEmre teleportiert!
[30-04-2023 22:13:40]: PlayasEmre hat sich zum Slot 1 von PlayasEmre geportet.
[30-04-2023 22:14:37]: PlayasEmre hat sich zum Slot 1 von PlayasEmre geportet.
[01-05-2023 20:25:60]: PlayasEmre hat sich zum Slot 1 von PlayasEmre geportet.
[01-05-2023 20:29:06]: Stoned hat sich zu PlayasEmre teleportiert!
[01-05-2023 20:29:38]: Stoned hat sich zu PlayasEmre teleportiert!
[01-05-2023 20:29:42]: PlayasEmre hat sich zum Slot 1 von PlayasEmre geportet.
[01-05-2023 20:29:49]: Stoned hat sich zu PlayasEmre teleportiert!
[01-05-2023 20:30:52]: Stoned hat Clown gebannt! (Grund: 10)
[01-05-2023 20:31:27]: Stoned hat Clown zu sich teleportiert.
[01-05-2023 20:33:42]: PlayasEmre hat sich zum Slot 1 von PlayasEmre geportet.
[01-05-2023 20:34:24]: Clown hat sich zu Stoned teleportiert!
[01-05-2023 20:35:21]: PlayasEmre hat sich zum Slot 1 von PlayasEmre geportet.
[01-05-2023 20:35:37]: Stoned hat den Adminrang von Clown auf 10 gesetzt.
[01-05-2023 20:35:40]: Clown hat sich zu Stoned teleportiert!
[01-05-2023 20:35:43]: Clown hat sich zu Stoned teleportiert!
[01-05-2023 20:36:58]: PlayasEmre hat sich zum Slot 1 von PlayasEmre geportet.
[01-05-2023 20:38:18]: PlayasEmre hat sich zum Slot 1 von PlayasEmre geportet.
[01-05-2023 20:39:01]: PlayasEmre hat sich zum Slot 1 von PlayasEmre geportet.
[01-05-2023 20:41:27]: PlayasEmre hat sich zum Slot 1 von PlayasEmre geportet.
[01-05-2023 20:43:50]: PlayasEmre hat sich zum Slot 1 von PlayasEmre geportet.
[01-05-2023 20:44:43]: PlayasEmre hat sich zum Slot 1 von PlayasEmre geportet.
[01-05-2023 20:45:32]: PlayasEmre hat sich zum Slot 1 von PlayasEmre geportet.
[01-05-2023 20:45:52]: PlayasEmre hat sich zum Slot 1 von PlayasEmre geportet.
[01-05-2023 20:46:43]: PlayasEmre hat sich zum Slot 1 von PlayasEmre geportet.
[01-05-2023 20:47:24]: PlayasEmre hat sich zum Slot 1 von PlayasEmre geportet.
[01-05-2023 20:49:19]: PlayasEmre hat sich zum Slot 1 von PlayasEmre geportet.
[01-05-2023 20:51:59]: PlayasEmre hat sich zum Slot 1 von PlayasEmre geportet.
[01-05-2023 20:53:42]: PlayasEmre hat sich zum Slot 1 von PlayasEmre geportet.
[01-05-2023 20:58:26]: PlayasEmre hat sich zum Slot 1 von PlayasEmre geportet.
[01-05-2023 20:59:47]: PlayasEmre hat sich zum Slot 1 von PlayasEmre geportet.
[01-05-2023 21:11:01]: PlayasEmre hat sich zum Slot 1 von PlayasEmre geportet.
[01-05-2023 21:13:10]: PlayasEmre hat sich zum Slot 1 von PlayasEmre geportet.
[01-05-2023 21:13:45]: PlayasEmre hat sich zum Slot 1 von PlayasEmre geportet.
[01-05-2023 21:14:44]: PlayasEmre hat sich zum Slot 1 von PlayasEmre geportet.
[01-05-2023 21:15:22]: PlayasEmre hat sich zum Slot 1 von PlayasEmre geportet.
[01-05-2023 21:16:12]: PlayasEmre hat sich zum Slot 1 von PlayasEmre geportet.
[01-05-2023 21:17:07]: PlayasEmre hat sich zum Slot 1 von PlayasEmre geportet.
[01-05-2023 21:17:51]: PlayasEmre hat sich zum Slot 1 von PlayasEmre geportet.
[01-05-2023 21:18:33]: PlayasEmre hat sich zum Slot 1 von PlayasEmre geportet.
[01-05-2023 21:19:51]: PlayasEmre hat sich zum Slot 1 von PlayasEmre geportet.
[01-05-2023 21:20:43]: PlayasEmre hat sich zum Slot 1 von PlayasEmre geportet.
[01-05-2023 21:22:06]: PlayasEmre hat sich zum Slot 1 von PlayasEmre geportet.
[01-05-2023 21:23:46]: PlayasEmre hat sich zum Slot 1 von PlayasEmre geportet.
[01-05-2023 21:25:08]: PlayasEmre hat sich zum Slot 1 von PlayasEmre geportet.
[01-05-2023 21:26:51]: PlayasEmre hat sich zum Slot 1 von PlayasEmre geportet.
[01-05-2023 21:29:19]: PlayasEmre hat sich zum Slot 1 von PlayasEmre geportet.
[01-05-2023 21:30:39]: PlayasEmre hat sich zum Slot 1 von PlayasEmre geportet.
[01-05-2023 21:31:31]: PlayasEmre hat sich zum Slot 1 von PlayasEmre geportet.
[01-05-2023 21:32:20]: PlayasEmre hat sich zum Slot 1 von PlayasEmre geportet.
[01-05-2023 21:32:54]: PlayasEmre hat sich zum Slot 1 von PlayasEmre geportet.
[01-05-2023 21:33:19]: PlayasEmre hat sich zum Slot 1 von PlayasEmre geportet.
[01-05-2023 21:33:55]: PlayasEmre hat sich zum Slot 1 von PlayasEmre geportet.
[01-05-2023 21:35:27]: PlayasEmre hat sich zum Slot 1 von PlayasEmre geportet.
[01-05-2023 21:53:50]: PlayasEmre hat sich zum Slot 1 von PlayasEmre geportet.
[01-05-2023 21:55:35]: PlayasEmre hat sich zum Slot 1 von PlayasEmre geportet.
[01-05-2023 22:04:04]: PlayasEmre hat sich zum Slot 1 von PlayasEmre geportet.
[01-05-2023 22:04:39]: PlayasEmre hat sich zum Slot 1 von PlayasEmre geportet.
[01-05-2023 22:04:57]: PlayasEmre hat sich zum Slot 1 von PlayasEmre geportet.
[01-05-2023 22:05:53]: PlayasEmre hat sich zum Slot 1 von PlayasEmre geportet.
[01-05-2023 22:06:18]: PlayasEmre hat sich zum Slot 1 von PlayasEmre geportet.
[01-05-2023 22:06:47]: PlayasEmre hat sich zum Slot 1 von PlayasEmre geportet.
[01-05-2023 22:07:45]: PlayasEmre hat sich zum Slot 1 von PlayasEmre geportet.
[01-05-2023 22:10:20]: PlayasEmre hat sich zum Slot 1 von PlayasEmre geportet.
[01-05-2023 22:10:48]: PlayasEmre hat sich zum Slot 1 von PlayasEmre geportet.
[01-05-2023 22:11:04]: PlayasEmre hat sich zum Slot 1 von PlayasEmre geportet.
[01-05-2023 22:21:01]: PlayasEmre hat sich zum Slot 1 von PlayasEmre geportet.
[01-05-2023 22:21:56]: PlayasEmre hat sich zum Slot 1 von PlayasEmre geportet.
[01-05-2023 22:22:43]: PlayasEmre hat sich zum Slot 1 von PlayasEmre geportet.
[01-05-2023 22:23:03]: PlayasEmre hat sich zum Slot 1 von PlayasEmre geportet.
[01-05-2023 22:24:17]: PlayasEmre hat sich zum Slot 1 von PlayasEmre geportet.
[01-05-2023 22:25:06]: PlayasEmre hat sich zum Slot 1 von PlayasEmre geportet.
[01-05-2023 22:25:51]: PlayasEmre hat sich zum Slot 1 von PlayasEmre geportet.
[01-05-2023 22:26:11]: PlayasEmre hat sich zum Slot 1 von PlayasEmre geportet.
[01-05-2023 22:27:18]: PlayasEmre hat sich zum Slot 1 von PlayasEmre geportet.
[01-05-2023 22:34:20]: PlayasEmre hat sich zum Slot 1 von PlayasEmre geportet.
[01-05-2023 23:18:32]: PlayasEmre hat sich zum Slot 1 von PlayasEmre geportet.
[01-05-2023 23:20:21]: PlayasEmre hat sich zum Slot 1 von PlayasEmre geportet.
[01-05-2023 23:20:59]: PlayasEmre hat sich zum Slot 1 von PlayasEmre geportet.
[01-05-2023 23:25:34]: PlayasEmre hat sich zum Slot 1 von PlayasEmre geportet.
[01-05-2023 23:29:42]: PlayasEmre hat sich zu L.Messi teleportiert!
[01-05-2023 23:45:25]: PlayasEmre hat sich zum Slot 1 von PlayasEmre geportet.
[01-05-2023 23:46:41]: PlayasEmre hat sich zum Slot 1 von PlayasEmre geportet.
[01-05-2023 23:47:15]: PlayasEmre hat sich zum Slot 1 von PlayasEmre geportet.
[01-05-2023 23:47:53]: PlayasEmre hat sich zum Slot 1 von PlayasEmre geportet.
[01-05-2023 23:50:58]: PlayasEmre hat sich zum Slot 1 von PlayasEmre geportet.
[01-05-2023 23:51:46]: PlayasEmre hat sich zum Slot 1 von PlayasEmre geportet.
[01-05-2023 23:53:46]: PlayasEmre hat sich zum Slot 1 von PlayasEmre geportet.
[01-05-2023 23:54:34]: PlayasEmre hat sich zum Slot 1 von PlayasEmre geportet.
[02-05-2023 00:01:16]: PlayasEmre hat sich zum Slot 1 von PlayasEmre geportet.
[02-05-2023 00:02:20]: PlayasEmre hat sich zum Slot 1 von PlayasEmre geportet.
[02-05-2023 00:04:02]: PlayasEmre hat sich zum Slot 1 von PlayasEmre geportet.
[02-05-2023 00:07:03]: PlayasEmre hat sich zum Slot 1 von PlayasEmre geportet.
[02-05-2023 19:44:19]: Stoned hat Stoned in PlayasEmro umbenannt.
[02-05-2023 19:51:11]: Stoned hat Stoned zum Chefarzt der Sanitäter ernannt!
[02-05-2023 19:51:12]: Stoned hat Stoned zum Leader der Fahrschule ernannt!
[02-05-2023 19:51:14]: Stoned hat Stoned zum President der AoD ernannt!
[02-05-2023 19:51:17]: Stoned hat Stoned zum Chefredakteur ernannt!
[02-05-2023 19:51:18]: Stoned hat Stoned zum Revolutionsführer ernannt!
[05-05-2023 20:08:46]: PlayasEmro hat PlayasEmro zum Commander ernannt!
[05-05-2023 21:40:40]: PlayasEmre hat sich zum Slot 1 von PlayasEmre geportet.
[06-05-2023 00:42:01]: PlayasEmre hat den Adminrang von Pusher30 auf 11 gesetzt.
[06-05-2023 00:50:36]: PlayasEmre hat PlayasEmre zu sich teleportiert.
[06-05-2023 00:51:16]: PlayasEmre hat Pusher30 zu sich teleportiert.
[06-05-2023 00:59:11]: PlayasEmre hat Pusher30 zu sich teleportiert.
[06-05-2023 01:16:38]: PlayasEmre hat PlayasEmre zum Leader der Fahrschule ernannt!
[06-05-2023 01:32:08]: PlayasEmre hat Pusher30 zu sich teleportiert.
[06-05-2023 01:32:29]: PlayasEmre hat Pusher30 zu sich teleportiert.
[06-05-2023 01:33:16]: PlayasEmre hat PlayasEmre zum Leader der Fahrschule ernannt!
[06-05-2023 01:37:23]: PlayasEmre hat PlayasEmre zum Leader der Fahrschule ernannt!
[06-05-2023 01:41:49]: PlayasEmre hat PlayasEmre zum Leader der Fahrschule ernannt!
[06-05-2023 01:48:41]: PlayasEmre hat PlayasEmre zum Leader der Fahrschule ernannt!
[06-05-2023 01:51:50]: PlayasEmre hat PlayasEmre zum Leader der Fahrschule ernannt!
[06-05-2023 01:54:59]: PlayasEmre hat sich zu Pusher30 teleportiert!
[06-05-2023 12:15:10]: PlayasEmro hat ein Auto upgegradet!
[06-05-2023 23:22:14]: PlayasEmre hat Pusher30 zu sich teleportiert.
[06-05-2023 23:54:26]: PlayasEmre hat PlayasEmre zum Zivilisten gemacht.
[06-05-2023 23:57:31]: PlayasEmre hat PlayasEmre zum Zivilisten gemacht.
[07-05-2023 00:39:58]: PlayasEmre hat PlayasEmre zum Zivilisten gemacht.
[10-05-2023 22:09:53]: PlayasEmre hat PlayasEmre zum Leader der Fahrschule ernannt!
[11-05-2023 17:08:46]: PlayasEmre hat PlayasEmre zum Polizeichief ernannt!
[11-05-2023 17:10:13]: PlayasEmre hat PlayasEmre zum Polizeichief ernannt!
[11-05-2023 17:11:25]: PlayasEmre hat PlayasEmre zum Polizeichief ernannt!
[11-05-2023 17:13:31]: PlayasEmre hat PlayasEmre zum Leader der Fahrschule ernannt!
[13-05-2023 01:26:17]: PlayasEmre hat PlayasEmre zum Leader der Fahrschule ernannt!
[16-05-2023 02:09:19]: PlayasEmre hat PlayasEmre zum Leader der Fahrschule ernannt!
[16-05-2023 02:12:52]: PlayasEmre hat PlayasEmre zum Zivilisten gemacht.
[18-09-2023 20:37:38]: PlayasEmre hat sich zum Slot 1 von PlayasEmre geportet.
[18-09-2023 20:38:29]: PlayasEmre hat PlayasEmre zum Polizeichief ernannt!
[18-09-2023 20:38:32]: PlayasEmre hat PlayasEmre zum Don ernannt!
[18-09-2023 20:38:36]: PlayasEmre hat PlayasEmre zum Triadenboss ernannt!
[18-09-2023 20:38:38]: PlayasEmre hat PlayasEmre zum Revolutionsführer ernannt!
[18-09-2023 20:42:06]: PlayasEmre hat PlayasEmre zum Chefredakteur ernannt!
[18-09-2023 20:42:11]: PlayasEmre hat PlayasEmre zum FBI-Direktor ernannt!
[18-09-2023 20:42:14]: PlayasEmre hat PlayasEmre zum Jefa ernannt!
[18-09-2023 20:42:20]: PlayasEmre hat PlayasEmre zum Commander ernannt!
[18-09-2023 20:42:23]: PlayasEmre hat PlayasEmre zum President der AoD ernannt!
[18-09-2023 20:42:27]: PlayasEmre hat PlayasEmre zum Chefarzt der Sanitäter ernannt!
[18-09-2023 20:42:29]: PlayasEmre hat PlayasEmre zum Chef der Mechaniker ernannt!
[18-09-2023 20:42:32]: PlayasEmre hat PlayasEmre zum Banger der Ballas ernannt!
[18-09-2023 20:42:34]: PlayasEmre hat PlayasEmre zum Sweet der Grove ernannt!
[18-09-2023 20:42:37]: PlayasEmre hat PlayasEmre zum President der Anonymus ernannt!
[18-09-2023 20:43:44]: PlayasEmre hat PlayasEmre zum Leader der Fahrschule ernannt!
[18-09-2023 20:48:03]: PlayasEmre hat PlayasEmre zum Revolutionsführer ernannt!
[23-12-2023 16:15:08]: PlayasEmre hat PlayasEmre zum Zivilisten gemacht.
[26-12-2023 01:09:47]: PlayasEmre hat PlayasEmre zum Triadenboss ernannt!
[26-12-2023 01:10:03]: PlayasEmre hat PlayasEmre zum Sweet der Grove ernannt!
[26-12-2023 03:12:09]: PlayasEmre hat PlayasEmre zum Zivilisten gemacht.
[26-12-2023 03:12:50]: PlayasEmre hat PlayasEmre zum Zivilisten gemacht.
[26-12-2023 03:13:06]: PlayasEmre hat PlayasEmre zum Polizeichief ernannt!
[26-12-2023 03:13:13]: PlayasEmre hat PlayasEmre zum Don ernannt!
[26-12-2023 03:13:22]: PlayasEmre hat PlayasEmre zum Zivilisten gemacht.
[31-12-2023 02:53:16]: PlayasEmre hat den Adminrang von FxShorty auf 10 gesetzt.
[31-12-2023 02:53:33]: PlayasEmre hat FxShorty zu sich teleportiert.
[01-01-2024 03:57:22]: PlayasEmre hat sich zu Nobady teleportiert!
[01-01-2024 22:13:04]: PlayasEmre hat den Adminrang von FxShorty auf 10 gesetzt.
[01-01-2024 22:15:48]: PlayasEmre hat FxShorty zu sich teleportiert.
[12-01-2024 02:10:06]: PlayasEmre hat PatroRed zu sich teleportiert.
[14-10-2025 18:16:23]: Emre hat Emre zum Chef der Mechaniker ernannt!
[14-10-2025 18:16:27]: Emre hat Emre zum Banger der Ballas ernannt!
[14-10-2025 18:16:29]: Emre hat Emre zum Sweet der Grove ernannt!
[14-10-2025 18:16:30]: Emre hat Emre zum President der Anonymus ernannt!
[14-10-2025 18:16:37]: Emre hat Emre zum Leader der Fahrschule ernannt!
[14-10-2025 22:34:47]: Emre hat Emre zu sich teleportiert.
[14-10-2025 22:34:60]: Emre hat den Slot 1 von Emre zu sich geportet.
[20-10-2025 21:00:57]: Emre hat EmreTest zu sich teleportiert.
[20-10-2025 21:01:57]: Emre hat Emre zum Leader der Fahrschule ernannt!
[20-10-2025 21:10:44]: Emre hat den Adminrang von EmreTest auf 1 gesetzt.
[20-10-2025 21:10:51]: Emre hat den Adminrang von EmreTest auf 2 gesetzt.
[20-10-2025 21:11:58]: Emre hat Emre zum Leader der Fahrschule ernannt!
[20-10-2025 21:14:36]: Emre hat Emre zum Leader der Fahrschule ernannt!
[20-10-2025 21:17:59]: Emre hat Emre zum Leader der Fahrschule ernannt!
[20-10-2025 21:21:12]: Emre hat Emre zum Leader der Fahrschule ernannt!
[20-10-2025 21:22:28]: Emre hat Emre zum Leader der Fahrschule ernannt!
[20-10-2025 21:26:16]: Emre hat Emre zum Leader der Fahrschule ernannt!
[20-10-2025 21:29:09]: Emre hat Emre zum Leader der Fahrschule ernannt!
[20-10-2025 21:32:45]: Emre hat Emre zum Leader der Fahrschule ernannt!
[20-10-2025 21:35:60]: Emre hat Emre zum Leader der Fahrschule ernannt!
[20-10-2025 21:38:51]: Emre hat Emre zum Leader der Fahrschule ernannt!
[20-10-2025 21:44:54]: Emre hat Emre zum Leader der Fahrschule ernannt!
[20-10-2025 21:57:53]: Emre hat Emre zum Leader der Fahrschule ernannt!
[20-10-2025 22:02:16]: Emre hat Emre zum Leader der Fahrschule ernannt!
[20-10-2025 22:05:02]: Emre hat Emre zum Leader der Fahrschule ernannt!
[20-10-2025 22:12:10]: Emre hat Emre zum Leader der Fahrschule ernannt!
[20-10-2025 22:16:09]: Emre hat Emre zum Leader der Fahrschule ernannt!
[20-10-2025 22:16:60]: Emre hat Emre zum Leader der Fahrschule ernannt!
[20-10-2025 22:17:06]: Emre hat Emre zum Leader der Fahrschule ernannt!
[20-10-2025 22:17:50]: Emre hat Emre zum Leader der Fahrschule ernannt!
[20-10-2025 22:23:18]: Emre hat Emre zum Leader der Fahrschule ernannt!
[20-10-2025 22:25:42]: Emre hat Emre zum Leader der Fahrschule ernannt!
[20-10-2025 22:27:42]: Emre hat Emre zum Leader der Fahrschule ernannt!
[20-10-2025 22:32:05]: Emre hat Emre zum Leader der Fahrschule ernannt!
[20-10-2025 22:32:07]: Emre hat Emre zum Leader der Fahrschule ernannt!
[20-10-2025 22:37:10]: Emre hat Emre zum Leader der Fahrschule ernannt!
[20-10-2025 22:39:10]: Emre hat Emre zum Leader der Fahrschule ernannt!
[20-10-2025 22:51:59]: Emre hat Emre zum Leader der Fahrschule ernannt!
[20-10-2025 22:55:35]: Emre hat Emre zum Leader der Fahrschule ernannt!
[20-10-2025 22:56:43]: Emre hat Emre zum Leader der Fahrschule ernannt!
[20-10-2025 22:59:19]: Emre hat Emre zum Leader der Fahrschule ernannt!
[20-10-2025 23:01:18]: Emre hat Emre zum Leader der Fahrschule ernannt!
[20-10-2025 23:04:46]: Emre hat Emre zum Leader der Fahrschule ernannt!
[20-10-2025 23:06:54]: Emre hat Emre zum Leader der Fahrschule ernannt!
[20-10-2025 23:08:34]: Emre hat Emre zum Leader der Fahrschule ernannt!
[20-10-2025 23:11:01]: Emre hat Emre zum Leader der Fahrschule ernannt!
[20-10-2025 23:16:24]: Emre hat Emre zum Leader der Fahrschule ernannt!
[20-10-2025 23:21:04]: Emre hat Emre zum Leader der Fahrschule ernannt!
[20-10-2025 23:37:33]: Emre hat Emre zum Leader der Fahrschule ernannt!
[20-10-2025 23:39:42]: Emre hat Emre zum Leader der Fahrschule ernannt!
[20-10-2025 23:44:47]: Emre hat Emre zum Leader der Fahrschule ernannt!
[20-10-2025 23:48:32]: Emre hat Emre zum Leader der Fahrschule ernannt!
[20-10-2025 23:52:35]: Emre hat Emre zum Leader der Fahrschule ernannt!
[20-10-2025 23:55:49]: Emre hat Emre zum Leader der Fahrschule ernannt!
[21-10-2025 00:10:49]: Emre hat Emre zum Leader der Fahrschule ernannt!
[21-10-2025 00:14:49]: Emre hat Emre zum Leader der Fahrschule ernannt!
[21-10-2025 00:17:36]: Emre hat Emre zum Leader der Fahrschule ernannt!
[21-10-2025 00:19:52]: Emre hat Emre zum Leader der Fahrschule ernannt!
[21-10-2025 00:21:27]: Emre hat Emre zum Leader der Fahrschule ernannt!
[21-10-2025 00:24:17]: Emre hat Emre zum Leader der Fahrschule ernannt!
[21-10-2025 00:31:52]: Emre hat Emre zum Leader der Fahrschule ernannt!
[21-10-2025 00:33:38]: Emre hat Emre zum Leader der Fahrschule ernannt!
[21-10-2025 00:36:13]: Emre hat Emre zum Leader der Fahrschule ernannt!
[21-10-2025 00:39:38]: Emre hat Emre zum Leader der Fahrschule ernannt!
[21-10-2025 00:52:44]: Emre hat Emre zum Leader der Fahrschule ernannt!
[21-10-2025 00:54:02]: Emre hat Emre zum Leader der Fahrschule ernannt!
[21-10-2025 00:57:10]: Emre hat Emre zum Leader der Fahrschule ernannt!
[21-10-2025 01:01:22]: Emre hat Emre zum Leader der Fahrschule ernannt!
[21-10-2025 01:02:10]: Emre hat Emre zum Leader der Fahrschule ernannt!
[21-10-2025 01:03:45]: Emre hat Emre zum Leader der Fahrschule ernannt!
[21-10-2025 01:05:55]: Emre hat Emre zum Leader der Fahrschule ernannt!
[21-10-2025 01:09:40]: Emre hat Emre zum Leader der Fahrschule ernannt!
[21-10-2025 01:11:11]: Emre hat Emre zum Leader der Fahrschule ernannt!
[21-10-2025 01:12:35]: Emre hat Emre zum Leader der Fahrschule ernannt!
[21-10-2025 01:14:24]: Emre hat Emre zum Leader der Fahrschule ernannt!
[21-10-2025 01:16:04]: Emre hat Emre zum Leader der Fahrschule ernannt!
[21-10-2025 01:18:48]: Emre hat Emre zum Leader der Fahrschule ernannt!
[21-10-2025 01:22:37]: Emre hat Emre zum Leader der Fahrschule ernannt!
[21-10-2025 01:23:39]: Emre hat Emre zum Leader der Fahrschule ernannt!
[21-10-2025 01:25:15]: Emre hat Emre zum Leader der Fahrschule ernannt!
[21-10-2025 01:28:13]: Emre hat Emre zum Leader der Fahrschule ernannt!
[21-10-2025 01:30:43]: Emre hat Emre zum Leader der Fahrschule ernannt!
[21-10-2025 01:32:49]: Emre hat Emre zum Leader der Fahrschule ernannt!
[21-10-2025 01:35:10]: Emre hat Emre zum Leader der Fahrschule ernannt!
[21-10-2025 01:38:24]: Emre hat Emre zum Leader der Fahrschule ernannt!
[21-10-2025 01:40:08]: Emre hat Emre zum Leader der Fahrschule ernannt!
[21-10-2025 01:46:02]: Emre hat Emre zum Leader der Fahrschule ernannt!
[21-10-2025 01:47:22]: Emre hat Emre zum Leader der Fahrschule ernannt!
[21-10-2025 01:49:59]: Emre hat Emre zum Leader der Fahrschule ernannt!
[21-10-2025 01:51:05]: Emre hat Emre zum Leader der Fahrschule ernannt!
[21-10-2025 01:53:02]: Emre hat Emre zum Leader der Fahrschule ernannt!
[21-10-2025 02:09:52]: Emre hat Emre zum Leader der Fahrschule ernannt!
[21-10-2025 02:10:32]: Emre hat Emre zum Leader der Fahrschule ernannt!
[21-10-2025 02:13:49]: Emre hat Emre zum Leader der Fahrschule ernannt!
[21-10-2025 02:14:38]: Emre hat Emre zum Leader der Fahrschule ernannt!
[21-10-2025 02:15:29]: Emre hat Emre zum Leader der Fahrschule ernannt!
[21-10-2025 02:19:21]: Emre hat Emre zum Leader der Fahrschule ernannt!
[21-10-2025 02:24:52]: Emre hat Emre zum Leader der Fahrschule ernannt!
[21-10-2025 02:26:28]: Emre hat Emre zum Leader der Fahrschule ernannt!
[21-10-2025 02:26:59]: Emre hat Emre zum Leader der Fahrschule ernannt!
[21-10-2025 02:28:38]: Emre hat Emre zum Leader der Fahrschule ernannt!
[21-10-2025 02:29:28]: Emre hat Emre zum Leader der Fahrschule ernannt!
[21-10-2025 02:30:24]: Emre hat Emre zum Leader der Fahrschule ernannt!
[21-10-2025 02:31:29]: Emre hat Emre zum Leader der Fahrschule ernannt!
[21-10-2025 02:35:06]: Emre hat Emre zum Leader der Fahrschule ernannt!
[21-10-2025 02:43:29]: Emre hat Emre zum Leader der Fahrschule ernannt!
[21-10-2025 02:50:14]: Emre hat Emre zum Leader der Fahrschule ernannt!
[21-10-2025 02:54:19]: Emre hat Emre zum Leader der Fahrschule ernannt!
[21-10-2025 02:55:56]: Emre hat EmreTest zu sich teleportiert.
[21-10-2025 23:18:50]: Emre hat Emre zum Leader der Fahrschule ernannt!
[21-10-2025 23:18:52]: Emre hat Emre zum Polizeichief ernannt!
[21-10-2025 23:18:54]: Emre hat Emre zum Don ernannt!
[21-10-2025 23:18:57]: Emre hat Emre zum Triadenboss ernannt!
[21-10-2025 23:18:59]: Emre hat Emre zum Revolutionsführer ernannt!
[21-10-2025 23:19:01]: Emre hat Emre zum Chefredakteur ernannt!
[21-10-2025 23:19:03]: Emre hat Emre zum FBI-Direktor ernannt!
[21-10-2025 23:19:05]: Emre hat Emre zum Jefa ernannt!
[21-10-2025 23:19:07]: Emre hat Emre zum Commander ernannt!
[21-10-2025 23:19:09]: Emre hat Emre zum President der AoD ernannt!
[21-10-2025 23:19:12]: Emre hat Emre zum Chefarzt der Sanitäter ernannt!
[21-10-2025 23:19:13]: Emre hat Emre zum Chef der Mechaniker ernannt!
[21-10-2025 23:19:15]: Emre hat Emre zum Banger der Ballas ernannt!
[21-10-2025 23:19:17]: Emre hat Emre zum Sweet der Grove ernannt!
[21-10-2025 23:19:18]: Emre hat Emre zum President der Anonymus ernannt!
[21-10-2025 23:19:20]: Emre hat Emre zum Leader der Fahrschule ernannt!
[21-10-2025 23:50:33]: Emre hat Emre zum Leader der Fahrschule ernannt!
[22-10-2025 00:09:17]: Emre hat Emre zu sich teleportiert.
[22-10-2025 00:09:17]: Emre hat sich zu Emre teleportiert!
[22-10-2025 00:09:18]: Emre hat sich zu Emre teleportiert!
[22-10-2025 00:09:30]: Emre hat Emre gespectet!
[22-10-2025 00:09:31]: Emre hat Emre gespectet!
[22-10-2025 00:09:32]: Emre hat Emre geskydived!
[22-10-2025 15:48:08]: Emre hat EmreTest gekickt! Grund: 
[22-10-2025 18:18:52]: Emre hat Emre zum Leader der Fahrschule ernannt!
[22-10-2025 19:25:51]: Emre hat Emre zum Polizeichief ernannt!
[22-10-2025 19:38:07]: Emre hat Emre zum Polizeichief ernannt!
[22-10-2025 19:43:23]: Emre hat Emre zum Polizeichief ernannt!
[22-10-2025 19:45:06]: Emre hat Emre zum Polizeichief ernannt!
[22-10-2025 19:47:49]: Emre hat EmreTest zu sich teleportiert.
[22-10-2025 19:49:35]: Emre hat EmreTest zu sich teleportiert.
[22-10-2025 20:08:45]: Emre hat EmreTest zu sich teleportiert.
[22-10-2025 20:13:24]: Emre hat EmreTest zu sich teleportiert.
[22-10-2025 20:19:34]: Emre hat EmreTest zu sich teleportiert.
[22-10-2025 20:22:01]: Emre hat Emre zu sich teleportiert.
[22-10-2025 20:22:05]: Emre hat EmreTest zu sich teleportiert.
[22-10-2025 20:26:31]: Emre hat EmreTest zu sich teleportiert.
[22-10-2025 20:28:55]: Emre hat EmreTest zu sich teleportiert.
[22-10-2025 20:46:51]: Emre hat EmreTest zu sich teleportiert.
[22-10-2025 20:55:39]: Emre hat EmreTest zu sich teleportiert.
[22-10-2025 20:56:01]: Emre hat EmreTest zu sich teleportiert.
[22-10-2025 21:03:20]: Emre hat EmreTest zu sich teleportiert.
[22-10-2025 21:05:53]: Emre hat EmreTest zu sich teleportiert.
[22-10-2025 21:18:33]: Emre hat EmreTest zu sich teleportiert.
[22-10-2025 21:23:06]: Emre hat EmreTest zu sich teleportiert.
[22-10-2025 21:27:46]: Emre hat EmreTest zu sich teleportiert.
[22-10-2025 21:30:02]: Emre hat EmreTest zu sich teleportiert.
[22-10-2025 21:38:13]: Emre hat EmreTest zu sich teleportiert.
[22-10-2025 21:51:09]: Emre hat Emre zum Leader der Fahrschule ernannt!
[22-10-2025 21:51:19]: Emre hat Emre zum Leader der Fahrschule ernannt!
[06-11-2025 19:33:13]: Emre hat SpookyUHD zu sich teleportiert.
[06-11-2025 19:45:15]: Emre hat SpookyUHD zu sich teleportiert.
[06-11-2025 19:49:24]: Emre hat SpookyUHD zu sich teleportiert.
[06-11-2025 19:49:48]: Emre hat den Adminrang von SpookyUHD auf 10 gesetzt.
[06-11-2025 19:55:04]: SpookyUHD hat Emre geskydived!
[06-11-2025 19:55:12]: Emre hat sich zu SpookyUHD teleportiert!
[06-11-2025 19:56:37]: Emre hat SpookyUHD zu sich teleportiert.
[06-11-2025 20:01:05]: Emre hat SpookyUHD zu sich teleportiert.
[06-11-2025 20:04:47]: Emre hat SpookyUHD zu sich teleportiert.
[06-11-2025 20:17:27]: Emre hat SpookyUHD zu sich teleportiert.
[06-11-2025 20:22:24]: Emre hat SpookyUHD zu sich teleportiert.
[06-11-2025 20:26:01]: Emre hat SpookyUHD zu sich teleportiert.
[06-11-2025 20:39:06]: Emre hat SpookyUHD zu sich teleportiert.
[06-11-2025 20:39:46]: Emre hat SpookyUHD zu sich teleportiert.
[06-11-2025 20:43:36]: Emre hat SpookyUHD zu sich teleportiert.
[06-11-2025 20:47:22]: Emre hat SpookyUHD zu sich teleportiert.
[06-11-2025 21:49:02]: Emre hat SpookyUHD zu sich teleportiert.
[06-11-2025 21:56:10]: Emre hat SpookyUHD zu sich teleportiert.
[07-11-2025 00:18:17]: Emre hat SpookyUHD zu sich teleportiert.
[07-11-2025 00:21:34]: Emre hat SpookyUHD zu sich teleportiert.
[07-11-2025 00:27:01]: Emre hat SpookyUHD zu sich teleportiert.
[07-11-2025 00:30:18]: Emre hat SpookyUHD zu sich teleportiert.
[07-11-2025 00:33:23]: Emre hat SpookyUHD zu sich teleportiert.
[07-11-2025 00:41:37]: Emre hat SpookyUHD zu sich teleportiert.
[07-11-2025 00:43:14]: Emre hat SpookyUHD zu sich teleportiert.
[07-11-2025 00:47:07]: Emre hat SpookyUHD zu sich teleportiert.
[07-11-2025 00:48:24]: Emre hat SpookyUHD zu sich teleportiert.
[07-11-2025 00:49:48]: Emre hat SpookyUHD zu sich teleportiert.
[07-11-2025 00:58:34]: Emre hat SpookyUHD zu sich teleportiert.
[07-11-2025 00:58:59]: Emre hat SpookyUHD zu sich teleportiert.
[07-11-2025 01:14:17]: Emre hat SpookyUHD zu sich teleportiert.
[07-11-2025 01:20:09]: Emre hat SpookyUHD zu sich teleportiert.
[08-11-2025 16:31:08]: Emre hat SpookyUHD zu sich teleportiert.
[08-11-2025 16:33:26]: Emre hat SpookyUHD zu sich teleportiert.
[08-11-2025 16:34:02]: Emre hat SpookyUHD zu sich teleportiert.
[08-11-2025 16:37:26]: Emre hat SpookyUHD zu sich teleportiert.
[08-11-2025 16:38:08]: Emre hat sich zu SpookyUHD teleportiert!
[08-11-2025 16:40:34]: Emre hat sich zu SpookyUHD teleportiert!
[08-11-2025 16:40:54]: Emre hat sich zu SpookyUHD teleportiert!
[08-11-2025 19:52:22]: Emre hat sich zu SpookyUHD teleportiert!
[08-11-2025 19:58:41]: Emre hat sich zu SpookyUHD teleportiert!
[17-11-2025 18:28:41]: Log: Emre hat sich 1000 € gesettet!
[06-12-2025 15:32:05]: Emre hat Emre zum President der AoD ernannt!
[06-12-2025 15:32:09]: Emre hat Emre zum Commander ernannt!
[24-07-2026 18:54:48]: PlayasEmre hat PlayasEmre in Emre umbenannt.
[26-07-2026 02:21:09]: Emre hat sich zu Emre teleportiert!
[26-07-2026 03:23:54]: Emre hat Emre zum Leader der Fahrschule ernannt!
[26-07-2026 03:24:04]: Emre hat Emre zum Polizeichief ernannt!
[28-07-2026 16:21:27]: Log: Emre hat sich 1000 € gesettet!
[28-07-2026 16:21:28]: Log: Emre hat sich 10001 € gesettet!
[28-07-2026 19:46:01]: Emre hat sich zu Hulk teleportiert!
[28-07-2026 19:52:22]: Emre hat sich zu Hulk teleportiert!
[28-07-2026 20:23:28]: Emre hat sich zu Hulk teleportiert!
[28-07-2026 21:07:16]: Emre hat sich zu Hulk teleportiert!
[01-08-2026 16:11:22]: [Web-Panel] Emre hat Emre geschrieben: hi
[02-08-2026 21:00:33]: Emre hat sich zu Hulk teleportiert!
[02-08-2026 21:03:40]: Emre hat sich zu Hulk teleportiert!
[02-08-2026 21:09:35]: Emre hat Hulk zum Chef der Mechaniker ernannt!
[02-08-2026 21:42:09]: Emre hat sich zu Hulk teleportiert!
[02-08-2026 21:55:55]: Emre hat sich zu Hulk teleportiert!
[03-08-2026 18:48:04]: Emre hat sich zu Hulk teleportiert!
[03-08-2026 18:48:13]: Emre hat sich zu James teleportiert!
[03-08-2026 19:13:18]: Emre hat sich zu James teleportiert!
[03-08-2026 19:31:45]: Emre hat sich zu Hulk teleportiert!
[03-08-2026 19:55:10]: Emre hat Emre zum Chef der Mechaniker ernannt!
[03-08-2026 20:02:57]: Emre hat sich zu Hulk teleportiert!
[03-08-2026 20:13:10]: Emre hat sich zu Hulk teleportiert!
[03-08-2026 20:14:25]: Emre hat sich zu Hulk teleportiert!
[03-08-2026 20:44:52]: Emre hat sich zu Hulk teleportiert!
[03-08-2026 20:45:01]: Emre hat sich zu Hulk teleportiert!
[03-08-2026 21:29:26]: Emre hat Emre zum Triadenboss ernannt!
[03-08-2026 21:29:30]: Emre hat Emre zum Revolutionsführer ernannt!
[03-08-2026 21:29:36]: Emre hat Emre zum FBI-Direktor ernannt!
[03-08-2026 21:29:42]: Emre hat Emre zum President der AoD ernannt!
[03-08-2026 21:40:34]: Emre hat Emre zum Triadenboss ernannt!
[03-08-2026 23:41:41]: Emre hat Emre zum Polizeichief ernannt!
[03-08-2026 23:41:51]: Emre hat Emre zum Triadenboss ernannt!
[03-08-2026 23:42:03]: Emre hat Emre zum Revolutionsführer ernannt!
[03-08-2026 23:42:08]: Emre hat Emre zum Chefredakteur ernannt!
[04-08-2026 00:27:42]: Emre hat Emre zum Leader der Fahrschule ernannt!
[04-08-2026 00:38:24]: Emre hat Emre zum Polizeichief ernannt!
[04-08-2026 00:38:33]: Emre hat Emre zum Don ernannt!
[04-08-2026 00:38:40]: Emre hat Emre zum Triadenboss ernannt!
[04-08-2026 00:38:45]: Emre hat Emre zum Revolutionsführer ernannt!
[04-08-2026 00:38:51]: Emre hat Emre zum Chefredakteur ernannt!
[04-08-2026 00:38:56]: Emre hat Emre zum FBI-Direktor ernannt!
[04-08-2026 00:39:02]: Emre hat Emre zum Jefa ernannt!
[04-08-2026 00:39:07]: Emre hat Emre zum Commander ernannt!
[04-08-2026 00:39:12]: Emre hat Emre zum President der AoD ernannt!
[04-08-2026 00:39:18]: Emre hat Emre zum Chefarzt der Sanitäter ernannt!
[04-08-2026 00:39:32]: Emre hat Emre zum Chef der Mechaniker ernannt!
[04-08-2026 00:39:48]: Emre hat Emre zum Banger der Ballas ernannt!
[04-08-2026 00:39:54]: Emre hat Emre zum Leader der Fahrschule ernannt!
[04-08-2026 00:49:19]: Emre hat Emre zum Chefarzt der Sanitäter ernannt!
[04-08-2026 00:58:18]: Emre hat Emre zum Chef der Mechaniker ernannt!
[04-08-2026 00:58:25]: Emre hat Emre zum Chef der Mechaniker ernannt!
[04-08-2026 00:58:33]: Emre hat Emre zum Chefarzt der Sanitäter ernannt!
[04-08-2026 01:00:54]: Emre hat Emre zum Leader der Fahrschule ernannt!
[04-08-2026 02:23:19]: Emre hat Emre zum Polizeichief ernannt!
[04-08-2026 03:44:31]: Emre hat Emre zum Zivilisten gemacht.
[04-08-2026 03:44:36]: Emre hat Emre zum Leader der Fahrschule ernannt!
[04-08-2026 03:46:34]: Emre hat sich zum Slot 1 von Emre geportet.
[04-08-2026 03:48:08]: Emre hat sich zum Slot 1 von Emre geportet.
[04-08-2026 03:49:28]: Emre hat sich zum Slot 1 von Emre geportet.
[04-08-2026 03:53:08]: Emre hat sich zum Slot 1 von Emre geportet.
[04-08-2026 03:55:38]: Emre hat sich zum Slot 1 von Emre geportet.
[04-08-2026 04:00:04]: Emre hat sich zum Slot 1 von Emre geportet.
[04-08-2026 04:06:39]: Emre hat sich zum Slot 1 von Emre geportet.
[04-08-2026 04:25:28]: Emre hat sich zum Slot 1 von Emre geportet.
[04-08-2026 04:29:15]: Emre hat sich zum Slot 1 von Emre geportet.
[04-08-2026 04:33:40]: Emre hat sich zum Slot 1 von Emre geportet.
[04-08-2026 04:36:50]: Emre hat sich zum Slot 1 von Emre geportet.
[04-08-2026 04:40:54]: Emre hat sich zum Slot 1 von Emre geportet.
[04-08-2026 12:54:10]: Emre hat sich zum Slot 1 von Emre geportet.
[04-08-2026 13:06:57]: Emre hat Emre in PlayasEmre umbenannt.
[04-08-2026 13:07:56]: PlayasEmre hat sich zum Slot 1 von PlayasEmre geportet.
[04-08-2026 13:11:09]: PlayasEmre hat sich zum Slot 1 von PlayasEmre geportet.
[04-08-2026 13:37:37]: PlayasEmre hat PlayasEmre zum Chefarzt der Sanitäter ernannt!
[04-08-2026 13:40:44]: PlayasEmre hat PlayasEmre in Emre umbenannt.
[04-08-2026 16:59:20]: Emre hat sich zu James teleportiert!
[04-08-2026 16:59:34]: Emre hat Emre zum Leader der Fahrschule ernannt!
[04-08-2026 17:01:38]: Emre hat Emre zum Polizeichief ernannt!
[04-08-2026 17:01:48]: Emre hat Emre zum Leader der Fahrschule ernannt!
[04-08-2026 17:34:30]: Emre hat Emre zum Chefarzt der Sanitäter ernannt!
[04-08-2026 17:41:09]: Emre hat James zu sich teleportiert.
[04-08-2026 17:43:12]: Emre hat James zu sich teleportiert.
[04-08-2026 17:46:49]: Emre hat James zu sich teleportiert.
[04-08-2026 17:47:47]: Emre hat James zu sich teleportiert.
[04-08-2026 18:21:56]: Emre hat Hulk zu sich teleportiert.
[04-08-2026 18:22:57]: Emre hat Hulk zu sich teleportiert.
[04-08-2026 18:23:27]: Emre hat Hulk zu sich teleportiert.
[04-08-2026 18:24:38]: Emre hat Hulk zu sich teleportiert.
[04-08-2026 18:27:39]: Emre hat Hulk zu sich teleportiert.
[04-08-2026 18:28:21]: Emre hat Hulk zu sich teleportiert.
[04-08-2026 18:28:36]: Emre hat Hulk zu sich teleportiert.
[04-08-2026 18:29:30]: Emre hat Hulk zu sich teleportiert.
[04-08-2026 18:30:03]: Emre hat Hulk zu sich teleportiert.
[04-08-2026 18:30:12]: Emre hat Hulk zum Chefarzt der Sanitäter ernannt!
[04-08-2026 18:30:44]: Emre hat Emre zum Leader der Fahrschule ernannt!
[04-08-2026 18:31:02]: Emre hat Hulk zu sich teleportiert.
[04-08-2026 18:31:44]: Emre hat sich zu Hulk teleportiert!
[04-08-2026 18:35:52]: Emre hat Emre zum Chefarzt der Sanitäter ernannt!
[04-08-2026 18:36:07]: Emre hat Hulk zu sich teleportiert.
[04-08-2026 18:36:16]: Emre hat Hulk zum Chefarzt der Sanitäter ernannt!
[04-08-2026 18:40:26]: Emre hat Hulk zu sich teleportiert.
[04-08-2026 18:44:12]: Emre hat Hulk zu sich teleportiert.
[04-08-2026 18:46:02]: Emre hat Hulk zu sich teleportiert.
[04-08-2026 18:49:45]: Emre hat Hulk zu sich teleportiert.
[04-08-2026 18:57:22]: Emre hat Hulk zu sich teleportiert.
[04-08-2026 19:04:46]: Emre hat Hulk zu sich teleportiert.
[04-08-2026 19:05:59]: Emre hat Hulk zu sich teleportiert.
[04-08-2026 19:10:24]: Emre hat Hulk zu sich teleportiert.
[04-08-2026 19:18:32]: Emre hat Hulk zu sich teleportiert.
[04-08-2026 19:24:34]: Emre hat Hulk zu sich teleportiert.
[04-08-2026 19:29:58]: Emre hat Hulk zu sich teleportiert.
[04-08-2026 19:32:34]: Emre hat Hulk zu sich teleportiert.
[04-08-2026 19:47:39]: Emre hat Hulk zu sich teleportiert.
[04-08-2026 19:48:30]: Emre hat Hulk zu sich teleportiert.
[04-08-2026 19:54:53]: Emre hat Hulk zu sich teleportiert.
[04-08-2026 19:58:12]: Emre hat Hulk zu sich teleportiert.
[04-08-2026 20:02:51]: Emre hat Hulk zu sich teleportiert.
[04-08-2026 20:08:59]: Emre hat Hulk zu sich teleportiert.
[04-08-2026 20:09:16]: Emre hat Hulk zu sich teleportiert.
[04-08-2026 20:18:52]: Emre hat Hulk zu sich teleportiert.
[04-08-2026 20:18:60]: Emre hat Hulk zu sich teleportiert.
[04-08-2026 20:21:17]: Emre hat Hulk zu sich teleportiert.
[04-08-2026 20:27:11]: Emre hat Hulk zu sich teleportiert.
[04-08-2026 20:27:17]: Emre hat sich zum Slot 1 von Emre geportet.
[04-08-2026 20:27:22]: Emre hat Hulk zu sich teleportiert.
[04-08-2026 20:29:48]: Emre hat den Slot 1 von Hulk zu sich geportet.
[04-08-2026 20:38:29]: Emre hat sich zu Hulk teleportiert!
[04-08-2026 20:39:21]: Emre hat Hulk zum Chef der Mechaniker ernannt!
[04-08-2026 20:45:29]: Emre hat sich zu Hulk teleportiert!
[04-08-2026 21:10:26]: Emre hat Hulk zu sich teleportiert.
[04-08-2026 21:10:32]: Emre hat Hulk zum Chefarzt der Sanitäter ernannt!
[04-08-2026 21:12:59]: Emre hat Emre zum Chefarzt der Sanitäter ernannt!
[04-08-2026 21:18:25]: Emre hat sich zu Hulk teleportiert!
[04-08-2026 21:19:44]: Emre hat Emre zum Chef der Mechaniker ernannt!
[04-08-2026 21:28:32]: Emre hat sich zu Hulk teleportiert!
[04-08-2026 21:28:46]: Emre hat den Slot 1 von Emre zu sich geportet.
[04-08-2026 21:29:40]: Emre hat Hulk zum Chef der Mechaniker ernannt!
[04-08-2026 21:35:52]: Emre hat sich zu Hulk teleportiert!
[04-08-2026 21:35:58]: Emre hat den Slot 1 von Emre zu sich geportet.
[04-08-2026 21:38:11]: Emre hat den Slot 1 von Emre zu sich geportet.
[04-08-2026 21:44:01]: Emre hat sich zu Hulk teleportiert!
[04-08-2026 21:45:58]: Emre hat den Slot 1 von Hulk zu sich geportet.
[04-08-2026 21:47:26]: Emre hat den Slot 1 von Hulk zu sich geportet.
[04-08-2026 21:49:09]: Emre hat sich zu Hulk teleportiert!
[04-08-2026 21:57:10]: Emre hat Emre zum Leader der Fahrschule ernannt!
[04-08-2026 22:01:17]: [Web-Panel] Screenshot von Hulk erstellt.
[04-08-2026 22:01:39]: [Web-Panel] Screenshot von Hulk erstellt.
[04-08-2026 22:01:53]: [Web-Panel] Screenshot von Hulk erstellt.
[05-08-2026 00:32:31]: Emre hat sich zum Slot 1 von Emre geportet.
[05-08-2026 00:37:21]: Emre hat sich zum Slot 1 von Emre geportet.
[05-08-2026 13:00:38]: Emre hat Emre zum Leader der Fahrschule ernannt!
[05-08-2026 14:22:04]: Emre hat sich zu James teleportiert!
[05-08-2026 14:22:11]: Emre hat sich zu James teleportiert!
[05-08-2026 14:30:35]: Emre hat James zum President der AoD ernannt!
[05-08-2026 18:23:57]: Emre hat Emre zum Leader der Fahrschule ernannt!
[05-08-2026 18:46:60]: Emre hat sich zu Hulk teleportiert!
[05-08-2026 18:48:12]: Emre hat sich zu Hulk teleportiert!
[05-08-2026 18:50:46]: Emre hat sich zu Hulk teleportiert!
[05-08-2026 18:51:15]: Emre hat sich zu Hulk teleportiert!
[05-08-2026 18:56:07]: Emre hat Emre zum Chefarzt der Sanitäter ernannt!
[05-08-2026 19:00:52]: Emre hat Hulk zu sich teleportiert.
[05-08-2026 19:02:29]: Emre hat sich zu Hulk teleportiert!
[05-08-2026 19:19:51]: Emre hat sich zu Hulk teleportiert!
[05-08-2026 19:24:35]: Emre hat sich zu Hulk teleportiert!
[05-08-2026 19:25:07]: Emre hat Hulk zum Chefarzt der Sanitäter ernannt!
[05-08-2026 19:30:03]: Emre hat Hulk zum Chef der Mechaniker ernannt!
[05-08-2026 19:30:07]: Emre hat Emre zum Leader der Fahrschule ernannt!
[05-08-2026 19:31:20]: Emre hat sich zu Hulk teleportiert!
[05-08-2026 19:39:41]: Emre hat sich zu Hulk teleportiert!
[05-08-2026 19:39:48]: Emre hat den Slot 1 von Emre zu sich geportet.
[05-08-2026 19:43:06]: Emre hat Emre zum Chefarzt der Sanitäter ernannt!
[05-08-2026 19:43:56]: Emre hat sich zu Hulk teleportiert!
[05-08-2026 19:44:54]: Emre hat Hulk zu sich teleportiert.
[05-08-2026 19:45:16]: Emre hat sich zu Hulk teleportiert!
[05-08-2026 19:52:08]: Emre hat sich zu Hulk teleportiert!
[05-08-2026 20:18:21]: Emre hat sich zu Hulk teleportiert!
[05-08-2026 20:18:33]: Emre hat sich zu Hulk teleportiert!
[05-08-2026 20:18:51]: Emre hat sich zu Hulk teleportiert!
[05-08-2026 20:18:54]: Emre hat sich zu Hulk teleportiert!
[05-08-2026 20:19:54]: Emre hat sich zu Hulk teleportiert!
[05-08-2026 20:42:14]: Emre hat sich zu Hulk teleportiert!
[05-08-2026 20:42:41]: Emre hat Hulk zu sich teleportiert.
[05-08-2026 20:42:55]: Emre hat Hulk zu sich teleportiert.
[05-08-2026 20:43:11]: Emre hat Hulk zu sich teleportiert.
[05-08-2026 20:54:08]: Emre hat den Slot 1 von Emre zu sich geportet.
[05-08-2026 21:10:17]: Emre hat sich zu Hulk teleportiert!
[05-08-2026 21:10:23]: Emre hat den Slot 1 von Emre zu sich geportet.
[05-08-2026 21:14:06]: Emre hat sich zu Hulk teleportiert!
[05-08-2026 21:15:22]: Emre hat sich zu Hulk teleportiert!
[05-08-2026 21:16:37]: Emre hat Hulk zum Chefarzt der Sanitäter ernannt!
[05-08-2026 21:26:37]: Emre hat sich zu Hulk teleportiert!
[05-08-2026 21:27:11]: Emre hat Hulk zu sich teleportiert.
[05-08-2026 21:32:13]: Emre hat Hulk zu sich teleportiert.
[05-08-2026 21:36:28]: Emre hat Hulk zu sich teleportiert.
[05-08-2026 21:40:37]: Emre hat Hulk zu sich teleportiert.
[05-08-2026 21:47:22]: Emre hat Hulk zu sich teleportiert.
[05-08-2026 21:52:17]: Emre hat sich zu Hulk teleportiert!
[05-08-2026 21:53:11]: Emre hat Hulk zu sich teleportiert.
[05-08-2026 22:01:32]: Emre hat den Adminrang von Hulk auf 5 gesetzt.
[05-08-2026 22:01:39]: Emre hat den Adminrang von Hulk auf 4 gesetzt.
[05-08-2026 22:01:48]: Emre hat den Adminrang von Hulk auf 3 gesetzt.
[05-08-2026 22:06:10]: Hulk hat den Slot 1 von Hulk zu sich geportet.
[05-08-2026 22:47:10]: Hulk hat sich zum Slot 1 von Hulk geportet.
[05-08-2026 22:49:59]: Emre hat Emre zum Leader der Fahrschule ernannt!
[05-08-2026 22:50:04]: Emre hat Hulk zum Chef der Mechaniker ernannt!
[05-08-2026 23:08:26]: Emre hat den Slot 1 von Emre zu sich geportet.
[05-08-2026 23:08:37]: Emre hat den Slot 1 von Emre zu sich geportet.
[05-08-2026 23:12:08]: Emre hat sich zu Hulk teleportiert!
[05-08-2026 23:32:29]: Hulk hat den Slot 1 von Hulk zu sich geportet.
[05-08-2026 23:32:45]: Hulk hat den Slot 1 von Hulk zu sich geportet.
[05-08-2026 23:33:15]: Hulk hat sich zum Slot 2 von Hulk geportet.
[05-08-2026 23:33:20]: Hulk hat sich zum Slot 2 von Hulk geportet.
[05-08-2026 23:33:23]: Hulk hat sich zum Slot 2 von Hulk geportet.
[05-08-2026 23:33:46]: Hulk hat den Slot 1 von Hulk zu sich geportet.
[05-08-2026 23:49:53]: Hulk hat sich zum Slot 1 von Hulk geportet.
[06-08-2026 00:02:41]: Emre hat sich zum Slot 1 von Emre geportet.
[06-08-2026 18:42:59]: Hulk hat ein Auto upgegradet!
[06-08-2026 18:43:03]: Hulk hat ein Auto upgegradet!
[06-08-2026 18:43:23]: Hulk hat ein Auto upgegradet!
[06-08-2026 18:43:33]: Hulk hat ein Auto upgegradet!
[06-08-2026 18:53:12]: Hulk hat Hulk zum Banger der Ballas ernannt!
[06-08-2026 19:39:10]: Hulk hat den Slot 2 von Hulk zu sich geportet.
[06-08-2026 19:48:57]: Hulk hat Hulk zum Chef der Mechaniker ernannt!
[06-08-2026 20:09:18]: Hulk hat Hulk zum Banger der Ballas ernannt!
[06-08-2026 20:12:16]: Hulk hat Hulk zum Chef der Mechaniker ernannt!
[06-08-2026 20:51:07]: Hulk hat Hulk zum Banger der Ballas ernannt!
[06-08-2026 21:05:51]: Hulk hat den Slot 2 von Hulk zu sich geportet.
[06-08-2026 21:24:43]: Hulk hat Hulk zum Chef der Mechaniker ernannt!
[14-08-2026 20:06:51]: Emre hat sich zu SpookyUHD teleportiert!
[14-08-2026 20:08:23]: Emre hat sich zu SpookyUHD teleportiert!
[14-08-2026 20:08:36]: Emre hat sich zu SpookyUHD teleportiert!
[14-08-2026 22:58:55]: Emre hat Emre gespectet!
[14-08-2026 22:58:57]: Emre hat Emre gespectet!
[15-08-2026 23:12:50]: Emre hat sich zu Hulk teleportiert!
[15-08-2026 23:18:59]: Emre hat sich zu Hulk teleportiert!
[15-08-2026 23:20:38]: Emre hat sich zu Hulk teleportiert!
[15-08-2026 23:22:03]: Emre hat sich zu Hulk teleportiert!
[16-08-2026 00:04:31]: Emre hat Hulk zu sich teleportiert.
[16-08-2026 00:12:29]: Emre hat Hulk zu sich teleportiert.
[16-08-2026 00:16:06]: Emre hat Hulk zu sich teleportiert.
[16-08-2026 01:05:32]: Emre hat SpookyUHD zu sich teleportiert.
[16-08-2026 01:05:54]: Emre hat SpookyUHD zu sich teleportiert.
[16-08-2026 01:20:55]: Emre hat den Slot 1 von SpookyUHD zu sich geportet.
[16-08-2026 01:23:40]: Emre hat den Slot 1 von SpookyUHD zu sich geportet.
[16-08-2026 01:30:18]: Emre hat SpookyUHD zu sich teleportiert.
[16-08-2026 01:30:28]: Emre hat SpookyUHD zu sich teleportiert.
[16-08-2026 01:30:39]: Emre hat SpookyUHD zu sich teleportiert.
[16-08-2026 01:31:26]: Emre hat SpookyUHD zu sich teleportiert.
[16-08-2026 01:37:23]: Emre hat den Adminrang von SpookyUHD auf 5 gesetzt.
[16-08-2026 01:40:04]: Emre hat SpookyUHD zu sich teleportiert.
[16-08-2026 01:40:10]: Emre hat SpookyUHD zu sich teleportiert.
[16-08-2026 01:40:37]: Emre hat SpookyUHD zu sich teleportiert.
[16-08-2026 01:45:54]: Emre hat SpookyUHD zu sich teleportiert.
[16-08-2026 01:47:05]: Emre hat Striker zu sich teleportiert.
[16-08-2026 01:49:13]: Emre hat Striker zu sich teleportiert.
[16-08-2026 01:50:33]: Emre hat sich zu Striker teleportiert!
[16-08-2026 01:50:44]: Emre hat sich zu Striker teleportiert!
[16-08-2026 02:09:10]: Emre hat sich zu Striker teleportiert!
[18-08-2026 21:41:14]: Emre hat Emre zum Polizeichief ernannt!
[18-08-2026 21:45:53]: Emre hat Emre zum Revolutionsführer ernannt!
[18-08-2026 21:48:28]: Emre hat Emre zum FBI-Direktor ernannt!
[18-08-2026 22:03:14]: Emre hat Emre zum FBI-Direktor ernannt!
[18-08-2026 22:03:19]: Emre hat Emre zum Polizeichief ernannt!
[18-08-2026 22:03:29]: Emre hat Emre zum Commander ernannt!
[20-08-2026 01:34:12]: Emre hat den Slot 1 von Emre zu sich geportet.
[26-08-2026 18:13:59]: Emre hat Emre gekickt! Grund: 
[26-08-2026 18:14:01]: Emre hat Emre gebannt! (Grund: )
[26-08-2026 18:15:17]: Emre hat Emre gekickt! Grund: 
[26-08-2026 18:21:26]: Emre hat Emre gekickt! Grund: 
[26-08-2026 18:21:28]: Emre hat Emre gekickt! Grund: 
[27-08-2026 18:52:15]: Emre hat den Slot 1 von Emre zu sich geportet.
[27-08-2026 22:54:45]: Emre hat Emre zum Don ernannt!
[27-08-2026 22:54:53]: Emre hat Emre zum Triadenboss ernannt!
[30-08-2026 03:23:58]: Emre hat Emre zum Leader der Fahrschule ernannt!
[30-08-2026 03:24:04]: Emre hat Emre zum President der Anonymus ernannt!
[30-08-2026 03:51:22]: Emre hat Emre zum Polizeichief ernannt!
[30-08-2026 03:51:39]: Emre hat Emre zum President der Anonymus ernannt!
[30-08-2026 03:53:21]: Emre hat Emre zum Polizeichief ernannt!
[30-08-2026 04:05:18]: Emre hat Emre zum President der Anonymus ernannt!
[30-08-2026 04:38:38]: Emre hat Emre zum Polizeichief ernannt!
[30-08-2026 04:39:13]: Emre hat Emre zum President der Anonymus ernannt!
[30-08-2026 04:58:56]: Emre hat Emre zum Zivilisten gemacht.
[30-08-2026 05:42:33]: Emre hat sich per Kartenklick nach -2109, -18 teleportiert.
[30-08-2026 05:42:46]: Emre hat sich per Kartenklick nach -1912, 291 teleportiert.
[30-08-2026 23:05:60]: Emre hat Emre zum Polizeichief ernannt!
[31-08-2026 23:12:59]: Emre hat den Slot 1 von Emre zu sich geportet.
[31-08-2026 23:40:34]: Emre hat sich per Kartenklick nach -1869, 248 teleportiert.
[31-08-2026 23:47:29]: Emre hat den Slot 1 von Emre zu sich geportet.
[01-09-2026 22:53:51]: Emre hat Emre zum Don ernannt!
[01-09-2026 23:15:12]: Emre hat Emres Rang auf 4 gesetzt!
[01-09-2026 23:15:28]: Emre hat Emres Rang auf 3 gesetzt!
[01-09-2026 23:15:36]: Emre hat Emres Rang auf 2 gesetzt!
[01-09-2026 23:24:26]: Emre hat sich nach -50.05, 1405.45, 1084.43 (int 1, dim 0) teleportiert!
[01-09-2026 23:24:36]: Emre hat sich nach -50.05, 1405.45, 1084.43 (int 8, dim 0) teleportiert!
[01-09-2026 23:25:26]: Emre hat Emre zum Triadenboss ernannt!
[01-09-2026 23:25:50]: Emre hat sich nach -2186.94, 698.59, 53.92 (int 8, dim 0) teleportiert!
[01-09-2026 23:25:59]: Emre hat sich nach -2186.94, 698.59, 53.92 (int 8, dim 0) teleportiert!
[01-09-2026 23:26:01]: Emre hat sich nach -2186.94, 698.59, 53.92 (int 8, dim 0) teleportiert!
[01-09-2026 23:26:03]: Emre hat sich nach -2186.94, 698.59, 53.92 (int 1, dim 0) teleportiert!
[01-09-2026 23:26:25]: Emre hat sich nach 1909.18, 1016.09, 9.82 (int 1, dim 0) teleportiert!
[01-09-2026 23:27:42]: Emre hat Emre zum Revolutionsführer ernannt!
[01-09-2026 23:54:31]: Emre hat Emres Rang auf 6 gesetzt!
[01-09-2026 23:54:53]: Emre hat Emres Rang auf 4 gesetzt!
[01-09-2026 23:55:05]: Emre hat Emres Rang auf 3 gesetzt!
[01-09-2026 23:55:22]: Emre hat Emres Rang auf 2 gesetzt!
[02-09-2026 00:03:03]: Emre hat Emres Rang auf 3 gesetzt!
[02-09-2026 00:03:27]: Emre hat Emres Rang auf 4 gesetzt!
[02-09-2026 00:16:35]: Emre hat Emres Rang auf 5 gesetzt!
[02-09-2026 00:17:03]: Emre hat Emre zum FBI-Direktor ernannt!
[02-09-2026 00:45:01]: Emre hat sich nach 253.50, 70.98, 1003.64 (int 0, dim 0) teleportiert!
[02-09-2026 00:45:03]: Emre hat sich nach 253.50, 70.98, 1003.64 (int 6, dim 0) teleportiert!
[02-09-2026 02:37:24]: Emre hat Emre zum Polizeichief ernannt!
[02-09-2026 02:38:19]: Emre hat Emre zum President der AoD ernannt!
[02-09-2026 02:38:25]: Emre hat Emre zum Commander ernannt!
[02-09-2026 02:47:20]: Emre hat sich nach -1327.78, 488.81, 11.20 (int 0, dim 0) teleportiert!
[02-09-2026 02:47:22]: Emre hat sich nach -1327.78, 488.81, 11.20 (int 0, dim 0) teleportiert!
[02-09-2026 02:59:28]: Emre hat Emre zum Commander ernannt!
[02-09-2026 03:08:03]: Emre hat Emre zum Polizeichief ernannt!
[02-09-2026 03:09:29]: Emre hat Emre zum Commander ernannt!
[02-09-2026 03:09:36]: Emre hat Emre zum President der AoD ernannt!
[02-09-2026 03:10:18]: Emre hat Emre zum Chefarzt der Sanitäter ernannt!
[02-09-2026 03:10:22]: Emre hat Emre zum Chef der Mechaniker ernannt!
[02-09-2026 03:10:26]: Emre hat Emre zum Banger der Ballas ernannt!
[02-09-2026 03:11:10]: Emre hat Emre zum Sweet der Grove ernannt!
[02-09-2026 03:11:53]: Emre hat Emre zum President der Anonymus ernannt!
[02-09-2026 06:20:38]: Emre hat Emre zum Revolutionsführer ernannt!
[02-09-2026 06:21:23]: Emre hat Emre zum President der Anonymus ernannt!
[02-09-2026 06:36:35]: Emre hat den Slot 1 von Emre zu sich geportet.
[02-09-2026 06:53:20]: Emre hat den Slot 1 von Emre zu sich geportet.
[02-09-2026 06:59:10]: Emre hat den Slot 1 von Emre zu sich geportet.
[02-09-2026 07:02:33]: Emre hat den Slot 1 von Emre zu sich geportet.
[02-09-2026 07:04:28]: Emre hat den Slot 1 von Emre zu sich geportet.
[02-09-2026 07:07:26]: Emre hat den Slot 1 von Emre zu sich geportet.
[02-09-2026 07:11:55]: Emre hat den Slot 1 von Emre zu sich geportet.
[02-09-2026 18:58:31]: Emre hat sich nach -1978.70, 152.80, 27.69 (int 0, dim 0) teleportiert!
[02-09-2026 22:12:54]: Emre hat sich nach -1978.70, 152.80, 27.69 (int 0, dim 0) teleportiert!
[03-09-2026 14:15:48]: Emre hat 1 Beta-Code(s) erstellt: J4USEJ9X
[03-09-2026 14:15:54]: Emre hat 20 Beta-Code(s) erstellt: XG8WWC7B, 5YMVTDNG, LZTGKLYB, YEDHUZ68, QWGU3TX6, TMYSUJ9V, LVE7Q6JK, PZH8VQG5, A95T5PE4, 2XCFWNGB, SKHXF69V, Q8ELXE46, 74V6AJ44, 9V477HKB, QPBA5LCQ, WPHPZPKY, X8HS7Q25, SRMYAHEH, S96FNASM, ZAB6CV45
[03-09-2026 14:15:57]: Emre hat 10 Beta-Code(s) erstellt: VQX2TG27, T4K57UJH, CGLZ8R42, Q8J7N5KC, AZ9WNPFB, KPQNDM52, NWB8FCKL, NYZH2BG9, FPRUH4CL, ZQX2KL3Q
[03-09-2026 14:15:59]: Emre hat 1 Beta-Code(s) erstellt: TBAQC36Z
[03-09-2026 14:35:15]: Emre hat 1 Beta-Code(s) erstellt: ZAR7CWDK
[03-09-2026 14:35:49]: Emre hat Emre per /beta revoke den Beta-Zugang entzogen ( Serial 5902B1F77F6A4625C7E935798BD77694 )
[03-09-2026 14:37:26]: Emre hat 1 Beta-Code(s) erstellt: HB9Q3ZT6
[03-09-2026 14:55:02]: Emre hat 1 Beta-Code(s) erstellt: BPSM8XDM
[03-09-2026 14:55:03]: Emre hat 1 Beta-Code(s) erstellt: KKVKYM9C
[03-09-2026 14:55:05]: Emre hat 1 Beta-Code(s) erstellt: 8SGFYHRF
[03-09-2026 15:16:57]: Emre hat 1 Beta-Code(s) erstellt: N2NJJLPZ
[03-09-2026 15:35:54]: Emre hat 1 Beta-Code(s) erstellt: ZTH9N229
[03-09-2026 16:00:27]: [Web-Panel] Emre hat per Web-Panel den Beta-Code AUG3URM6 erstellt.
[03-09-2026 16:00:31]: [Web-Panel] Emre hat per Web-Panel den Beta-Code AUG3URM6 erstellt.
[03-09-2026 16:01:24]: [Web-Panel] Emre hat per Web-Panel den Beta-Code AUG3URM6 erstellt.
[03-09-2026 16:01:34]: [Web-Panel] Emre hat per Web-Panel den Beta-Code AUG3URM6 erstellt.
[03-09-2026 16:14:25]: [Web-Panel] Emre hat per Web-Panel den Beta-Code AUG3URM6 erstellt.
[03-09-2026 16:14:27]: [Web-Panel] Emre hat per Web-Panel den Beta-Code AUG3URM6 erstellt.
[03-09-2026 16:14:28]: [Web-Panel] Emre hat per Web-Panel den Beta-Code AUG3URM6 erstellt.
[03-09-2026 16:14:28]: [Web-Panel] Emre hat per Web-Panel den Beta-Code 4ZF5YSKA erstellt.
[03-09-2026 16:14:29]: [Web-Panel] Emre hat per Web-Panel den Beta-Code 4ZF5YSKA erstellt.
[03-09-2026 16:14:31]: [Web-Panel] Emre hat per Web-Panel den Beta-Code CMEF9QDA erstellt.
[03-09-2026 16:14:34]: [Web-Panel] Emre hat per Web-Panel den Beta-Code AUG3URM6 erstellt.
[03-09-2026 16:14:36]: [Web-Panel] Emre hat per Web-Panel den Beta-Code CMEF9QDA erstellt.
[03-09-2026 16:14:37]: [Web-Panel] Emre hat per Web-Panel den Beta-Code 4ZF5YSKA erstellt.
[03-09-2026 16:14:39]: [Web-Panel] Emre hat per Web-Panel den Beta-Code 4ZF5YSKA erstellt.
[03-09-2026 16:14:43]: [Web-Panel] Emre hat per Web-Panel den Beta-Code CMEF9QDA erstellt.
[03-09-2026 16:14:44]: [Web-Panel] Emre hat per Web-Panel den Beta-Code ANTUVVFX erstellt.
[03-09-2026 16:14:44]: [Web-Panel] Emre hat per Web-Panel den Beta-Code ANTUVVFX erstellt.
[03-09-2026 17:38:23]: Emre hat 10 Beta-Code(s) erstellt: AFY54GAK, PLLF4EKZ, YH34GLXY, BWV2BCYT, RKW4C57X, TE3CHZWQ, TEUUFUV3, ZUHVGSEP, VCS7DR7W, MJ6JCCP9
[03-09-2026 17:38:38]: Emre hat 1 Beta-Code(s) erstellt: BUEY32UP
[03-09-2026 17:43:23]: Emre hat 1 Beta-Code(s) erstellt: S93WRK7A
[03-09-2026 18:39:43]: Emre hat sich nach -2045.62, 214.15, 35.83 (int 0, dim 0) teleportiert!
[03-09-2026 18:50:03]: Emre hat sich nach -2045.62, 214.15, 35.83 (int 0, dim 0) teleportiert!
[03-09-2026 18:50:04]: Emre hat sich nach -2045.62, 214.15, 35.83 (int 0, dim 0) teleportiert!
[03-09-2026 21:19:23]: Emre hat sich nach 2300.60, 2356.80, 20.00 (int 0, dim 0) teleportiert!
[03-09-2026 22:11:43]: Emre hat sich nach -2120.40, -2420.00, 40.00 (int 0, dim 0) teleportiert!
[03-09-2026 22:11:54]: Emre hat sich nach -2120.40, -2420.00, 40.00 (int 0, dim 0) teleportiert!
[03-09-2026 22:11:57]: Emre hat sich nach -2120.40, -2420.00, 40.00 (int 0, dim 0) teleportiert!
[03-09-2026 22:11:60]: Emre hat sich nach -2120.40, -2420.00, 40.00 (int 0, dim 0) teleportiert!
[03-09-2026 22:12:03]: Emre hat sich nach -2120.40, -2420.00, 40.00 (int 0, dim 0) teleportiert!
[03-09-2026 22:12:04]: Emre hat sich nach -2120.40, -2420.00, 40.00 (int 0, dim 0) teleportiert!
[03-09-2026 22:12:05]: Emre hat sich nach -2120.40, -2420.00, 40.00 (int 0, dim 0) teleportiert!
[03-09-2026 22:12:05]: Emre hat sich nach -2120.40, -2420.00, 40.00 (int 0, dim 0) teleportiert!
[03-09-2026 22:12:06]: Emre hat sich nach -2120.40, -2420.00, 40.00 (int 0, dim 0) teleportiert!
[03-09-2026 22:12:06]: Emre hat sich nach -2120.40, -2420.00, 40.00 (int 0, dim 0) teleportiert!
[03-09-2026 22:12:07]: Emre hat sich nach -2120.40, -2420.00, 40.00 (int 0, dim 0) teleportiert!
[03-09-2026 22:17:54]: Emre hat sich nach -2120.40, -2420.00, 40.00 (int 0, dim 0) teleportiert!
[05-09-2026 01:03:36]: Emre hat sich nach -2760.00, 410.00, 10.00 (int 0, dim 0) teleportiert!
[06-09-2026 12:45:55]: Emre hat sich zu Emre teleportiert!
[06-09-2026 12:45:56]: Emre hat sich zu Emre teleportiert!
[06-09-2026 12:45:57]: Emre hat sich zu Emre teleportiert!
[06-09-2026 12:45:57]: Emre hat Emre zu sich teleportiert.
[06-09-2026 12:45:58]: Emre hat Emre zu sich teleportiert.
[06-09-2026 12:45:58]: Emre hat Emre zu sich teleportiert.
[06-09-2026 12:45:58]: Emre hat Emre zu sich teleportiert.
[06-09-2026 12:45:58]: Emre hat Emre zu sich teleportiert.
[06-09-2026 12:45:58]: Emre hat Emre zu sich teleportiert.
[06-09-2026 12:45:59]: Emre hat Emre zu sich teleportiert.
[06-09-2026 12:45:59]: Emre hat Emre zu sich teleportiert.
[06-09-2026 12:46:03]: Emre hat Emre geskydived!
[06-09-2026 12:49:48]: Emre hat 1 Beta-Code(s) erstellt: 48V9BU5N
[06-09-2026 20:34:05]: Emre hat Emre zum Leader der Fahrschule ernannt!
[06-09-2026 20:36:02]: Emre hat sich zu Emre teleportiert!
[06-09-2026 22:31:19]: Emre hat Emre zum Polizeichief ernannt!
[06-09-2026 22:42:14]: Emre hat den Slot 1 von Emre zu sich geportet.
[06-09-2026 22:48:30]: Emre hat den Slot 1 von Emre zu sich geportet.
[06-09-2026 22:53:22]: Emre hat den Slot 1 von Emre zu sich geportet.
[06-09-2026 22:53:42]: Emre hat den Slot 1 von Emre zu sich geportet.
[06-09-2026 22:56:56]: Emre hat den Slot 1 von Emre zu sich geportet.
[06-09-2026 23:03:32]: Emre hat Emre zu sich teleportiert.
[06-09-2026 23:03:36]: Emre hat den Slot 1 von Emre zu sich geportet.
[06-09-2026 23:38:37]: Emre hat den Slot 1 von Emre zu sich geportet.
[07-09-2026 00:47:12]: Emre hat sich nach -2760.00, 410.00, 10.00 (int 0, dim 0) teleportiert!
[07-09-2026 00:47:16]: Emre hat sich nach -1277.44, 58.07, 70.60 (int 0, dim 0) teleportiert!
[07-09-2026 01:16:22]: Emre hat 1 Beta-Code(s) erstellt: XHAMGP2A
[12-09-2026 18:27:46]: Emre hat sich per Kartenklick nach -1483, -360 teleportiert.
[12-09-2026 18:27:56]: Emre hat sich per Kartenklick nach -2015, 214 teleportiert.
[13-09-2026 17:20:40]: Emre hat Emre zum Leader der Fahrschule ernannt!
[13-09-2026 20:21:39]: Emre hat sich nach -2207.50, 1053.00, 79.10 (int 0, dim 0) teleportiert!
[13-09-2026 20:22:03]: Emre hat Emre zum President der Anonymus ernannt!
[13-09-2026 20:25:49]: Emre hat sich nach 2772.87, -2461.78, 12.63 (int 0, dim 0) teleportiert!
[13-09-2026 20:27:22]: Emre hat sich nach -2162.70, 1019.80, 81.60 (int 0, dim 0) teleportiert!
[13-09-2026 20:39:48]: Emre hat Emre zum Polizeichief ernannt!
[13-09-2026 20:46:39]: Emre hat Emre zum President der Anonymus ernannt!
[13-09-2026 20:48:10]: Emre hat Emre zum Revolutionsführer ernannt!
[13-09-2026 21:02:57]: Emre hat Emre zum President der Anonymus ernannt!
[13-09-2026 21:44:04]: Emre hat Emre zum Commander ernannt!
[13-09-2026 21:44:10]: Emre hat Emre zum Banger der Ballas ernannt!
[13-09-2026 21:45:17]: Emre hat sich nach -2162.70, 1019.80, 81.60 (int 0, dim 0) teleportiert!
[13-09-2026 21:45:22]: Emre hat sich nach -2162.70, 1019.80, 81.60 (int 0, dim 0) teleportiert!
[13-09-2026 21:45:23]: Emre hat sich nach -2162.70, 1019.80, 81.60 (int 0, dim 0) teleportiert!
[13-09-2026 21:45:24]: Emre hat sich nach -2162.70, 1019.80, 81.60 (int 0, dim 0) teleportiert!
[13-09-2026 21:45:24]: Emre hat sich nach -2162.70, 1019.80, 81.60 (int 0, dim 0) teleportiert!
[13-09-2026 21:45:25]: Emre hat sich nach -2162.70, 1019.80, 81.60 (int 0, dim 0) teleportiert!
[13-09-2026 21:45:26]: Emre hat sich nach -2162.70, 1019.80, 81.60 (int 0, dim 0) teleportiert!
[13-09-2026 21:45:26]: Emre hat sich nach -2162.70, 1019.80, 81.60 (int 0, dim 0) teleportiert!
[13-09-2026 21:45:39]: Emre hat sich nach 2772.87, -2461.78, 12.63 (int 0, dim 0) teleportiert!
[13-09-2026 21:46:10]: Emre hat sich nach -2452.00, -92.00, 28.00 (int 0, dim 0) teleportiert!
[13-09-2026 21:47:03]: Emre hat sich nach -2173.77, 40.78, 35.32 (int 0, dim 0) teleportiert!
[13-09-2026 21:47:06]: Emre hat sich nach -2173.77, 40.78, 35.32 (int 0, dim 0) teleportiert!
[13-09-2026 21:48:19]: Emre hat Emre zum Chefarzt der Sanitäter ernannt!
[13-09-2026 21:48:26]: Emre hat Emre zum Polizeichief ernannt!
[13-09-2026 21:48:27]: Emre hat Emre zum Don ernannt!
[13-09-2026 21:48:28]: Emre hat Emre zum Triadenboss ernannt!
[13-09-2026 21:48:29]: Emre hat Emre zum Revolutionsführer ernannt!
[13-09-2026 21:48:30]: Emre hat Emre zum Chefredakteur ernannt!
[13-09-2026 21:48:31]: Emre hat Emre zum FBI-Direktor ernannt!
[13-09-2026 21:48:35]: Emre hat Emre zum FBI-Direktor ernannt!
[13-09-2026 21:48:37]: Emre hat Emre zum Jefa ernannt!
[13-09-2026 21:48:39]: Emre hat Emre zum Commander ernannt!
[13-09-2026 21:48:40]: Emre hat Emre zum President der AoD ernannt!
[13-09-2026 21:48:42]: Emre hat Emre zum Chefarzt der Sanitäter ernannt!
[13-09-2026 21:48:43]: Emre hat Emre zum Chef der Mechaniker ernannt!
[13-09-2026 21:48:44]: Emre hat Emre zum Banger der Ballas ernannt!
[13-09-2026 21:48:45]: Emre hat Emre zum Sweet der Grove ernannt!
[13-09-2026 21:52:51]: Emre hat sich nach -2173.77, 40.78, 35.32 (int 0, dim 0) teleportiert!
[13-09-2026 21:52:56]: Emre hat sich nach -2162.70, 1019.80, 81.60 (int 0, dim 0) teleportiert!
[13-09-2026 21:53:02]: Emre hat sich nach -2173.77, 40.78, 35.32 (int 0, dim 0) teleportiert!
[13-09-2026 21:53:09]: Emre hat sich nach -2173.77, 40.78, 35.32 (int 0, dim 0) teleportiert!
[13-09-2026 21:53:30]: Emre hat sich nach -2452.00, -92.00, 28.00 (int 0, dim 0) teleportiert!
