[24-06-2022 18:58:47]: PlayasEmre ist gestorben. Grund: 0
[24-06-2022 19:05:59]: PlayasEmre ist gestorben. Grund: 0
[24-06-2022 19:08:35]: PlayasEmre ist gestorben. Grund: 0
[24-06-2022 19:12:46]: PlayasEmre ist gestorben. Grund: 0
[24-06-2022 19:15:50]: PlayasEmre ist gestorben. Grund: 0
[29-06-2022 00:53:05]: PlayasEmre ist gestorben. Grund: 0
[13-07-2022 15:35:17]: PlayasEmre ist gestorben. Grund: 34
[13-07-2022 15:35:28]: PlayasEmre ist gestorben. Grund: 31
[13-07-2022 15:35:45]: PlayasEmre ist gestorben. Grund: 29
[13-07-2022 15:44:03]: PlayasEmre ist gestorben. Grund: 24
[13-07-2022 15:45:48]: PlayasEmre ist gestorben. Grund: 24
[13-07-2022 15:49:12]: PlayasEmre ist gestorben. Grund: 30
[13-07-2022 15:50:11]: PlayasEmre ist gestorben. Grund: 30
[13-07-2022 15:50:30]: PlayasEmre ist gestorben. Grund: 30
[13-07-2022 15:51:18]: PlayasEmre ist gestorben. Grund: 30
[13-07-2022 15:52:13]: PlayasEmre ist gestorben. Grund: 30
[13-07-2022 15:53:09]: PlayasEmre ist gestorben. Grund: 30
[13-07-2022 15:54:41]: PlayasEmre ist gestorben. Grund: 30
[13-07-2022 15:55:16]: PlayasEmre ist gestorben. Grund: 0
[13-07-2022 15:56:15]: PlayasEmre ist gestorben. Grund: 30
[13-07-2022 15:57:21]: PlayasEmre ist gestorben. Grund: 30
[15-07-2022 19:24:52]: PlayasEmre ist gestorben.
[15-07-2022 19:25:21]: PlayasEmre ist gestorben.
[15-07-2022 19:26:14]: PlayasEmre ist gestorben.
[15-07-2022 19:41:01]: PlayasEmre ist gestorben.
[15-07-2022 22:06:52]: PlayasEmre ist gestorben.
[15-07-2022 22:07:29]: PlayasEmre ist gestorben.
[15-07-2022 22:08:02]: PlayasEmre ist gestorben.
[15-07-2022 22:08:35]: PlayasEmre ist gestorben.
[15-07-2022 22:09:50]: PlayasEmre ist gestorben.
[15-07-2022 22:10:04]: PlayasEmre ist gestorben.
[15-07-2022 22:10:04]: PlayasEmre ist gestorben. Grund: 63
[15-07-2022 22:10:44]: PlayasEmre ist gestorben.
[15-07-2022 22:10:44]: PlayasEmre ist gestorben. Grund: 63
[15-07-2022 22:12:18]: PlayasEmre ist gestorben.
[15-07-2022 22:12:18]: PlayasEmre ist gestorben. Grund: 63
[15-07-2022 22:13:14]: PlayasEmre ist gestorben.
[15-07-2022 22:13:44]: PlayasEmre ist gestorben.
[15-07-2022 22:14:03]: PlayasEmre ist gestorben.
[15-07-2022 22:14:03]: PlayasEmre ist gestorben. Grund: 63
[15-07-2022 22:15:08]: PlayasEmre ist gestorben.
[15-07-2022 22:15:32]: PlayasEmre ist gestorben.
[15-07-2022 22:17:07]: PlayasEmre ist gestorben.
[15-07-2022 22:18:07]: PlayasEmre ist gestorben.
[15-07-2022 22:19:12]: PlayasEmre ist gestorben.
[15-07-2022 22:19:34]: PlayasEmre ist gestorben.
[15-07-2022 22:20:05]: PlayasEmre ist gestorben.
[15-07-2022 22:20:20]: PlayasEmre ist gestorben.
[15-07-2022 22:21:58]: PlayasEmre ist gestorben.
[15-07-2022 22:22:50]: PlayasEmre ist gestorben.
[15-07-2022 22:23:14]: PlayasEmre ist gestorben.
[15-07-2022 22:24:38]: PlayasEmre ist gestorben.
[15-07-2022 22:24:55]: PlayasEmre ist gestorben.
[15-07-2022 22:25:35]: PlayasEmre ist gestorben.
[15-07-2022 22:25:53]: PlayasEmre ist gestorben.
[15-07-2022 22:26:25]: PlayasEmre ist gestorben.
[15-07-2022 22:28:48]: PlayasEmre ist gestorben.
[15-07-2022 22:34:43]: PlayasEmre ist gestorben.
[15-07-2022 22:38:36]: PlayasEmre ist gestorben.
[15-07-2022 22:40:19]: PlayasEmre ist gestorben.
[15-07-2022 22:43:23]: PlayasEmre ist gestorben.
[15-07-2022 22:44:07]: PlayasEmre ist gestorben.
[15-07-2022 22:44:46]: PlayasEmre ist gestorben.
[15-07-2022 22:45:49]: PlayasEmre ist gestorben.
[15-07-2022 22:47:02]: PlayasEmre ist gestorben.
[15-07-2022 22:47:37]: PlayasEmre ist gestorben.
[15-07-2022 22:47:55]: PlayasEmre ist gestorben.
[15-07-2022 22:50:14]: PlayasEmre ist gestorben.
[15-07-2022 22:51:11]: PlayasEmre ist gestorben.
[15-07-2022 22:53:57]: PlayasEmre ist gestorben.
[15-07-2022 22:54:38]: PlayasEmre ist gestorben.
[15-07-2022 22:55:03]: PlayasEmre ist gestorben.
[15-07-2022 22:55:60]: PlayasEmre ist gestorben.
[15-07-2022 22:57:49]: PlayasEmre ist gestorben.
[15-07-2022 22:59:35]: PlayasEmre ist gestorben.
[15-07-2022 23:01:05]: PlayasEmre ist gestorben.
[15-07-2022 23:02:43]: PlayasEmre ist gestorben.
[16-07-2022 02:27:10]: PlayasEmre ist gestorben.
[16-07-2022 15:43:31]: PlayasEmre ist gestorben.
[04-08-2022 01:51:41]: PlayasEmre ist gestorben.
[04-08-2022 01:54:26]: PlayasEmre ist gestorben.
[04-08-2022 01:54:35]: PlayasEmre ist gestorben.
[04-08-2022 01:54:46]: PlayasEmre ist gestorben.
[23-12-2022 14:29:45]: PlayasEmre ist gestorben.
[23-12-2022 14:32:14]: PlayasEmre ist gestorben.
[23-12-2022 14:33:06]: PlayasEmre ist gestorben.
[21-03-2023 14:54:06]: PlayasEmre ist gestorben.
[26-03-2023 20:14:17]: PlayasEmre ist gestorben.
[15-04-2023 01:20:52]: PlayasEmre ist gestorben. Grund: 51
[15-04-2023 03:01:60]: PlayasEmre ist gestorben. Grund: 59
[15-04-2023 03:47:35]: PlayasEmre ist gestorben. Grund: 51
[29-04-2023 23:10:29]: Stoned ist gestorben.
[30-04-2023 21:52:12]: Abdul.hahki ist gestorben.
[30-04-2023 21:52:19]: Stoned ist gestorben.
[30-04-2023 21:59:28]: Stoned ist gestorben.
[30-04-2023 22:03:05]: Abdul.hahki ist gestorben.
[05-05-2023 20:03:37]: PlayasEmro ist gestorben. Grund: 54
[06-05-2023 01:44:28]: Pusher30 ist gestorben.
[06-05-2023 01:44:38]: Pusher30 ist gestorben.
[06-05-2023 01:44:48]: Pusher30 ist gestorben.
[18-09-2023 20:41:23]: PlayasEmre ist gestorben. Grund: 51
[18-09-2023 20:51:27]: PlayasEmre ist gestorben. Grund: 54
[12-12-2023 14:50:18]: PlayasEmre ist gestorben. Grund: 54
[14-10-2025 22:47:56]: Emre ist gestorben. Grund: 54
[22-10-2025 21:21:05]: EmreTest ist gestorben.
[08-11-2025 16:50:14]: SpookyUHD ist gestorben. Grund: 54
[08-11-2025 17:55:60]: SpookyUHD ist gestorben.
[08-11-2025 19:37:04]: SpookyUHD ist gestorben.
[16-11-2025 15:15:47]: Emre ist gestorben. Grund: 54
[16-07-2026 20:08:51]: PlayasEmre ist gestorben.
[01-08-2026 16:32:60]: Emre ist gestorben.
[01-08-2026 16:39:60]: Emre ist gestorben.
[01-08-2026 16:40:37]: Emre ist gestorben.
[04-08-2026 18:03:04]: Emre ist gestorben.
[04-08-2026 19:05:11]: Emre ist gestorben.
[04-08-2026 21:14:60]: Emre ist gestorben.
[04-08-2026 21:14:60]: Hulk ist gestorben.
[05-08-2026 15:23:33]: James ist gestorben.
[05-08-2026 18:26:38]: Emre ist gestorben.
[05-08-2026 18:36:54]: Emre ist gestorben.
[05-08-2026 18:42:01]: Emre ist gestorben.
[05-08-2026 18:45:37]: Emre ist gestorben.
[05-08-2026 18:50:56]: Emre ist gestorben.
[05-08-2026 18:58:08]: Hulk ist gestorben.
[05-08-2026 19:19:47]: Hulk ist gestorben.
[05-08-2026 21:53:20]: Emre ist gestorben.
[05-08-2026 23:23:53]: Hulk ist gestorben. Grund: 54
[14-08-2026 16:05:13]: Emre ist gestorben.
[14-08-2026 16:59:03]: Emre ist gestorben. Grund: 54
[14-08-2026 20:07:55]: Emre ist gestorben.
[15-08-2026 23:21:39]: Hulk ist gestorben. Grund: 54
[24-08-2026 21:17:26]: Emre ist gestorben.
[26-08-2026 16:51:49]: Emre ist gestorben. Grund: 16
[26-08-2026 21:27:57]: Emre ist gestorben.
[27-08-2026 22:40:52]: Emre ist gestorben.
[27-08-2026 22:46:34]: Emre ist gestorben.
[27-08-2026 22:54:10]: Emre ist gestorben. Grund: 54
[27-08-2026 23:32:05]: Emre ist gestorben.
[27-08-2026 23:41:02]: Emre ist gestorben.
[31-08-2026 23:39:39]: Emre ist gestorben.
[01-09-2026 23:52:54]: Emre ist gestorben. Grund: 51
[02-09-2026 00:08:26]: Emre ist gestorben. Grund: 51
[02-09-2026 00:27:28]: Emre ist gestorben. Grund: 54
[02-09-2026 17:09:40]: Emre ist gestorben. Grund: 63
[02-09-2026 17:17:49]: Emre ist gestorben. Grund: 63
[02-09-2026 18:09:13]: Emre ist gestorben. Grund: 63
[03-09-2026 00:12:37]: Emre ist gestorben. Grund: 63
[03-09-2026 13:09:18]: Emre ist gestorben.
[03-09-2026 13:14:10]: Emre ist gestorben.
[03-09-2026 13:16:60]: Emre ist gestorben.
[03-09-2026 13:19:39]: Emre ist gestorben.
[03-09-2026 15:41:41]: Emre ist gestorben. Grund: 63
[06-09-2026 12:46:30]: Emre ist gestorben. Grund: 54
[06-09-2026 20:33:35]: Emre ist gestorben. Grund: 63
[06-09-2026 21:40:20]: Emre ist gestorben.
