[03-08-2026 21:31:52]: Emre hat ein(e) Deagle gekauft.
[03-08-2026 21:31:53]: Emre hat ein(e) Queue gekauft.
[03-08-2026 21:31:54]: Emre hat ein(e) Mp5 gekauft.
[03-08-2026 21:31:54]: Emre hat ein(e) Molotov gekauft.
[03-08-2026 21:31:55]: Emre hat ein(e) Gewehr gekauft.
[03-08-2026 21:31:55]: Emre hat ein(e) AK47 gekauft.
[03-08-2026 21:31:56]: Emre hat ein(e) Raketenwerfer gekauft.
[03-08-2026 21:31:56]: Emre hat ein(e) Sniper gekauft.
[03-08-2026 21:31:56]: Emre hat ein(e) M4 gekauft.
[05-08-2026 14:43:31]: James hat ein(e) Deagle gekauft.
[05-08-2026 14:43:37]: James hat ein(e) M4 gekauft.
[05-08-2026 14:43:46]: James hat ein(e) Mp5 gekauft.
[05-08-2026 14:43:47]: James hat ein(e) Queue gekauft.
[05-08-2026 14:43:49]: James hat ein(e) Raketenwerfer gekauft.
[05-08-2026 15:10:51]: Harrikan hat ein(e) Deagle gekauft.
[05-08-2026 15:10:53]: Harrikan hat ein(e) Deagle gekauft.
[05-08-2026 15:10:54]: Harrikan hat ein(e) Deagle gekauft.
[06-08-2026 18:55:07]: Hulk hat ein(e) M4 gekauft.
[01-09-2026 23:06:43]: Emre hat ein(e) Deagle gekauft.
[01-09-2026 23:06:44]: Emre hat ein(e) Deagle gekauft.
[01-09-2026 23:06:44]: Emre hat ein(e) Deagle gekauft.
[01-09-2026 23:06:44]: Emre hat ein(e) Deagle gekauft.
[01-09-2026 23:06:45]: Emre hat ein(e) Sniper gekauft.
[01-09-2026 23:06:46]: Emre hat ein(e) Sniper gekauft.
[01-09-2026 23:06:46]: Emre hat ein(e) Sniper gekauft.
[01-09-2026 23:06:46]: Emre hat ein(e) Sniper gekauft.
[01-09-2026 23:06:46]: Emre hat ein(e) M4 gekauft.
[01-09-2026 23:06:46]: Emre hat ein(e) M4 gekauft.
[01-09-2026 23:06:46]: Emre hat ein(e) M4 gekauft.
[01-09-2026 23:06:47]: Emre hat ein(e) M4 gekauft.
[01-09-2026 23:06:47]: Emre hat ein(e) Raketenwerfer gekauft.
[01-09-2026 23:06:47]: Emre hat ein(e) Raketenwerfer gekauft.
[01-09-2026 23:06:47]: Emre hat ein(e) Raketenwerfer gekauft.
[01-09-2026 23:06:47]: Emre hat ein(e) Raketenwerfer gekauft.
[01-09-2026 23:06:48]: Emre hat ein(e) Raketenwerfer gekauft.
[01-09-2026 23:06:48]: Emre hat ein(e) Raketenwerfer gekauft.
[01-09-2026 23:06:48]: Emre hat ein(e) Raketenwerfer gekauft.
[01-09-2026 23:06:48]: Emre hat ein(e) Raketenwerfer gekauft.
[01-09-2026 23:06:48]: Emre hat ein(e) Raketenwerfer gekauft.
[01-09-2026 23:06:48]: Emre hat ein(e) Raketenwerfer gekauft.
[01-09-2026 23:06:48]: Emre hat ein(e) Raketenwerfer gekauft.
[01-09-2026 23:06:49]: Emre hat ein(e) Raketenwerfer gekauft.
[01-09-2026 23:13:01]: Emre hat ein(e) Deagle gekauft.
[01-09-2026 23:13:02]: Emre hat ein(e) Deagle gekauft.
[01-09-2026 23:13:03]: Emre hat ein(e) Lupara gekauft.
[01-09-2026 23:13:04]: Emre hat ein(e) Lupara gekauft.
[01-09-2026 23:13:05]: Emre hat ein(e) Lupara gekauft.
[01-09-2026 23:13:05]: Emre hat ein(e) Gewehr gekauft.
[01-09-2026 23:13:06]: Emre hat ein(e) Gewehr gekauft.
[01-09-2026 23:13:06]: Emre hat ein(e) Gewehr gekauft.
[01-09-2026 23:13:06]: Emre hat ein(e) Gewehr gekauft.
[01-09-2026 23:13:06]: Emre hat ein(e) AK47 gekauft.
[01-09-2026 23:13:07]: Emre hat ein(e) AK47 gekauft.
[01-09-2026 23:13:07]: Emre hat ein(e) AK47 gekauft.
[01-09-2026 23:13:07]: Emre hat ein(e) AK47 gekauft.
[01-09-2026 23:13:08]: Emre hat ein(e) M4 gekauft.
[01-09-2026 23:13:08]: Emre hat ein(e) M4 gekauft.
[01-09-2026 23:13:08]: Emre hat ein(e) M4 gekauft.
[01-09-2026 23:13:08]: Emre hat ein(e) M4 gekauft.
[01-09-2026 23:13:09]: Emre hat ein(e) M4 gekauft.
[01-09-2026 23:13:09]: Emre hat ein(e) Mp5 gekauft.
[01-09-2026 23:13:09]: Emre hat ein(e) Mp5 gekauft.
[01-09-2026 23:13:10]: Emre hat ein(e) Mp5 gekauft.
[01-09-2026 23:13:10]: Emre hat ein(e) Mp5 gekauft.
[01-09-2026 23:13:10]: Emre hat ein(e) Mp5 gekauft.
[01-09-2026 23:25:10]: Emre hat ein(e) Deagle gekauft.
[01-09-2026 23:34:19]: Emre hat ein(e) Tec9 gekauft.
[01-09-2026 23:34:20]: Emre hat ein(e) Tec9 gekauft.
[01-09-2026 23:34:20]: Emre hat ein(e) Tec9 gekauft.
[01-09-2026 23:34:20]: Emre hat ein(e) Tec9 gekauft.
[01-09-2026 23:34:20]: Emre hat ein(e) Tec9 gekauft.
[01-09-2026 23:34:21]: Emre hat ein(e) Tec9 gekauft.
[01-09-2026 23:34:21]: Emre hat ein(e) Deagle gekauft.
[01-09-2026 23:34:21]: Emre hat ein(e) Deagle gekauft.
[01-09-2026 23:34:21]: Emre hat ein(e) Deagle gekauft.
[01-09-2026 23:34:21]: Emre hat ein(e) Deagle gekauft.
[01-09-2026 23:34:22]: Emre hat ein(e) Deagle gekauft.
[01-09-2026 23:34:22]: Emre hat ein(e) Mp5 gekauft.
[01-09-2026 23:34:22]: Emre hat ein(e) Mp5 gekauft.
[01-09-2026 23:34:22]: Emre hat ein(e) Mp5 gekauft.
[01-09-2026 23:34:22]: Emre hat ein(e) Mp5 gekauft.
[01-09-2026 23:34:23]: Emre hat ein(e) Mp5 gekauft.
[01-09-2026 23:34:23]: Emre hat ein(e) Satchel gekauft.
[01-09-2026 23:34:23]: Emre hat ein(e) Satchel gekauft.
[01-09-2026 23:34:23]: Emre hat ein(e) Satchel gekauft.
[01-09-2026 23:34:24]: Emre hat ein(e) Satchel gekauft.
[01-09-2026 23:34:24]: Emre hat ein(e) Satchel gekauft.
[01-09-2026 23:34:24]: Emre hat ein(e) Satchel gekauft.
[01-09-2026 23:34:24]: Emre hat ein(e) Satchel gekauft.
[01-09-2026 23:34:24]: Emre hat ein(e) Satchel gekauft.
[01-09-2026 23:34:24]: Emre hat ein(e) Satchel gekauft.
[01-09-2026 23:34:25]: Emre hat ein(e) Satchel gekauft.
[01-09-2026 23:34:25]: Emre hat ein(e) Satchel gekauft.
[01-09-2026 23:34:25]: Emre hat ein(e) Satchel gekauft.
[01-09-2026 23:34:25]: Emre hat ein(e) Satchel gekauft.
[01-09-2026 23:34:25]: Emre hat ein(e) Gewehr gekauft.
[01-09-2026 23:34:26]: Emre hat ein(e) Gewehr gekauft.
[01-09-2026 23:34:26]: Emre hat ein(e) Gewehr gekauft.
[01-09-2026 23:34:26]: Emre hat ein(e) Gewehr gekauft.
[01-09-2026 23:34:26]: Emre hat ein(e) Gewehr gekauft.
[01-09-2026 23:34:26]: Emre hat ein(e) Gewehr gekauft.
[01-09-2026 23:34:27]: Emre hat ein(e) AK47 gekauft.
[01-09-2026 23:34:27]: Emre hat ein(e) AK47 gekauft.
[01-09-2026 23:34:27]: Emre hat ein(e) AK47 gekauft.
[01-09-2026 23:34:27]: Emre hat ein(e) AK47 gekauft.
[01-09-2026 23:34:28]: Emre hat ein(e) M4 gekauft.
[01-09-2026 23:34:28]: Emre hat ein(e) M4 gekauft.
[01-09-2026 23:34:28]: Emre hat ein(e) M4 gekauft.
[01-09-2026 23:34:28]: Emre hat ein(e) M4 gekauft.
[01-09-2026 23:34:29]: Emre hat ein(e) Sniper gekauft.
[01-09-2026 23:34:29]: Emre hat ein(e) Sniper gekauft.
[01-09-2026 23:34:29]: Emre hat ein(e) Sniper gekauft.
[01-09-2026 23:34:29]: Emre hat ein(e) Sniper gekauft.
[01-09-2026 23:34:29]: Emre hat ein(e) Sniper gekauft.
[01-09-2026 23:34:30]: Emre hat ein(e) Sniper gekauft.
[01-09-2026 23:34:30]: Emre hat ein(e) Raketenwerfer gekauft.
[01-09-2026 23:34:30]: Emre hat ein(e) Raketenwerfer gekauft.
[01-09-2026 23:34:30]: Emre hat ein(e) Raketenwerfer gekauft.
[01-09-2026 23:34:30]: Emre hat ein(e) Raketenwerfer gekauft.
[01-09-2026 23:34:31]: Emre hat ein(e) Raketenwerfer gekauft.
[01-09-2026 23:34:31]: Emre hat ein(e) Raketenwerfer gekauft.
[01-09-2026 23:34:31]: Emre hat ein(e) Raketenwerfer gekauft.
[01-09-2026 23:34:31]: Emre hat ein(e) Raketenwerfer gekauft.
[01-09-2026 23:34:31]: Emre hat ein(e) Raketenwerfer gekauft.
[01-09-2026 23:34:31]: Emre hat ein(e) Raketenwerfer gekauft.
[01-09-2026 23:34:32]: Emre hat ein(e) Raketenwerfer gekauft.
[01-09-2026 23:34:32]: Emre hat ein(e) Raketenwerfer gekauft.
[01-09-2026 23:34:32]: Emre hat ein(e) Raketenwerfer gekauft.
[01-09-2026 23:34:32]: Emre hat ein(e) Raketenwerfer gekauft.
[01-09-2026 23:34:32]: Emre hat ein(e) Raketenwerfer gekauft.
[01-09-2026 23:34:32]: Emre hat ein(e) Raketenwerfer gekauft.
[01-09-2026 23:34:33]: Emre hat ein(e) Raketenwerfer gekauft.
[01-09-2026 23:34:33]: Emre hat ein(e) Raketenwerfer gekauft.
[01-09-2026 23:34:33]: Emre hat ein(e) Raketenwerfer gekauft.
[01-09-2026 23:34:33]: Emre hat ein(e) Raketenwerfer gekauft.
[01-09-2026 23:34:33]: Emre hat ein(e) Raketenwerfer gekauft.
[01-09-2026 23:34:33]: Emre hat ein(e) Raketenwerfer gekauft.
[01-09-2026 23:34:34]: Emre hat ein(e) Raketenwerfer gekauft.
[01-09-2026 23:34:34]: Emre hat ein(e) Raketenwerfer gekauft.
[01-09-2026 23:34:34]: Emre hat ein(e) Raketenwerfer gekauft.
[01-09-2026 23:34:34]: Emre hat ein(e) Raketenwerfer gekauft.
[01-09-2026 23:34:34]: Emre hat ein(e) Raketenwerfer gekauft.
[01-09-2026 23:34:35]: Emre hat ein(e) Raketenwerfer gekauft.
[01-09-2026 23:34:35]: Emre hat ein(e) Raketenwerfer gekauft.
[01-09-2026 23:34:35]: Emre hat ein(e) Raketenwerfer gekauft.
[01-09-2026 23:45:19]: Emre hat ein(e) Deagle gekauft.
[01-09-2026 23:45:19]: Emre hat ein(e) Deagle gekauft.
[01-09-2026 23:45:19]: Emre hat ein(e) Deagle gekauft.
[01-09-2026 23:45:20]: Emre hat ein(e) Mp5 gekauft.
[01-09-2026 23:45:20]: Emre hat ein(e) Mp5 gekauft.
[01-09-2026 23:45:20]: Emre hat ein(e) Mp5 gekauft.
[01-09-2026 23:45:20]: Emre hat ein(e) Mp5 gekauft.
[01-09-2026 23:45:20]: Emre hat ein(e) Mp5 gekauft.
[01-09-2026 23:45:21]: Emre hat ein(e) M4 gekauft.
[01-09-2026 23:45:21]: Emre hat ein(e) M4 gekauft.
[01-09-2026 23:45:22]: Emre hat ein(e) M4 gekauft.
[01-09-2026 23:45:22]: Emre hat ein(e) M4 gekauft.
[01-09-2026 23:45:22]: Emre hat ein(e) M4 gekauft.
[01-09-2026 23:45:23]: Emre hat ein(e) Sniper gekauft.
[01-09-2026 23:45:23]: Emre hat ein(e) Sniper gekauft.
[01-09-2026 23:45:23]: Emre hat ein(e) Sniper gekauft.
[01-09-2026 23:45:23]: Emre hat ein(e) Raketenwerfer gekauft.
[01-09-2026 23:45:23]: Emre hat ein(e) Raketenwerfer gekauft.
[01-09-2026 23:45:24]: Emre hat ein(e) Raketenwerfer gekauft.
[01-09-2026 23:45:24]: Emre hat ein(e) C4 gekauft.
[01-09-2026 23:45:24]: Emre hat ein(e) C4 gekauft.
[01-09-2026 23:45:25]: Emre hat ein(e) C4 gekauft.
[01-09-2026 23:45:25]: Emre hat ein(e) C4 gekauft.
[01-09-2026 23:45:25]: Emre hat ein(e) C4 gekauft.
[01-09-2026 23:45:25]: Emre hat ein(e) C4 gekauft.
[01-09-2026 23:45:25]: Emre hat ein(e) C4 gekauft.
[01-09-2026 23:45:25]: Emre hat ein(e) C4 gekauft.
[01-09-2026 23:45:26]: Emre hat ein(e) C4 gekauft.
[01-09-2026 23:45:26]: Emre hat ein(e) C4 gekauft.
[01-09-2026 23:45:26]: Emre hat ein(e) C4 gekauft.
[01-09-2026 23:45:26]: Emre hat ein(e) C4 gekauft.
[01-09-2026 23:45:26]: Emre hat ein(e) C4 gekauft.
[01-09-2026 23:45:26]: Emre hat ein(e) C4 gekauft.
[01-09-2026 23:52:12]: Emre hat ein(e) Deagle gekauft.
[01-09-2026 23:52:12]: Emre hat ein(e) Deagle gekauft.
[01-09-2026 23:52:12]: Emre hat ein(e) Deagle gekauft.
[01-09-2026 23:52:13]: Emre hat ein(e) Deagle gekauft.
[01-09-2026 23:52:13]: Emre hat ein(e) Mp5 gekauft.
[01-09-2026 23:52:13]: Emre hat ein(e) Mp5 gekauft.
[01-09-2026 23:52:13]: Emre hat ein(e) Mp5 gekauft.
[01-09-2026 23:52:14]: Emre hat ein(e) Mp5 gekauft.
[01-09-2026 23:52:14]: Emre hat ein(e) Mp5 gekauft.
[01-09-2026 23:52:14]: Emre hat ein(e) Mp5 gekauft.
[01-09-2026 23:52:15]: Emre hat ein(e) C4 gekauft.
[01-09-2026 23:52:15]: Emre hat ein(e) C4 gekauft.
[01-09-2026 23:52:16]: Emre hat ein(e) C4 gekauft.
[01-09-2026 23:52:16]: Emre hat ein(e) C4 gekauft.
[01-09-2026 23:52:16]: Emre hat ein(e) C4 gekauft.
[01-09-2026 23:52:16]: Emre hat ein(e) C4 gekauft.
[01-09-2026 23:52:16]: Emre hat ein(e) C4 gekauft.
[01-09-2026 23:52:17]: Emre hat ein(e) C4 gekauft.
[01-09-2026 23:52:17]: Emre hat ein(e) C4 gekauft.
[01-09-2026 23:52:17]: Emre hat ein(e) C4 gekauft.
[01-09-2026 23:52:17]: Emre hat ein(e) C4 gekauft.
[01-09-2026 23:52:18]: Emre hat ein(e) Satchel gekauft.
[01-09-2026 23:52:18]: Emre hat ein(e) Satchel gekauft.
[01-09-2026 23:52:18]: Emre hat ein(e) Satchel gekauft.
[01-09-2026 23:52:18]: Emre hat ein(e) Satchel gekauft.
[01-09-2026 23:52:18]: Emre hat ein(e) Satchel gekauft.
[01-09-2026 23:52:19]: Emre hat ein(e) Satchel gekauft.
[01-09-2026 23:52:19]: Emre hat ein(e) Satchel gekauft.
[01-09-2026 23:52:19]: Emre hat ein(e) Satchel gekauft.
[01-09-2026 23:52:19]: Emre hat ein(e) Satchel gekauft.
[01-09-2026 23:52:19]: Emre hat ein(e) Satchel gekauft.
[01-09-2026 23:52:20]: Emre hat ein(e) Gewehr gekauft.
[01-09-2026 23:52:20]: Emre hat ein(e) Gewehr gekauft.
[01-09-2026 23:52:20]: Emre hat ein(e) Gewehr gekauft.
[01-09-2026 23:52:20]: Emre hat ein(e) Gewehr gekauft.
[01-09-2026 23:52:20]: Emre hat ein(e) Gewehr gekauft.
[01-09-2026 23:52:21]: Emre hat ein(e) Sniper gekauft.
[01-09-2026 23:52:21]: Emre hat ein(e) Sniper gekauft.
[01-09-2026 23:52:21]: Emre hat ein(e) Sniper gekauft.
[01-09-2026 23:52:21]: Emre hat ein(e) Sniper gekauft.
[01-09-2026 23:52:21]: Emre hat ein(e) Sniper gekauft.
[01-09-2026 23:52:21]: Emre hat ein(e) Sniper gekauft.
[01-09-2026 23:52:22]: Emre hat ein(e) Sniper gekauft.
[01-09-2026 23:52:22]: Emre hat ein(e) M4 gekauft.
[01-09-2026 23:52:22]: Emre hat ein(e) M4 gekauft.
[01-09-2026 23:52:22]: Emre hat ein(e) M4 gekauft.
[01-09-2026 23:52:23]: Emre hat ein(e) M4 gekauft.
[01-09-2026 23:52:23]: Emre hat ein(e) M4 gekauft.
[01-09-2026 23:52:23]: Emre hat ein(e) Raketenwerfer gekauft.
[01-09-2026 23:52:23]: Emre hat ein(e) Raketenwerfer gekauft.
[01-09-2026 23:52:23]: Emre hat ein(e) Raketenwerfer gekauft.
[01-09-2026 23:52:24]: Emre hat ein(e) Raketenwerfer gekauft.
[01-09-2026 23:52:24]: Emre hat ein(e) Raketenwerfer gekauft.
[01-09-2026 23:52:24]: Emre hat ein(e) Raketenwerfer gekauft.
[01-09-2026 23:52:24]: Emre hat ein(e) Raketenwerfer gekauft.
[01-09-2026 23:52:24]: Emre hat ein(e) Raketenwerfer gekauft.
[01-09-2026 23:52:24]: Emre hat ein(e) Raketenwerfer gekauft.
[01-09-2026 23:52:25]: Emre hat ein(e) Raketenwerfer gekauft.
[01-09-2026 23:55:10]: Emre hat ein(e) C4 gekauft.
[01-09-2026 23:55:10]: Emre hat ein(e) C4 gekauft.
[01-09-2026 23:55:10]: Emre hat ein(e) C4 gekauft.
[01-09-2026 23:55:10]: Emre hat ein(e) C4 gekauft.
[01-09-2026 23:55:10]: Emre hat ein(e) C4 gekauft.
[01-09-2026 23:55:11]: Emre hat ein(e) C4 gekauft.
[01-09-2026 23:55:11]: Emre hat ein(e) C4 gekauft.
[01-09-2026 23:59:49]: Emre hat ein(e) Satchel gekauft.
[01-09-2026 23:59:49]: Emre hat ein(e) Satchel gekauft.
[01-09-2026 23:59:49]: Emre hat ein(e) Satchel gekauft.
[01-09-2026 23:59:49]: Emre hat ein(e) Satchel gekauft.
[02-09-2026 00:02:46]: Emre hat ein(e) Deagle gekauft.
[02-09-2026 00:02:46]: Emre hat ein(e) Deagle gekauft.
[02-09-2026 00:02:46]: Emre hat ein(e) Deagle gekauft.
[02-09-2026 00:02:46]: Emre hat ein(e) Mp5 gekauft.
[02-09-2026 00:02:47]: Emre hat ein(e) Mp5 gekauft.
[02-09-2026 00:02:47]: Emre hat ein(e) Mp5 gekauft.
[02-09-2026 00:02:47]: Emre hat ein(e) Mp5 gekauft.
[02-09-2026 00:02:47]: Emre hat ein(e) Gewehr gekauft.
[02-09-2026 00:02:47]: Emre hat ein(e) Gewehr gekauft.
[02-09-2026 00:02:48]: Emre hat ein(e) Gewehr gekauft.
[02-09-2026 00:02:48]: Emre hat ein(e) Gewehr gekauft.
[02-09-2026 00:02:48]: Emre hat ein(e) Tec9 gekauft.
[02-09-2026 00:02:48]: Emre hat ein(e) Tec9 gekauft.
[02-09-2026 00:02:48]: Emre hat ein(e) Tec9 gekauft.
[02-09-2026 00:02:49]: Emre hat ein(e) Tec9 gekauft.
[02-09-2026 00:02:49]: Emre hat ein(e) Tec9 gekauft.
[02-09-2026 00:02:49]: Emre hat ein(e) Tec9 gekauft.
[02-09-2026 00:02:49]: Emre hat ein(e) Tec9 gekauft.
[02-09-2026 00:03:11]: Emre hat ein(e) Satchel gekauft.
[02-09-2026 00:03:11]: Emre hat ein(e) Satchel gekauft.
[02-09-2026 00:03:12]: Emre hat ein(e) Satchel gekauft.
[02-09-2026 00:03:12]: Emre hat ein(e) Satchel gekauft.
[02-09-2026 00:03:12]: Emre hat ein(e) Satchel gekauft.
[02-09-2026 00:03:12]: Emre hat ein(e) Satchel gekauft.
[02-09-2026 00:03:12]: Emre hat ein(e) Satchel gekauft.
[02-09-2026 00:03:13]: Emre hat ein(e) Satchel gekauft.
[02-09-2026 00:03:13]: Emre hat ein(e) Satchel gekauft.
[02-09-2026 00:03:13]: Emre hat ein(e) Satchel gekauft.
[02-09-2026 00:03:13]: Emre hat ein(e) Satchel gekauft.
[02-09-2026 00:03:13]: Emre hat ein(e) Satchel gekauft.
[02-09-2026 00:03:13]: Emre hat ein(e) Satchel gekauft.
[02-09-2026 00:03:34]: Emre hat ein(e) C4 gekauft.
[02-09-2026 00:03:35]: Emre hat ein(e) C4 gekauft.
[02-09-2026 00:03:35]: Emre hat ein(e) C4 gekauft.
[02-09-2026 00:03:35]: Emre hat ein(e) C4 gekauft.
[02-09-2026 00:03:35]: Emre hat ein(e) C4 gekauft.
[02-09-2026 00:03:35]: Emre hat ein(e) C4 gekauft.
[02-09-2026 00:03:36]: Emre hat ein(e) C4 gekauft.
[02-09-2026 00:03:36]: Emre hat ein(e) C4 gekauft.
[02-09-2026 00:03:36]: Emre hat ein(e) Sniper gekauft.
[02-09-2026 00:03:36]: Emre hat ein(e) Sniper gekauft.
[02-09-2026 00:03:36]: Emre hat ein(e) Sniper gekauft.
[02-09-2026 00:03:37]: Emre hat ein(e) Sniper gekauft.
[02-09-2026 00:03:37]: Emre hat ein(e) Sniper gekauft.
[02-09-2026 00:03:37]: Emre hat ein(e) Sniper gekauft.
[02-09-2026 00:03:37]: Emre hat ein(e) Sniper gekauft.
[02-09-2026 00:03:37]: Emre hat ein(e) Sniper gekauft.
[02-09-2026 00:03:37]: Emre hat ein(e) Sniper gekauft.
[02-09-2026 00:03:40]: Emre hat ein(e) M4 gekauft.
[02-09-2026 00:03:40]: Emre hat ein(e) M4 gekauft.
[02-09-2026 00:03:40]: Emre hat ein(e) M4 gekauft.
[02-09-2026 00:03:40]: Emre hat ein(e) M4 gekauft.
[02-09-2026 00:03:41]: Emre hat ein(e) M4 gekauft.
[02-09-2026 00:03:41]: Emre hat ein(e) M4 gekauft.
[02-09-2026 00:03:41]: Emre hat ein(e) M4 gekauft.
[02-09-2026 00:04:14]: Emre hat ein(e) C4 gekauft.
[02-09-2026 00:04:14]: Emre hat ein(e) C4 gekauft.
[02-09-2026 00:04:15]: Emre hat ein(e) C4 gekauft.
[02-09-2026 00:04:15]: Emre hat ein(e) C4 gekauft.
[02-09-2026 00:04:15]: Emre hat ein(e) C4 gekauft.
[02-09-2026 00:05:41]: Emre hat ein(e) C4 gekauft.
[02-09-2026 00:08:02]: Emre hat ein(e) C4 gekauft.
[02-09-2026 00:08:20]: Emre hat ein(e) C4 gekauft.
[02-09-2026 00:11:29]: Emre hat ein(e) C4 gekauft.
[02-09-2026 00:11:39]: Emre hat ein(e) C4 gekauft.
[02-09-2026 00:11:40]: Emre hat ein(e) C4 gekauft.
[02-09-2026 00:16:07]: Emre hat ein(e) C4 gekauft.
[02-09-2026 00:16:39]: Emre hat ein(e) Raketenwerfer gekauft.
[02-09-2026 00:16:39]: Emre hat ein(e) Raketenwerfer gekauft.
[02-09-2026 00:16:40]: Emre hat ein(e) Raketenwerfer gekauft.
[02-09-2026 00:16:40]: Emre hat ein(e) Raketenwerfer gekauft.
[02-09-2026 00:45:11]: Emre hat ein(e) Deagle gekauft.
[02-09-2026 00:45:11]: Emre hat ein(e) Deagle gekauft.
[02-09-2026 00:45:12]: Emre hat ein(e) Deagle gekauft.
[02-09-2026 00:45:12]: Emre hat ein(e) Deagle gekauft.
[02-09-2026 00:45:12]: Emre hat ein(e) Shotgun gekauft.
[02-09-2026 00:45:12]: Emre hat ein(e) Shotgun gekauft.
[02-09-2026 00:45:13]: Emre hat ein(e) Schlagstock gekauft.
[02-09-2026 00:45:13]: Emre hat ein(e) Schlagstock gekauft.
[02-09-2026 00:45:13]: Emre hat ein(e) Sniper gekauft.
[02-09-2026 00:45:13]: Emre hat ein(e) Sniper gekauft.
[02-09-2026 00:45:13]: Emre hat ein(e) Mp5 gekauft.
[02-09-2026 00:45:14]: Emre hat ein(e) Mp5 gekauft.
[02-09-2026 00:45:14]: Emre hat ein(e) Pistole gekauft.
[02-09-2026 00:45:14]: Emre hat ein(e) Pistole gekauft.
[02-09-2026 00:45:14]: Emre hat ein(e) Deagle gekauft.
[02-09-2026 00:45:14]: Emre hat ein(e) Deagle gekauft.
[02-09-2026 00:45:15]: Emre hat ein(e) M4 gekauft.
[02-09-2026 00:45:15]: Emre hat ein(e) M4 gekauft.
[02-09-2026 00:45:15]: Emre hat ein(e) M4 gekauft.
[02-09-2026 00:45:15]: Emre hat ein(e) M4 gekauft.
[02-09-2026 02:36:47]: Emre hat ein(e) Schlagstock gekauft.
[02-09-2026 02:36:48]: Emre hat ein(e) Pistole gekauft.
[02-09-2026 02:36:48]: Emre hat ein(e) Pistole gekauft.
[02-09-2026 02:36:48]: Emre hat ein(e) Pistole gekauft.
[02-09-2026 02:36:48]: Emre hat ein(e) Deagle gekauft.
[02-09-2026 02:36:49]: Emre hat ein(e) Deagle gekauft.
[02-09-2026 02:36:49]: Emre hat ein(e) Deagle gekauft.
[02-09-2026 02:36:49]: Emre hat ein(e) Deagle gekauft.
[02-09-2026 02:36:49]: Emre hat ein(e) Deagle gekauft.
[02-09-2026 02:36:49]: Emre hat ein(e) Deagle gekauft.
[02-09-2026 02:36:50]: Emre hat ein(e) M4 gekauft.
[02-09-2026 02:36:50]: Emre hat ein(e) M4 gekauft.
[02-09-2026 02:36:50]: Emre hat ein(e) M4 gekauft.
[02-09-2026 02:36:50]: Emre hat ein(e) M4 gekauft.
[02-09-2026 02:36:50]: Emre hat ein(e) M4 gekauft.
[02-09-2026 02:36:51]: Emre hat ein(e) Shotgun gekauft.
[02-09-2026 02:36:51]: Emre hat ein(e) Shotgun gekauft.
[02-09-2026 02:36:51]: Emre hat ein(e) Shotgun gekauft.
[02-09-2026 02:36:51]: Emre hat ein(e) Shotgun gekauft.
[02-09-2026 02:36:52]: Emre hat ein(e) Shotgun gekauft.
[02-09-2026 02:36:52]: Emre hat ein(e) Shotgun gekauft.
[02-09-2026 02:36:52]: Emre hat ein(e) Sniper gekauft.
[02-09-2026 02:36:53]: Emre hat ein(e) Sniper gekauft.
[02-09-2026 02:36:53]: Emre hat ein(e) Sniper gekauft.
[02-09-2026 02:36:53]: Emre hat ein(e) Sniper gekauft.
[02-09-2026 02:36:53]: Emre hat ein(e) Sniper gekauft.
[02-09-2026 02:36:53]: Emre hat ein(e) Sniper gekauft.
[02-09-2026 02:36:54]: Emre hat ein(e) Mp5 gekauft.
[02-09-2026 02:36:54]: Emre hat ein(e) Mp5 gekauft.
[02-09-2026 02:36:54]: Emre hat ein(e) Mp5 gekauft.
[02-09-2026 02:36:54]: Emre hat ein(e) Mp5 gekauft.
[02-09-2026 02:47:42]: Emre hat ein(e) Deagle gekauft.
[02-09-2026 02:47:42]: Emre hat ein(e) Deagle gekauft.
[02-09-2026 02:47:42]: Emre hat ein(e) Deagle gekauft.
[02-09-2026 02:47:43]: Emre hat ein(e) Deagle gekauft.
[02-09-2026 02:47:43]: Emre hat ein(e) Deagle gekauft.
[02-09-2026 02:47:43]: Emre hat ein(e) M4 gekauft.
[02-09-2026 02:47:43]: Emre hat ein(e) M4 gekauft.
[02-09-2026 02:47:43]: Emre hat ein(e) M4 gekauft.
[02-09-2026 02:47:43]: Emre hat ein(e) M4 gekauft.
[02-09-2026 02:47:44]: Emre hat ein(e) M4 gekauft.
[02-09-2026 02:50:40]: Emre hat ein(e) Deagle gekauft.
[02-09-2026 02:50:41]: Emre hat ein(e) M4 gekauft.
[02-09-2026 02:55:22]: Emre hat ein(e) M4 gekauft.
[02-09-2026 02:55:22]: Emre hat ein(e) M4 gekauft.
[02-09-2026 02:55:23]: Emre hat ein(e) M4 gekauft.
[02-09-2026 02:55:23]: Emre hat ein(e) Deagle gekauft.
[02-09-2026 02:55:23]: Emre hat ein(e) Deagle gekauft.
[02-09-2026 02:55:23]: Emre hat ein(e) Deagle gekauft.
[02-09-2026 02:55:23]: Emre hat ein(e) Deagle gekauft.
[02-09-2026 03:01:43]: Emre hat ein(e) Deagle gekauft.
[02-09-2026 03:01:43]: Emre hat ein(e) Deagle gekauft.
[02-09-2026 03:01:44]: Emre hat ein(e) Deagle gekauft.
[02-09-2026 03:01:44]: Emre hat ein(e) Kampfshotgun gekauft.
[02-09-2026 03:01:47]: Emre hat ein(e) Kampfshotgun gekauft.
[02-09-2026 03:01:47]: Emre hat ein(e) Kampfshotgun gekauft.
[02-09-2026 03:01:47]: Emre hat ein(e) Kampfshotgun gekauft.
[02-09-2026 03:01:47]: Emre hat ein(e) Kampfshotgun gekauft.
[02-09-2026 03:01:47]: Emre hat ein(e) Kampfshotgun gekauft.
[02-09-2026 03:01:49]: Emre hat ein(e) M4 gekauft.
[02-09-2026 03:01:49]: Emre hat ein(e) M4 gekauft.
[02-09-2026 03:01:49]: Emre hat ein(e) Suchrakete gekauft.
[02-09-2026 03:01:49]: Emre hat ein(e) Suchrakete gekauft.
[02-09-2026 03:01:49]: Emre hat ein(e) Suchrakete gekauft.
[02-09-2026 03:06:20]: Emre hat ein(e) Deagle gekauft.
[02-09-2026 03:06:20]: Emre hat ein(e) Deagle gekauft.
[02-09-2026 03:06:21]: Emre hat ein(e) Deagle gekauft.
[02-09-2026 03:06:21]: Emre hat ein(e) M4 gekauft.
[02-09-2026 03:06:21]: Emre hat ein(e) M4 gekauft.
[02-09-2026 03:06:21]: Emre hat ein(e) M4 gekauft.
[02-09-2026 03:06:22]: Emre hat ein(e) Schaufel gekauft.
[02-09-2026 03:06:22]: Emre hat ein(e) Granate gekauft.
[02-09-2026 03:06:22]: Emre hat ein(e) Granate gekauft.
[02-09-2026 03:06:22]: Emre hat ein(e) Shotgun gekauft.
[02-09-2026 03:06:23]: Emre hat ein(e) Shotgun gekauft.
[02-09-2026 03:06:23]: Emre hat ein(e) Suchrakete gekauft.
[02-09-2026 03:06:23]: Emre hat ein(e) Fallschirm gekauft.
[02-09-2026 03:06:24]: Emre hat ein(e) Fallschirm gekauft.
[02-09-2026 03:06:24]: Emre hat ein(e) Fallschirm gekauft.
[02-09-2026 03:06:24]: Emre hat ein(e) Fallschirm gekauft.
[02-09-2026 03:06:24]: Emre hat ein(e) Mp5 gekauft.
[02-09-2026 03:06:24]: Emre hat ein(e) Mp5 gekauft.
[02-09-2026 03:06:25]: Emre hat ein(e) Kampfshotgun gekauft.
[02-09-2026 03:06:25]: Emre hat ein(e) Kampfshotgun gekauft.
[02-09-2026 03:06:25]: Emre hat ein(e) Schalldaempfer gekauft.
[02-09-2026 03:06:25]: Emre hat ein(e) Schalldaempfer gekauft.
[02-09-2026 03:06:26]: Emre hat ein(e) Sniper gekauft.
[02-09-2026 03:06:26]: Emre hat ein(e) Sniper gekauft.
[02-09-2026 03:06:26]: Emre hat ein(e) Sniper gekauft.
[02-09-2026 03:06:26]: Emre hat ein(e) Sniper gekauft.
[02-09-2026 03:06:27]: Emre hat ein(e) Pistole gekauft.
[02-09-2026 03:06:27]: Emre hat ein(e) Pistole gekauft.
[02-09-2026 03:06:27]: Emre hat ein(e) Pistole gekauft.
[02-09-2026 03:06:28]: Emre hat ein(e) M4 gekauft.
[02-09-2026 03:06:28]: Emre hat ein(e) M4 gekauft.
[02-09-2026 03:06:28]: Emre hat ein(e) Deagle gekauft.
[02-09-2026 03:06:28]: Emre hat ein(e) Deagle gekauft.
[02-09-2026 03:06:29]: Emre hat ein(e) Deagle gekauft.
[02-09-2026 03:07:36]: Emre hat ein(e) Deagle gekauft.
[02-09-2026 03:08:47]: Emre hat ein(e) Pistole gekauft.
[02-09-2026 03:08:47]: Emre hat ein(e) Deagle gekauft.
[02-09-2026 03:08:47]: Emre hat ein(e) Deagle gekauft.
[02-09-2026 03:08:47]: Emre hat ein(e) Deagle gekauft.
[02-09-2026 03:08:47]: Emre hat ein(e) Deagle gekauft.
[02-09-2026 03:08:48]: Emre hat ein(e) Deagle gekauft.
[02-09-2026 03:08:48]: Emre hat ein(e) Deagle gekauft.
[02-09-2026 03:08:48]: Emre hat ein(e) M4 gekauft.
[02-09-2026 03:08:48]: Emre hat ein(e) Mp5 gekauft.
[02-09-2026 03:08:48]: Emre hat ein(e) Mp5 gekauft.
[02-09-2026 03:08:49]: Emre hat ein(e) Shotgun gekauft.
[02-09-2026 03:08:49]: Emre hat ein(e) Sniper gekauft.
[02-09-2026 03:08:49]: Emre hat ein(e) Sniper gekauft.
[02-09-2026 03:10:09]: Emre hat ein(e) Raketenwerfer gekauft.
[02-09-2026 03:10:09]: Emre hat ein(e) Raketenwerfer gekauft.
[02-09-2026 03:10:09]: Emre hat ein(e) Raketenwerfer gekauft.
[02-09-2026 03:10:09]: Emre hat ein(e) Raketenwerfer gekauft.
[02-09-2026 03:10:09]: Emre hat ein(e) Raketenwerfer gekauft.
[02-09-2026 03:10:10]: Emre hat ein(e) Raketenwerfer gekauft.
[02-09-2026 03:10:10]: Emre hat ein(e) Raketenwerfer gekauft.
[02-09-2026 03:10:10]: Emre hat ein(e) Raketenwerfer gekauft.
[02-09-2026 03:10:10]: Emre hat ein(e) Raketenwerfer gekauft.
[02-09-2026 03:10:10]: Emre hat ein(e) Raketenwerfer gekauft.
[02-09-2026 03:10:10]: Emre hat ein(e) Raketenwerfer gekauft.
[02-09-2026 03:10:11]: Emre hat ein(e) Raketenwerfer gekauft.
[02-09-2026 03:11:04]: Emre hat ein(e) Queue gekauft.
[02-09-2026 03:59:14]: Emre hat ein(e) Deagle gekauft.
[02-09-2026 03:59:14]: Emre hat ein(e) Deagle gekauft.
[02-09-2026 03:59:14]: Emre hat ein(e) Deagle gekauft.
[02-09-2026 03:59:15]: Emre hat ein(e) Mp5 gekauft.
[02-09-2026 03:59:15]: Emre hat ein(e) Mp5 gekauft.
[02-09-2026 03:59:15]: Emre hat ein(e) Mp5 gekauft.
[02-09-2026 03:59:15]: Emre hat ein(e) Mp5 gekauft.
[02-09-2026 03:59:16]: Emre hat ein(e) M4 gekauft.
[02-09-2026 03:59:16]: Emre hat ein(e) M4 gekauft.
[02-09-2026 03:59:16]: Emre hat ein(e) M4 gekauft.
[02-09-2026 03:59:16]: Emre hat ein(e) Sniper gekauft.
[02-09-2026 03:59:17]: Emre hat ein(e) Sniper gekauft.
[02-09-2026 03:59:17]: Emre hat ein(e) Raketenwerfer gekauft.
[02-09-2026 03:59:17]: Emre hat ein(e) Raketenwerfer gekauft.
[02-09-2026 03:59:17]: Emre hat ein(e) Raketenwerfer gekauft.
[02-09-2026 04:33:40]: Emre hat ein(e) Deagle gekauft.
[02-09-2026 04:33:40]: Emre hat ein(e) Deagle gekauft.
[02-09-2026 04:33:40]: Emre hat ein(e) Deagle gekauft.
[02-09-2026 04:33:41]: Emre hat ein(e) Mp5 gekauft.
[02-09-2026 04:33:41]: Emre hat ein(e) Mp5 gekauft.
[02-09-2026 04:33:41]: Emre hat ein(e) Mp5 gekauft.
[02-09-2026 04:33:42]: Emre hat ein(e) M4 gekauft.
[02-09-2026 04:33:42]: Emre hat ein(e) M4 gekauft.
[02-09-2026 04:33:43]: Emre hat ein(e) Sniper gekauft.
[02-09-2026 04:33:43]: Emre hat ein(e) Sniper gekauft.
[02-09-2026 04:33:43]: Emre hat ein(e) Raketenwerfer gekauft.
[02-09-2026 04:33:43]: Emre hat ein(e) Raketenwerfer gekauft.
[02-09-2026 04:33:43]: Emre hat ein(e) Raketenwerfer gekauft.
[02-09-2026 04:33:44]: Emre hat ein(e) Raketenwerfer gekauft.
[02-09-2026 04:33:44]: Emre hat ein(e) Raketenwerfer gekauft.
[02-09-2026 04:33:44]: Emre hat ein(e) Raketenwerfer gekauft.
[02-09-2026 04:33:44]: Emre hat ein(e) Raketenwerfer gekauft.
[06-09-2026 22:32:11]: Emre hat ein(e) Schlagstock gekauft.
[06-09-2026 22:32:12]: Emre hat ein(e) Pistole gekauft.
[06-09-2026 22:32:12]: Emre hat ein(e) Deagle gekauft.
[06-09-2026 22:32:13]: Emre hat ein(e) Deagle gekauft.
[06-09-2026 22:32:13]: Emre hat ein(e) Deagle gekauft.
[06-09-2026 22:32:13]: Emre hat ein(e) Deagle gekauft.
[06-09-2026 22:32:13]: Emre hat ein(e) Deagle gekauft.
[06-09-2026 22:32:13]: Emre hat ein(e) Deagle gekauft.
[06-09-2026 22:32:14]: Emre hat ein(e) Shotgun gekauft.
[06-09-2026 22:32:14]: Emre hat ein(e) Shotgun gekauft.
[06-09-2026 22:32:14]: Emre hat ein(e) Shotgun gekauft.
[06-09-2026 22:32:14]: Emre hat ein(e) Shotgun gekauft.
[06-09-2026 22:32:15]: Emre hat ein(e) Shotgun gekauft.
[06-09-2026 22:32:15]: Emre hat ein(e) Shotgun gekauft.
[06-09-2026 22:32:15]: Emre hat ein(e) M4 gekauft.
[06-09-2026 22:32:15]: Emre hat ein(e) M4 gekauft.
[06-09-2026 22:32:16]: Emre hat ein(e) M4 gekauft.
[06-09-2026 22:32:16]: Emre hat ein(e) M4 gekauft.
[06-09-2026 22:32:16]: Emre hat ein(e) M4 gekauft.
[06-09-2026 22:32:16]: Emre hat ein(e) M4 gekauft.
[06-09-2026 22:32:16]: Emre hat ein(e) Mp5 gekauft.
[06-09-2026 22:32:16]: Emre hat ein(e) Mp5 gekauft.
[06-09-2026 22:32:17]: Emre hat ein(e) Mp5 gekauft.
[06-09-2026 22:32:17]: Emre hat ein(e) Mp5 gekauft.
[06-09-2026 22:32:17]: Emre hat ein(e) Mp5 gekauft.
[06-09-2026 22:32:17]: Emre hat ein(e) Mp5 gekauft.
[06-09-2026 22:32:18]: Emre hat ein(e) Sniper gekauft.
[06-09-2026 22:32:18]: Emre hat ein(e) Sniper gekauft.
[06-09-2026 22:32:18]: Emre hat ein(e) Sniper gekauft.
[06-09-2026 22:32:18]: Emre hat ein(e) Sniper gekauft.
[06-09-2026 22:32:18]: Emre hat ein(e) Sniper gekauft.
[06-09-2026 22:32:18]: Emre hat ein(e) Sniper gekauft.
[11-09-2026 13:17:22]: Emre hat ein(e) Satchel gekauft.
[11-09-2026 13:18:38]: Emre hat ein(e) Satchel gekauft.
[11-09-2026 13:19:60]: Emre hat ein(e) Satchel gekauft.
[11-09-2026 13:20:01]: Emre hat ein(e) Satchel gekauft.
[11-09-2026 13:20:01]: Emre hat ein(e) Satchel gekauft.
[13-09-2026 20:22:17]: Emre hat ein(e) Deagle gekauft.
[13-09-2026 20:22:17]: Emre hat ein(e) Deagle gekauft.
[13-09-2026 20:22:17]: Emre hat ein(e) Deagle gekauft.
[13-09-2026 20:22:18]: Emre hat ein(e) Mp5 gekauft.
[13-09-2026 20:22:18]: Emre hat ein(e) Mp5 gekauft.
[13-09-2026 20:22:18]: Emre hat ein(e) Mp5 gekauft.
[13-09-2026 20:22:18]: Emre hat ein(e) Mp5 gekauft.
[13-09-2026 20:22:18]: Emre hat ein(e) Mp5 gekauft.
[13-09-2026 20:22:19]: Emre hat ein(e) M4 gekauft.
[13-09-2026 20:22:19]: Emre hat ein(e) M4 gekauft.
[13-09-2026 20:22:19]: Emre hat ein(e) M4 gekauft.
[13-09-2026 20:22:19]: Emre hat ein(e) M4 gekauft.
[13-09-2026 20:22:19]: Emre hat ein(e) M4 gekauft.
[13-09-2026 20:22:20]: Emre hat ein(e) Sniper gekauft.
[13-09-2026 20:22:20]: Emre hat ein(e) Sniper gekauft.
[13-09-2026 20:22:20]: Emre hat ein(e) Sniper gekauft.
[13-09-2026 20:22:20]: Emre hat ein(e) Sniper gekauft.
[13-09-2026 20:22:20]: Emre hat ein(e) Sniper gekauft.
[13-09-2026 20:22:20]: Emre hat ein(e) Raketenwerfer gekauft.
[13-09-2026 20:22:21]: Emre hat ein(e) Raketenwerfer gekauft.
[13-09-2026 20:22:21]: Emre hat ein(e) Raketenwerfer gekauft.
[13-09-2026 20:40:24]: Emre hat ein(e) Deagle gekauft.
[13-09-2026 21:44:42]: Emre hat ein(e) Deagle gekauft.
[13-09-2026 21:44:43]: Emre hat ein(e) Mp5 gekauft.
[13-09-2026 21:44:44]: Emre hat ein(e) M4 gekauft.
[13-09-2026 21:44:44]: Emre hat ein(e) Sniper gekauft.
[13-09-2026 21:44:45]: Emre hat ein(e) Raketenwerfer gekauft.
[13-09-2026 21:49:23]: Emre hat ein(e) Deagle gekauft.
[13-09-2026 21:49:23]: Emre hat ein(e) Deagle gekauft.
[13-09-2026 21:49:24]: Emre hat ein(e) Mp5 gekauft.
[13-09-2026 21:49:24]: Emre hat ein(e) Molotov gekauft.
[13-09-2026 21:49:25]: Emre hat ein(e) Gewehr gekauft.
[13-09-2026 21:49:25]: Emre hat ein(e) AK47 gekauft.
[13-09-2026 21:49:25]: Emre hat ein(e) Raketenwerfer gekauft.
[13-09-2026 21:49:26]: Emre hat ein(e) Sniper gekauft.
[13-09-2026 21:49:26]: Emre hat ein(e) M4 gekauft.
[13-09-2026 21:49:26]: Emre hat ein(e) Queue gekauft.
[15-09-2026 23:02:30]: Emre hat ein(e) Deagle gekauft.
[15-09-2026 23:02:30]: Emre hat ein(e) Deagle gekauft.
[15-09-2026 23:02:31]: Emre hat ein(e) Deagle gekauft.
[15-09-2026 23:02:31]: Emre hat ein(e) Deagle gekauft.
[15-09-2026 23:02:31]: Emre hat ein(e) Deagle gekauft.
[15-09-2026 23:02:31]: Emre hat ein(e) Deagle gekauft.
