[03-08-2026 21:02:24]: Emre hat 1 €, 0 Gramm Drogen und 0 Materialien aus dem Depot genommen.
[03-08-2026 21:02:28]: Emre hat 1234 €, 0 Gramm Drogen und 0 Materialien aus dem Depot genommen.
[03-08-2026 21:02:31]: Emre hat 1 €, 0 Gramm Drogen und 0 Materialien in das Depot gelegt.
[03-08-2026 21:29:45]: Emre hat 0 €, 0 Gramm Drogen und 1 Materialien aus dem Depot genommen.
[03-08-2026 21:29:47]: Emre hat 0 €, 0 Gramm Drogen und 1 Materialien in das Depot gelegt.
[03-08-2026 21:42:48]: Emre hat 0 €, 0 Gramm Drogen und 1 Materialien aus dem Depot genommen.
[03-08-2026 23:25:06]: Emre hat 0 €, 0 Gramm Drogen und 1 Materialien aus dem Depot genommen.
[03-08-2026 23:25:10]: Emre hat 0 €, 0 Gramm Drogen und 1 Materialien in das Depot gelegt.
[03-08-2026 23:25:12]: Emre hat 0 €, 0 Gramm Drogen und 1 Materialien aus dem Depot genommen.
[03-08-2026 23:25:18]: Emre hat 1 €, 0 Gramm Drogen und 0 Materialien aus dem Depot genommen.
[03-08-2026 23:25:19]: Emre hat 1 €, 0 Gramm Drogen und 0 Materialien aus dem Depot genommen.
[03-08-2026 23:25:22]: Emre hat 12345 €, 0 Gramm Drogen und 0 Materialien aus dem Depot genommen.
[03-08-2026 23:31:60]: Emre hat 1 €, 0 Gramm Drogen und 0 Materialien aus dem Depot genommen.
[03-08-2026 23:32:02]: Emre hat 1 €, 0 Gramm Drogen und 0 Materialien in das Depot gelegt.
[03-08-2026 23:32:04]: Emre hat 1 €, 0 Gramm Drogen und 0 Materialien in das Depot gelegt.
[03-08-2026 23:41:53]: Emre hat 1 €, 0 Gramm Drogen und 0 Materialien aus dem Depot genommen.
[03-08-2026 23:41:55]: Emre hat 1 €, 0 Gramm Drogen und 0 Materialien in das Depot gelegt.
[03-08-2026 23:41:56]: Emre hat 0 €, 0 Gramm Drogen und 1 Materialien aus dem Depot genommen.
[03-08-2026 23:41:57]: Emre hat 0 €, 0 Gramm Drogen und 1 Materialien in das Depot gelegt.
[03-08-2026 23:43:41]: Emre hat 1 €, 0 Gramm Drogen und 0 Materialien aus dem Depot genommen.
[03-08-2026 23:43:44]: Emre hat 1 €, 0 Gramm Drogen und 0 Materialien aus dem Depot genommen.
[03-08-2026 23:44:03]: Emre hat 1 €, 0 Gramm Drogen und 0 Materialien in das Depot gelegt.
[03-08-2026 23:44:04]: Emre hat 1 €, 0 Gramm Drogen und 0 Materialien aus dem Depot genommen.
[03-08-2026 23:44:05]: Emre hat 1 €, 0 Gramm Drogen und 0 Materialien aus dem Depot genommen.
[03-08-2026 23:44:06]: Emre hat 1 €, 0 Gramm Drogen und 0 Materialien aus dem Depot genommen.
[03-08-2026 23:44:06]: Emre hat 1 €, 0 Gramm Drogen und 0 Materialien aus dem Depot genommen.
[03-08-2026 23:44:07]: Emre hat 1 €, 0 Gramm Drogen und 0 Materialien aus dem Depot genommen.
[03-08-2026 23:44:09]: Emre hat 1 €, 0 Gramm Drogen und 0 Materialien aus dem Depot genommen.
[03-08-2026 23:44:09]: Emre hat 1 €, 0 Gramm Drogen und 0 Materialien aus dem Depot genommen.
[03-08-2026 23:44:10]: Emre hat 1 €, 0 Gramm Drogen und 0 Materialien aus dem Depot genommen.
[03-08-2026 23:44:11]: Emre hat 1 €, 0 Gramm Drogen und 0 Materialien aus dem Depot genommen.
[04-08-2026 00:51:48]: Emre hat 1 €, 0 Gramm Drogen und 0 Materialien aus dem Depot genommen.
[04-08-2026 00:51:50]: Emre hat 1 €, 0 Gramm Drogen und 0 Materialien in das Depot gelegt.
[04-08-2026 02:38:50]: Emre hat 121 €, 0 Gramm Drogen und 0 Materialien aus dem Depot genommen.
[04-08-2026 02:38:52]: Emre hat 123 €, 0 Gramm Drogen und 0 Materialien in das Depot gelegt.
[04-08-2026 13:38:41]: PlayasEmre hat 1 €, 0 Gramm Drogen und 0 Materialien aus dem Depot genommen.
[04-08-2026 13:38:42]: PlayasEmre hat 1 €, 0 Gramm Drogen und 0 Materialien in das Depot gelegt.
[05-08-2026 15:33:26]: James hat 25000 €, 0 Gramm Drogen und 0 Materialien aus dem Depot genommen.
[01-09-2026 22:54:30]: Emre hat 1 €, 0 Gramm Drogen und 0 Materialien aus dem Depot genommen.
[01-09-2026 22:54:32]: Emre hat 1 €, 0 Gramm Drogen und 0 Materialien in das Depot gelegt.
[02-09-2026 05:00:33]: Emre hat 1 €, 0 Gramm Drogen und 0 Materialien in das Depot gelegt.
[13-09-2026 20:47:15]: Emre hat 0 €, 0 Gramm Drogen und 102740 Materialien aus dem Depot genommen.
