[14-03-2022 17:21:24]: PlayasEmre hat sich mit VIP geheilt
[14-03-2022 17:36:60]: PlayasEmre hat sich mit VIP geheilt
[14-03-2022 17:42:22]: PlayasEmre hat sich mit VIP geheilt
[17-03-2022 19:57:13]: PlayasEmre hat sich mit VIP geheilt
[17-03-2022 20:07:44]: PlayasEmre hat sich mit VIP geheilt
[17-03-2022 20:13:26]: PlayasEmre hat sich mit VIP geheilt
[17-03-2022 20:28:46]: PlayasEmre hat sich mit VIP geheilt
[17-03-2022 20:48:22]: PlayasEmre hat sich mit VIP geheilt
[17-03-2022 20:51:15]: PlayasEmre hat sich mit VIP geheilt
[31-03-2022 13:47:45]: PlayasEmre hat sich mit VIP geheilt
[31-03-2022 14:20:53]: PlayasEmre hat sich mit VIP geheilt
[31-03-2022 14:58:34]: PlayasEmre hat sich mit VIP geheilt
[31-03-2022 16:59:55]: PlayasEmre hat sich mit VIP geheilt
[31-03-2022 17:15:22]: PlayasEmre hat sich mit VIP geheilt
[31-03-2022 17:17:54]: PlayasEmre hat sich mit VIP geheilt
[31-03-2022 17:26:24]: PlayasEmre hat sich mit VIP geheilt
[31-03-2022 17:27:47]: PlayasEmre hat sich mit VIP geheilt
[06-04-2022 21:37:46]: PlayasEmre hat sich mit VIP geheilt
[06-04-2022 21:55:07]: PlayasEmre hat sich mit VIP geheilt
[28-06-2022 22:16:35]: PlayasEmre hat sich mit VIP geheilt
[28-06-2022 22:38:40]: PlayasEmre hat sich mit VIP geheilt
[29-06-2022 00:08:58]: PlayasEmre hat sich mit VIP geheilt
[29-06-2022 00:27:26]: PlayasEmre hat sich mit VIP geheilt
[29-06-2022 00:52:32]: PlayasEmre hat sich mit VIP geheilt
[29-06-2022 02:36:49]: PlayasEmre hat sich mit VIP geheilt
[29-06-2022 02:54:45]: PlayasEmre hat sich mit VIP geheilt
[29-06-2022 02:57:50]: PlayasEmre hat sich mit VIP geheilt
[29-06-2022 03:42:14]: PlayasEmre hat sich mit VIP geheilt
[29-06-2022 03:47:24]: PlayasEmre hat sich mit VIP geheilt
[29-06-2022 03:48:34]: PlayasEmre hat sich mit VIP geheilt
[29-06-2022 03:51:58]: PlayasEmre hat sich mit VIP geheilt
[29-06-2022 03:59:53]: PlayasEmre hat sich mit VIP geheilt
[29-06-2022 15:02:14]: PlayasEmre hat sich mit VIP geheilt
[29-06-2022 15:11:01]: PlayasEmre hat sich mit VIP geheilt
[29-06-2022 15:33:25]: PlayasEmre hat sich mit VIP geheilt
[29-06-2022 20:04:60]: PlayasEmre hat sich mit VIP geheilt
[29-06-2022 20:11:35]: PlayasEmre hat sich mit VIP geheilt
[29-06-2022 20:17:28]: PlayasEmre hat sich mit VIP geheilt
[29-06-2022 21:42:38]: PlayasEmre hat sich mit VIP geheilt
[30-06-2022 00:50:15]: PlayasEmre hat sich mit VIP geheilt
[30-06-2022 00:55:22]: PlayasEmre hat sich mit VIP geheilt
[30-06-2022 00:58:23]: PlayasEmre hat sich mit VIP geheilt
[30-06-2022 01:01:25]: PlayasEmre hat sich mit VIP geheilt
[30-06-2022 01:37:37]: PlayasEmre hat sich mit VIP geheilt
[30-06-2022 01:54:33]: PlayasEmre hat sich mit VIP geheilt
[01-07-2022 14:03:55]: PlayasEmre hat sich mit VIP geheilt
[01-07-2022 17:13:27]: PlayasEmre hat sich mit VIP geheilt
[01-07-2022 17:14:23]: PlayasEmre hat sich mit VIP geheilt
[01-07-2022 17:15:15]: PlayasEmre hat sich mit VIP geheilt
[01-07-2022 17:15:47]: PlayasEmre hat sich mit VIP geheilt
[01-07-2022 17:17:19]: PlayasEmre hat sich mit VIP geheilt
[01-07-2022 17:17:58]: PlayasEmre hat sich mit VIP geheilt
[04-07-2022 02:31:41]: PlayasEmre hat sich mit VIP geheilt
[04-07-2022 02:41:23]: PlayasEmre hat sich mit VIP geheilt
[04-07-2022 03:00:50]: PlayasEmre hat sich mit VIP geheilt
[04-07-2022 03:43:20]: PlayasEmre hat sich mit VIP geheilt
[04-07-2022 03:46:55]: PlayasEmre hat sich mit VIP geheilt
[04-07-2022 03:49:25]: PlayasEmre hat sich mit VIP geheilt
[04-07-2022 03:53:14]: PlayasEmre hat sich mit VIP geheilt
[05-07-2022 21:27:38]: PlayasEmre hat sich mit VIP geheilt
[11-07-2022 20:59:46]: PlayasEmre hat sich mit VIP geheilt
[13-07-2022 15:34:26]: PlayasEmre hat sich mit VIP geheilt
[13-07-2022 15:39:42]: PlayasEmre hat sich mit VIP geheilt
[13-07-2022 15:43:54]: PlayasEmre hat sich mit VIP geheilt
[13-07-2022 15:46:53]: PlayasEmre hat sich mit VIP geheilt
[13-07-2022 15:48:20]: PlayasEmre hat sich mit VIP geheilt
[13-07-2022 15:52:09]: PlayasEmre hat sich mit VIP geheilt
[13-07-2022 15:59:33]: PlayasEmre hat sich mit VIP geheilt
[15-07-2022 18:48:22]: PlayasEmre hat sich mit VIP geheilt
[15-07-2022 18:49:14]: PlayasEmre hat sich mit VIP geheilt
[15-07-2022 18:50:14]: PlayasEmre hat sich mit VIP geheilt
[15-07-2022 18:54:37]: PlayasEmre hat sich mit VIP geheilt
[15-07-2022 18:54:51]: PlayasEmre hat sich mit VIP geheilt
[15-07-2022 19:08:49]: PlayasEmre hat sich mit VIP geheilt
[15-07-2022 19:10:45]: PlayasEmre hat sich mit VIP geheilt
[15-07-2022 19:19:38]: PlayasEmre hat sich mit VIP geheilt
[15-07-2022 19:25:03]: PlayasEmre hat sich mit VIP geheilt
[15-07-2022 19:26:55]: PlayasEmre hat sich mit VIP geheilt
[15-07-2022 19:40:42]: PlayasEmre hat sich mit VIP geheilt
[15-07-2022 19:43:08]: PlayasEmre hat sich mit VIP geheilt
[15-07-2022 19:44:34]: PlayasEmre hat sich mit VIP geheilt
[15-07-2022 19:45:59]: PlayasEmre hat sich mit VIP geheilt
[15-07-2022 19:46:59]: PlayasEmre hat sich mit VIP geheilt
[15-07-2022 19:57:42]: PlayasEmre hat sich mit VIP geheilt
[15-07-2022 19:59:17]: PlayasEmre hat sich mit VIP geheilt
[15-07-2022 22:06:40]: PlayasEmre hat sich mit VIP geheilt
[15-07-2022 22:13:12]: PlayasEmre hat sich mit VIP geheilt
[15-07-2022 22:13:55]: PlayasEmre hat sich mit VIP geheilt
[15-07-2022 22:15:22]: PlayasEmre hat sich mit VIP geheilt
[15-07-2022 22:17:04]: PlayasEmre hat sich mit VIP geheilt
[15-07-2022 22:18:05]: PlayasEmre hat sich mit VIP geheilt
[15-07-2022 22:19:29]: PlayasEmre hat sich mit VIP geheilt
[15-07-2022 22:23:10]: PlayasEmre hat sich mit VIP geheilt
[15-07-2022 22:28:37]: PlayasEmre hat sich mit VIP geheilt
[15-07-2022 22:34:32]: PlayasEmre hat sich mit VIP geheilt
[15-07-2022 23:04:01]: PlayasEmre hat sich mit VIP geheilt
[15-07-2022 23:14:26]: PlayasEmre hat sich mit VIP geheilt
[15-07-2022 23:22:58]: PlayasEmre hat sich mit VIP geheilt
[15-07-2022 23:43:37]: PlayasEmre hat sich mit VIP geheilt
[15-07-2022 23:45:11]: PlayasEmre hat sich mit VIP geheilt
[15-07-2022 23:47:10]: PlayasEmre hat sich mit VIP geheilt
[16-07-2022 00:10:43]: PlayasEmre hat sich mit VIP geheilt
[16-07-2022 00:22:15]: PlayasEmre hat sich mit VIP geheilt
[16-07-2022 00:23:34]: PlayasEmre hat sich mit VIP geheilt
[16-07-2022 01:07:26]: PlayasEmre hat sich mit VIP geheilt
[16-07-2022 01:17:09]: PlayasEmre hat sich mit VIP geheilt
[16-07-2022 01:20:47]: PlayasEmre hat sich mit VIP geheilt
[16-07-2022 01:23:37]: PlayasEmre hat sich mit VIP geheilt
[16-07-2022 01:26:50]: PlayasEmre hat sich mit VIP geheilt
[16-07-2022 01:29:29]: PlayasEmre hat sich mit VIP geheilt
[16-07-2022 01:31:52]: PlayasEmre hat sich mit VIP geheilt
[16-07-2022 01:39:02]: PlayasEmre hat sich mit VIP geheilt
[16-07-2022 01:41:07]: PlayasEmre hat sich mit VIP geheilt
[16-07-2022 01:47:51]: PlayasEmre hat sich mit VIP geheilt
[16-07-2022 01:52:51]: PlayasEmre hat sich mit VIP geheilt
[16-07-2022 01:54:44]: PlayasEmre hat sich mit VIP geheilt
[16-07-2022 01:57:38]: PlayasEmre hat sich mit VIP geheilt
[16-07-2022 01:59:33]: PlayasEmre hat sich mit VIP geheilt
[16-07-2022 02:06:16]: PlayasEmre hat sich mit VIP geheilt
[16-07-2022 02:12:59]: PlayasEmre hat sich mit VIP geheilt
[16-07-2022 02:25:12]: PlayasEmre hat sich mit VIP geheilt
[16-07-2022 02:32:39]: PlayasEmre hat sich mit VIP geheilt
[16-07-2022 02:34:35]: PlayasEmre hat sich mit VIP geheilt
[16-07-2022 02:43:38]: PlayasEmre hat sich mit VIP geheilt
[16-07-2022 02:44:44]: PlayasEmre hat sich mit VIP geheilt
[16-07-2022 02:53:48]: PlayasEmre hat sich mit VIP geheilt
[16-07-2022 03:07:50]: PlayasEmre hat sich mit VIP geheilt
[16-07-2022 03:08:24]: PlayasEmre hat sich mit VIP geheilt
[16-07-2022 03:16:20]: PlayasEmre hat sich mit VIP geheilt
[16-07-2022 03:19:16]: PlayasEmre hat sich mit VIP geheilt
[16-07-2022 03:40:11]: PlayasEmre hat sich mit VIP geheilt
[16-07-2022 04:01:26]: PlayasEmre hat sich mit VIP geheilt
[16-07-2022 04:06:33]: PlayasEmre hat sich mit VIP geheilt
[16-07-2022 04:09:18]: PlayasEmre hat sich mit VIP geheilt
[16-07-2022 15:22:05]: PlayasEmre hat sich mit VIP geheilt
[16-07-2022 15:22:29]: PlayasEmre hat sich mit VIP geheilt
[16-07-2022 15:23:50]: PlayasEmre hat sich mit VIP geheilt
[16-07-2022 15:25:25]: PlayasEmre hat sich mit VIP geheilt
[16-07-2022 15:27:02]: PlayasEmre hat sich mit VIP geheilt
[16-07-2022 15:29:37]: PlayasEmre hat sich mit VIP geheilt
[16-07-2022 15:30:27]: PlayasEmre hat sich mit VIP geheilt
[16-07-2022 15:34:07]: PlayasEmre hat sich mit VIP geheilt
[16-07-2022 15:37:11]: PlayasEmre hat sich mit VIP geheilt
[16-07-2022 15:37:50]: PlayasEmre hat sich mit VIP geheilt
[16-07-2022 15:39:46]: PlayasEmre hat sich mit VIP geheilt
[16-07-2022 15:40:44]: PlayasEmre hat sich mit VIP geheilt
[16-07-2022 15:41:53]: PlayasEmre hat sich mit VIP geheilt
[16-07-2022 15:42:20]: PlayasEmre hat sich mit VIP geheilt
[16-07-2022 15:44:36]: PlayasEmre hat sich mit VIP geheilt
[17-07-2022 14:17:36]: PlayasEmre hat sich mit VIP geheilt
[17-07-2022 14:29:40]: PlayasEmre hat sich mit VIP geheilt
[17-07-2022 15:01:31]: PlayasEmre hat sich mit VIP geheilt
[19-07-2022 01:32:27]: PlayasEmre hat sich mit VIP geheilt
[19-07-2022 15:13:56]: PlayasEmre hat sich mit VIP geheilt
[19-07-2022 15:34:57]: PlayasEmre hat sich mit VIP geheilt
[19-07-2022 15:36:24]: PlayasEmre hat sich mit VIP geheilt
[30-07-2022 18:54:38]: PlayasEmre hat sich mit VIP geheilt
[30-07-2022 19:07:21]: PlayasEmre hat sich mit VIP geheilt
[30-07-2022 19:22:41]: PlayasEmre hat sich mit VIP geheilt
[30-07-2022 19:28:19]: PlayasEmre hat sich mit VIP geheilt
[02-08-2022 17:46:57]: PlayasEmre hat sich mit VIP geheilt
[02-08-2022 17:47:49]: PlayasEmre hat sich mit VIP geheilt
[02-08-2022 17:49:18]: PlayasEmre hat sich mit VIP geheilt
[02-08-2022 17:51:58]: PlayasEmre hat sich mit VIP geheilt
[04-08-2022 12:02:60]: PlayasEmre hat sich mit VIP geheilt
[04-08-2022 13:05:26]: PlayasEmre hat sich mit VIP geheilt
[04-08-2022 13:17:55]: PlayasEmre hat sich mit VIP geheilt
[04-08-2022 13:33:10]: PlayasEmre hat sich mit VIP geheilt
[04-08-2022 13:35:28]: PlayasEmre hat sich mit VIP geheilt
[04-08-2022 13:41:56]: PlayasEmre hat sich mit VIP geheilt
[04-08-2022 15:09:51]: PlayasEmre hat sich mit VIP geheilt
[04-08-2022 15:12:27]: PlayasEmre hat sich mit VIP geheilt
[04-08-2022 15:26:17]: PlayasEmre hat sich mit VIP geheilt
[05-08-2022 21:48:34]: PlayasEmre hat sich mit VIP geheilt
[11-08-2022 20:05:05]: PlayasEmre hat sich mit VIP geheilt
[16-08-2022 20:10:23]: PlayasEmre hat sich mit VIP geheilt
[16-08-2022 20:12:44]: Emre hat sich mit VIP geheilt
[16-08-2022 20:15:56]: PlayasEmre hat sich mit VIP geheilt
[16-08-2022 20:31:01]: PlayasEmre hat sich mit VIP geheilt
[16-08-2022 20:32:03]: PlayasEmre hat sich mit VIP geheilt
[16-08-2022 20:34:17]: PlayasEmre hat sich mit VIP geheilt
[16-08-2022 20:35:46]: PlayasEmre hat sich mit VIP geheilt
[16-08-2022 20:57:35]: PlayasEmre hat sich mit VIP geheilt
[16-08-2022 21:16:19]: PlayasEmre hat sich mit VIP geheilt
[16-08-2022 21:17:36]: PlayasEmre hat sich mit VIP geheilt
[19-08-2022 18:44:49]: PlayasEmre hat sich mit VIP geheilt
[19-08-2022 18:55:38]: PlayasEmre hat sich mit VIP geheilt
[19-08-2022 19:16:04]: PlayasEmre hat sich mit VIP geheilt
[19-08-2022 19:34:08]: PlayasEmre hat sich mit VIP geheilt
[07-09-2022 21:27:35]: PlayasEmre hat sich mit VIP geheilt
[07-09-2022 21:49:37]: PlayasEmre hat sich mit VIP geheilt
[16-12-2022 19:52:58]: PlayasEmre hat sich mit VIP geheilt
[16-12-2022 20:16:34]: PlayasEmre hat sich mit VIP geheilt
[16-12-2022 20:49:25]: PlayasEmre hat sich mit VIP geheilt
[17-12-2022 16:52:49]: PlayasEmre hat sich mit VIP geheilt
[17-12-2022 16:54:40]: PlayasEmre hat sich mit VIP geheilt
[17-12-2022 17:04:14]: PlayasEmre hat sich mit VIP geheilt
[17-12-2022 23:20:07]: PlayasEmre hat sich mit VIP geheilt
[17-12-2022 23:21:33]: PlayasEmre hat sich mit VIP geheilt
[17-12-2022 23:52:31]: PlayasEmre hat sich mit VIP geheilt
[17-12-2022 23:57:15]: PlayasEmre hat sich mit VIP geheilt
[17-12-2022 23:59:48]: PlayasEmre hat sich mit VIP geheilt
[18-12-2022 12:46:49]: PlayasEmre hat sich mit VIP geheilt
[18-12-2022 13:41:43]: PlayasEmre hat sich mit VIP geheilt
[18-12-2022 13:43:55]: PlayasEmre hat sich mit VIP geheilt
[18-12-2022 14:01:07]: PlayasEmre hat sich mit VIP geheilt
[18-12-2022 14:03:29]: PlayasEmre hat sich mit VIP geheilt
[18-12-2022 14:04:31]: PlayasEmre hat sich mit VIP geheilt
[18-12-2022 14:50:34]: PlayasEmre hat sich mit VIP geheilt
[18-12-2022 15:23:46]: PlayasEmre hat sich mit VIP geheilt
[18-12-2022 15:25:43]: PlayasEmre hat sich mit VIP geheilt
[18-12-2022 15:26:15]: PlayasEmre hat sich mit VIP geheilt
[18-12-2022 15:26:55]: PlayasEmre hat sich mit VIP geheilt
[18-12-2022 15:27:35]: PlayasEmre hat sich mit VIP geheilt
[18-12-2022 15:28:11]: PlayasEmre hat sich mit VIP geheilt
[18-12-2022 16:24:26]: PlayasEmre hat sich mit VIP geheilt
[18-12-2022 16:32:45]: PlayasEmre hat sich mit VIP geheilt
[18-12-2022 16:41:10]: PlayasEmre hat sich mit VIP geheilt
[18-12-2022 16:50:37]: PlayasEmre hat sich mit VIP geheilt
[18-12-2022 16:51:43]: PlayasEmre hat sich mit VIP geheilt
[18-12-2022 16:59:02]: PlayasEmre hat sich mit VIP geheilt
[18-12-2022 20:06:49]: PlayasEmre hat sich mit VIP geheilt
[18-12-2022 20:32:50]: PlayasEmre hat sich mit VIP geheilt
[18-12-2022 20:36:52]: PlayasEmre hat sich mit VIP geheilt
[18-12-2022 20:40:17]: PlayasEmre hat sich mit VIP geheilt
[18-12-2022 21:05:52]: PlayasEmre hat sich mit VIP geheilt
[18-12-2022 22:43:44]: PlayasEmre hat sich mit VIP geheilt
[19-12-2022 15:04:38]: PlayasEmre hat sich mit VIP geheilt
[19-12-2022 20:29:29]: PlayasEmre hat sich mit VIP geheilt
[19-12-2022 20:33:07]: PlayasEmre hat sich mit VIP geheilt
[19-12-2022 20:35:17]: PlayasEmre hat sich mit VIP geheilt
[19-12-2022 20:43:22]: PlayasEmre hat sich mit VIP geheilt
[19-12-2022 20:45:20]: PlayasEmre hat sich mit VIP geheilt
[19-12-2022 20:48:20]: PlayasEmre hat sich mit VIP geheilt
[19-12-2022 21:03:02]: PlayasEmre hat sich mit VIP geheilt
[19-12-2022 21:04:11]: PlayasEmre hat sich mit VIP geheilt
[19-12-2022 21:06:34]: PlayasEmre hat sich mit VIP geheilt
[19-12-2022 21:29:22]: PlayasEmre hat sich mit VIP geheilt
[29-12-2022 16:21:41]: PlayasEmre hat sich mit VIP geheilt
[19-02-2023 23:20:16]: PlayasEmre hat sich mit VIP geheilt
[01-03-2023 14:19:05]: PlayasEmre hat sich mit VIP geheilt
[01-03-2023 19:49:17]: PlayasEmre hat sich mit VIP geheilt
[01-03-2023 20:36:34]: PlayasEmre hat sich mit VIP geheilt
[01-03-2023 20:45:45]: PlayasEmre hat sich mit VIP geheilt
[21-03-2023 14:35:40]: PlayasEmre hat sich mit VIP geheilt
[21-03-2023 22:32:56]: PlayasEmre hat sich mit VIP geheilt
[22-03-2023 15:38:48]: PlayasEmre hat sich mit VIP geheilt
[23-03-2023 21:43:36]: PlayasEmre hat sich mit VIP geheilt
[24-03-2023 02:06:15]: PlayasEmre hat sich mit VIP geheilt
[24-03-2023 14:55:56]: PlayasEmre hat sich mit VIP geheilt
[24-03-2023 17:10:55]: PlayasEmre hat sich mit VIP geheilt
[24-03-2023 17:12:26]: PlayasEmre hat sich mit VIP geheilt
[26-03-2023 19:53:05]: PlayasEmre hat sich mit VIP geheilt
[10-04-2023 17:58:21]: PlayasEmre hat sich mit VIP geheilt
[10-04-2023 18:07:11]: PlayasEmre hat sich mit VIP geheilt
[10-04-2023 18:09:44]: PlayasEmre hat sich mit VIP geheilt
[10-04-2023 18:15:19]: PlayasEmre hat sich mit VIP geheilt
[10-04-2023 18:25:39]: PlayasEmre hat sich mit VIP geheilt
[10-04-2023 18:27:47]: PlayasEmre hat sich mit VIP geheilt
[10-04-2023 18:28:58]: PlayasEmre hat sich mit VIP geheilt
[10-04-2023 18:30:59]: PlayasEmre hat sich mit VIP geheilt
[21-04-2023 17:46:14]: PlayasEmre hat sich mit VIP geheilt
[21-04-2023 17:59:19]: PlayasEmre hat sich mit VIP geheilt
[21-04-2023 18:01:37]: PlayasEmre hat sich mit VIP geheilt
[21-04-2023 18:06:30]: PlayasEmre hat sich mit VIP geheilt
[21-04-2023 18:10:58]: PlayasEmre hat sich mit VIP geheilt
[21-04-2023 18:11:38]: PlayasEmre hat sich mit VIP geheilt
[21-04-2023 18:18:11]: PlayasEmre hat sich mit VIP geheilt
[21-04-2023 18:18:41]: PlayasEmre hat sich mit VIP geheilt
[21-04-2023 18:21:58]: PlayasEmre hat sich mit VIP geheilt
[21-04-2023 18:39:07]: PlayasEmre hat sich mit VIP geheilt
[21-04-2023 19:41:30]: PlayasEmre hat sich mit VIP geheilt
[23-04-2023 00:32:27]: PlayasEmre hat sich mit VIP geheilt
[23-04-2023 00:40:50]: PlayasEmre hat sich mit VIP geheilt
[23-04-2023 00:47:49]: PlayasEmre hat sich mit VIP geheilt
[23-04-2023 01:10:59]: PlayasEmre hat sich mit VIP geheilt
[23-04-2023 11:48:17]: PlayasEmre hat sich mit VIP geheilt
[23-04-2023 11:50:55]: PlayasEmre hat sich mit VIP geheilt
[23-04-2023 12:03:54]: PlayasEmre hat sich mit VIP geheilt
[23-04-2023 13:17:05]: PlayasEmre hat Drogen genommen
[23-04-2023 13:34:03]: PlayasEmre hat sich mit VIP geheilt
[23-04-2023 13:34:19]: PlayasEmre hat Drogen genommen
[23-04-2023 13:44:34]: PlayasEmre hat Drogen genommen
[23-04-2023 13:49:49]: PlayasEmre hat sich mit VIP geheilt
[23-04-2023 13:50:48]: PlayasEmre hat Drogen genommen
[23-04-2023 13:56:11]: PlayasEmre hat sich mit VIP geheilt
[23-04-2023 14:01:16]: PlayasEmre hat Drogen genommen
[23-04-2023 14:03:25]: PlayasEmre hat Drogen genommen
[23-04-2023 14:04:03]: PlayasEmre hat Drogen genommen
[23-04-2023 14:04:24]: PlayasEmre hat Drogen genommen
[23-04-2023 14:05:04]: PlayasEmre hat Drogen genommen
[23-04-2023 14:06:29]: PlayasEmre hat Drogen genommen
[23-04-2023 14:06:58]: PlayasEmre hat Drogen genommen
[23-04-2023 14:07:43]: PlayasEmre hat Drogen genommen
[23-04-2023 14:08:21]: PlayasEmre hat Drogen genommen
[23-04-2023 14:08:42]: PlayasEmre hat Drogen genommen
[23-04-2023 14:09:05]: PlayasEmre hat Drogen genommen
[23-04-2023 14:09:25]: PlayasEmre hat Drogen genommen
[23-04-2023 14:09:46]: PlayasEmre hat Drogen genommen
[23-04-2023 14:10:08]: PlayasEmre hat Drogen genommen
[23-04-2023 14:10:57]: PlayasEmre hat Drogen genommen
[23-04-2023 14:11:51]: PlayasEmre hat Drogen genommen
[23-04-2023 14:12:24]: PlayasEmre hat Drogen genommen
[23-04-2023 14:12:47]: PlayasEmre hat Drogen genommen
[23-04-2023 14:13:10]: PlayasEmre hat Drogen genommen
[23-04-2023 14:14:24]: PlayasEmre hat Drogen genommen
[23-04-2023 14:15:02]: PlayasEmre hat Drogen genommen
[23-04-2023 14:15:26]: PlayasEmre hat Drogen genommen
[23-04-2023 14:15:48]: PlayasEmre hat Drogen genommen
[23-04-2023 14:16:08]: PlayasEmre hat Drogen genommen
[23-04-2023 14:16:44]: PlayasEmre hat Drogen genommen
[23-04-2023 14:17:11]: PlayasEmre hat Drogen genommen
[23-04-2023 14:18:03]: PlayasEmre hat Drogen genommen
[23-04-2023 14:18:32]: PlayasEmre hat Drogen genommen
[23-04-2023 14:18:57]: PlayasEmre hat Drogen genommen
[23-04-2023 14:19:18]: PlayasEmre hat Drogen genommen
[23-04-2023 14:19:46]: PlayasEmre hat Drogen genommen
[23-04-2023 14:20:13]: PlayasEmre hat Drogen genommen
[23-04-2023 14:20:53]: PlayasEmre hat Drogen genommen
[23-04-2023 14:21:16]: PlayasEmre hat Drogen genommen
[23-04-2023 14:21:37]: PlayasEmre hat Drogen genommen
[23-04-2023 14:22:07]: PlayasEmre hat Drogen genommen
[23-04-2023 14:22:34]: PlayasEmre hat Drogen genommen
[23-04-2023 14:22:52]: PlayasEmre hat Drogen genommen
[23-04-2023 14:23:25]: PlayasEmre hat Drogen genommen
[23-04-2023 14:23:60]: PlayasEmre hat Drogen genommen
[23-04-2023 14:24:16]: PlayasEmre hat Drogen genommen
[23-04-2023 14:24:57]: PlayasEmre hat Drogen genommen
[23-04-2023 14:25:24]: PlayasEmre hat Drogen genommen
[23-04-2023 15:06:41]: PlayasEmre hat sich mit VIP geheilt
[23-04-2023 17:57:39]: PlayasEmre hat sich mit VIP geheilt
[23-04-2023 18:13:31]: PlayasEmre hat sich mit VIP geheilt
[23-04-2023 18:14:56]: PlayasEmre hat sich mit VIP geheilt
[23-04-2023 18:19:24]: PlayasEmre hat sich mit VIP geheilt
[23-04-2023 18:20:30]: PlayasEmre hat sich mit VIP geheilt
[23-04-2023 18:21:05]: PlayasEmre hat sich mit VIP geheilt
[23-04-2023 18:23:52]: PlayasEmre hat sich mit VIP geheilt
[23-04-2023 18:26:03]: PlayasEmre hat sich mit VIP geheilt
[23-04-2023 18:28:33]: PlayasEmre hat sich mit VIP geheilt
[23-04-2023 20:27:01]: PlayasEmre hat sich mit VIP geheilt
[23-04-2023 21:21:54]: PlayasEmre hat sich mit VIP geheilt
[23-04-2023 21:25:31]: PlayasEmre hat sich mit VIP geheilt
[23-04-2023 21:36:04]: PlayasEmre hat sich mit VIP geheilt
[23-04-2023 21:54:34]: PlayasEmre hat sich mit VIP geheilt
[23-04-2023 22:02:32]: PlayasEmre hat sich mit VIP geheilt
[23-04-2023 22:48:28]: PlayasEmre hat sich mit VIP geheilt
[23-04-2023 23:49:20]: PlayasEmre hat sich mit VIP geheilt
[24-04-2023 13:06:54]: PlayasEmre hat sich mit VIP geheilt
[24-04-2023 13:40:03]: PlayasEmre hat sich mit VIP geheilt
[24-04-2023 13:57:06]: PlayasEmre hat sich mit VIP geheilt
[24-04-2023 14:09:30]: PlayasEmre hat sich mit VIP geheilt
[24-04-2023 14:28:26]: PlayasEmre hat sich mit VIP geheilt
[24-04-2023 14:33:20]: PlayasEmre hat sich mit VIP geheilt
[24-04-2023 14:54:56]: PlayasEmre hat sich mit VIP geheilt
[24-04-2023 14:55:43]: PlayasEmre hat sich mit VIP geheilt
[24-04-2023 16:29:19]: PlayasEmre hat sich mit VIP geheilt
[24-04-2023 16:34:21]: PlayasEmre hat sich mit VIP geheilt
[24-04-2023 16:42:24]: PlayasEmre hat sich mit VIP geheilt
[24-04-2023 16:42:25]: PlayasEmre hat Drogen genommen
[24-04-2023 16:42:43]: PlayasEmre hat Drogen genommen
[24-04-2023 16:43:08]: PlayasEmre hat Drogen genommen
[24-04-2023 16:43:32]: PlayasEmre hat Drogen genommen
[24-04-2023 16:56:26]: PlayasEmre hat sich mit VIP geheilt
[24-04-2023 18:29:23]: PlayasEmre hat sich mit VIP geheilt
[24-04-2023 18:40:13]: PlayasEmre hat sich mit VIP geheilt
[24-04-2023 18:47:46]: PlayasEmre hat sich mit VIP geheilt
[24-04-2023 18:51:24]: PlayasEmre hat sich mit VIP geheilt
[25-04-2023 21:27:49]: PlayasEmre hat sich mit VIP geheilt
[26-04-2023 19:15:21]: PlayasEmre hat sich mit VIP geheilt
[26-04-2023 19:16:10]: PlayasEmre hat sich mit VIP geheilt
[27-04-2023 21:11:38]: PlayasEmre hat sich mit VIP geheilt
[27-04-2023 21:14:04]: PlayasEmre hat sich mit VIP geheilt
[27-04-2023 21:35:55]: PlayasEmre hat sich mit VIP geheilt
[28-04-2023 20:04:31]: PlayasEmre hat sich mit VIP geheilt
[28-04-2023 21:18:15]: PlayasEmre hat sich mit VIP geheilt
[29-04-2023 00:21:27]: PlayasEmre hat sich mit VIP geheilt
[29-04-2023 17:37:45]: PlayasEmre hat sich mit VIP geheilt
[29-04-2023 19:12:08]: PlayasEmre hat sich mit VIP geheilt
[30-04-2023 14:48:38]: PlayasEmre hat sich mit VIP geheilt
[30-04-2023 15:48:58]: PlayasEmre hat sich mit VIP geheilt
[30-04-2023 19:44:41]: PlayasEmre hat sich mit VIP geheilt
[30-04-2023 21:33:42]: PlayasEmre hat sich mit VIP geheilt
[30-04-2023 22:05:31]: PlayasEmre hat sich mit VIP geheilt
[01-05-2023 13:13:07]: PlayasEmre hat sich mit VIP geheilt
[01-05-2023 20:17:47]: PlayasEmre hat sich mit VIP geheilt
[01-05-2023 20:23:11]: PlayasEmre hat sich mit VIP geheilt
[01-05-2023 20:29:31]: PlayasEmre hat sich mit VIP geheilt
[01-05-2023 20:42:04]: PlayasEmre hat sich mit VIP geheilt
[01-05-2023 23:53:49]: PlayasEmre hat sich mit VIP geheilt
[01-05-2023 23:56:49]: PlayasEmre hat sich mit VIP geheilt
[02-05-2023 00:45:51]: PlayasEmre hat sich mit VIP geheilt
[02-05-2023 23:57:27]: PlayasEmre hat sich mit VIP geheilt
[03-05-2023 01:49:23]: PlayasEmre hat sich mit VIP geheilt
[05-05-2023 18:00:23]: PlayasEmre hat sich mit VIP geheilt
[05-05-2023 21:41:20]: PlayasEmre hat sich mit VIP geheilt
[06-05-2023 01:27:56]: PlayasEmre hat sich mit VIP geheilt
[06-05-2023 01:39:06]: PlayasEmre hat sich mit VIP geheilt
[06-05-2023 01:49:20]: PlayasEmre hat sich mit VIP geheilt
[06-05-2023 19:14:21]: PlayasEmre hat sich mit VIP geheilt
[06-05-2023 19:22:26]: PlayasEmre hat sich mit VIP geheilt
[06-05-2023 23:21:41]: PlayasEmre hat sich mit VIP geheilt
[06-05-2023 23:26:14]: PlayasEmre hat sich mit VIP geheilt
[06-05-2023 23:27:26]: PlayasEmre hat sich mit VIP geheilt
[06-05-2023 23:38:60]: PlayasEmre hat sich mit VIP geheilt
[06-05-2023 23:44:30]: PlayasEmre hat sich mit VIP geheilt
[06-05-2023 23:47:44]: PlayasEmre hat sich mit VIP geheilt
[06-05-2023 23:50:40]: PlayasEmre hat sich mit VIP geheilt
[07-05-2023 00:20:40]: PlayasEmre hat sich mit VIP geheilt
[07-05-2023 00:33:18]: PlayasEmre hat sich mit VIP geheilt
[07-05-2023 12:03:32]: PlayasEmre hat sich mit VIP geheilt
[08-05-2023 14:55:20]: PlayasEmre hat sich mit VIP geheilt
[08-05-2023 14:57:56]: PlayasEmre hat sich mit VIP geheilt
[08-05-2023 15:00:26]: PlayasEmre hat sich mit VIP geheilt
[08-05-2023 15:02:43]: PlayasEmre hat sich mit VIP geheilt
[08-05-2023 15:04:43]: PlayasEmre hat sich mit VIP geheilt
[08-05-2023 15:06:15]: PlayasEmre hat sich mit VIP geheilt
[08-05-2023 15:06:58]: PlayasEmre hat sich mit VIP geheilt
[10-05-2023 22:06:06]: PlayasEmre hat sich mit VIP geheilt
[10-05-2023 22:31:02]: PlayasEmre hat sich mit VIP geheilt
[10-05-2023 23:01:24]: PlayasEmre hat sich mit VIP geheilt
[10-05-2023 23:21:55]: PlayasEmre hat sich mit VIP geheilt
[11-05-2023 17:24:49]: PlayasEmre hat sich mit VIP geheilt
[11-05-2023 17:28:56]: PlayasEmre hat sich mit VIP geheilt
[11-05-2023 17:33:06]: PlayasEmre hat sich mit VIP geheilt
[13-05-2023 01:26:12]: PlayasEmre hat sich mit VIP geheilt
[13-05-2023 01:32:33]: PlayasEmre hat sich mit VIP geheilt
[13-05-2023 01:34:42]: PlayasEmre hat sich mit VIP geheilt
[13-05-2023 01:40:44]: PlayasEmre hat sich mit VIP geheilt
[16-05-2023 00:50:44]: PlayasEmre hat sich mit VIP geheilt
[16-05-2023 00:52:53]: PlayasEmre hat sich mit VIP geheilt
[16-05-2023 00:56:03]: PlayasEmre hat sich mit VIP geheilt
[16-05-2023 01:06:14]: PlayasEmre hat sich mit VIP geheilt
[16-05-2023 01:10:17]: PlayasEmre hat sich mit VIP geheilt
[16-05-2023 01:14:21]: PlayasEmre hat sich mit VIP geheilt
[16-05-2023 01:17:07]: PlayasEmre hat sich mit VIP geheilt
[16-05-2023 01:18:27]: PlayasEmre hat sich mit VIP geheilt
[16-05-2023 01:29:08]: PlayasEmre hat sich mit VIP geheilt
[16-05-2023 01:31:21]: PlayasEmre hat sich mit VIP geheilt
[16-05-2023 01:35:08]: PlayasEmre hat sich mit VIP geheilt
[16-05-2023 01:41:47]: PlayasEmre hat sich mit VIP geheilt
[16-05-2023 01:44:46]: PlayasEmre hat sich mit VIP geheilt
[16-05-2023 02:03:38]: PlayasEmre hat sich mit VIP geheilt
[16-05-2023 02:12:06]: PlayasEmre hat sich mit VIP geheilt
[24-12-2023 19:09:29]: PlayasEmre hat sich mit VIP geheilt
[25-12-2023 17:09:60]: PlayasEmre hat sich mit VIP geheilt
[25-12-2023 23:13:44]: PlayasEmre hat sich mit VIP geheilt
[26-12-2023 00:02:48]: PlayasEmre hat sich mit VIP geheilt
[26-12-2023 00:25:44]: PlayasEmre hat sich mit VIP geheilt
[26-12-2023 00:35:44]: PlayasEmre hat sich mit VIP geheilt
[26-12-2023 00:36:08]: PlayasEmre hat sich mit VIP geheilt
[26-12-2023 01:01:07]: PlayasEmre hat sich mit VIP geheilt
[26-12-2023 01:01:40]: PlayasEmre hat sich mit VIP geheilt
[26-12-2023 01:08:15]: PlayasEmre hat sich mit VIP geheilt
[26-12-2023 03:27:10]: PlayasEmre hat sich mit VIP geheilt
[30-12-2023 01:40:23]: PlayasEmre hat sich mit VIP geheilt
[30-12-2023 01:42:28]: PlayasEmre hat sich mit VIP geheilt
[30-12-2023 02:23:38]: PlayasEmre hat sich mit VIP geheilt
[30-12-2023 14:47:56]: PlayasEmre hat sich mit VIP geheilt
[30-12-2023 14:54:11]: PlayasEmre hat sich mit VIP geheilt
[30-12-2023 20:11:11]: PlayasEmre hat sich mit VIP geheilt
[30-12-2023 20:11:40]: PlayasEmre hat Zigarette geraucht
[30-12-2023 20:31:30]: PlayasEmre hat sich mit VIP geheilt
[31-12-2023 16:50:34]: PlayasEmre hat sich mit VIP geheilt
[31-12-2023 17:07:39]: PlayasEmre hat sich mit VIP geheilt
[31-12-2023 19:16:13]: PlayasEmre hat sich mit VIP geheilt
[31-12-2023 20:13:09]: PlayasEmre hat sich mit VIP geheilt
[31-12-2023 21:01:17]: PlayasEmre hat sich mit VIP geheilt
[31-12-2023 21:28:42]: PlayasEmre hat sich mit VIP geheilt
[31-12-2023 21:36:52]: PlayasEmre hat sich mit VIP geheilt
[01-01-2024 01:45:22]: PlayasEmre hat sich mit VIP geheilt
[01-01-2024 02:17:51]: PlayasEmre hat sich mit VIP geheilt
[01-01-2024 03:51:32]: PlayasEmre hat sich mit VIP geheilt
[01-01-2024 03:52:55]: PlayasEmre hat sich mit VIP geheilt
[01-01-2024 03:55:09]: PlayasEmre hat sich mit Pizza geheilt
[01-01-2024 03:56:41]: PlayasEmre hat Waffe bestellt.
[01-01-2024 03:56:41]: PlayasEmre hat Waffe bestellt.
[01-01-2024 15:28:53]: PlayasEmre hat sich mit VIP geheilt
[01-01-2024 16:21:59]: PlayasEmre hat sich mit VIP geheilt
[01-01-2024 16:26:24]: PlayasEmre hat sich mit VIP geheilt
[01-01-2024 16:48:04]: PlayasEmre hat sich mit VIP geheilt
[01-01-2024 18:12:53]: PlayasEmre hat Alkohol getrunken
[01-01-2024 18:13:02]: PlayasEmre hat Alkohol getrunken
[01-01-2024 18:13:04]: PlayasEmre hat Alkohol getrunken
[01-01-2024 18:14:49]: PlayasEmre hat Zigarette geraucht
[01-01-2024 21:03:23]: PlayasEmre hat sich mit VIP geheilt
[01-01-2024 22:15:07]: PlayasEmre hat sich mit VIP geheilt
[14-10-2025 00:53:34]: Emre hat sich mit VIP geheilt
[14-10-2025 18:13:40]: Emre hat sich mit VIP geheilt
[14-10-2025 18:26:36]: Emre hat sich mit VIP geheilt
[14-10-2025 18:39:27]: Emre hat sich mit VIP geheilt
[14-10-2025 18:46:18]: Emre hat sich mit VIP geheilt
[14-10-2025 18:53:19]: Emre hat sich mit VIP geheilt
[14-10-2025 19:04:50]: Emre hat sich mit VIP geheilt
[14-10-2025 20:21:25]: Emre hat sich mit VIP geheilt
[14-10-2025 20:22:25]: Emre hat sich mit VIP geheilt
[14-10-2025 20:53:19]: Emre hat sich mit VIP geheilt
[15-10-2025 18:00:46]: Emre hat sich mit VIP geheilt
[15-10-2025 18:36:60]: Emre hat sich mit VIP geheilt
[15-10-2025 19:24:32]: Emre hat sich mit VIP geheilt
[15-10-2025 19:56:26]: Emre hat sich mit VIP geheilt
[15-10-2025 20:47:58]: Emre hat sich mit VIP geheilt
[15-10-2025 22:17:51]: Emre hat sich mit VIP geheilt
[15-10-2025 22:30:50]: Emre hat sich mit VIP geheilt
[15-10-2025 22:35:56]: Emre hat sich mit VIP geheilt
[17-10-2025 21:57:08]: Emre hat sich mit VIP geheilt
[19-10-2025 14:59:05]: Emre hat sich mit VIP geheilt
[19-10-2025 22:04:39]: Emre hat sich mit VIP geheilt
[21-10-2025 02:50:07]: Emre hat sich mit VIP geheilt
[21-10-2025 21:22:36]: Emre hat sich mit VIP geheilt
[21-10-2025 21:43:43]: Emre hat sich mit VIP geheilt
[21-10-2025 23:27:10]: Emre hat sich mit VIP geheilt
[22-10-2025 14:12:23]: Emre hat sich mit VIP geheilt
[22-10-2025 21:58:02]: Emre hat sich mit VIP geheilt
[26-10-2025 21:20:12]: Emre hat sich mit VIP geheilt
[02-11-2025 03:24:46]: Emre hat sich mit VIP geheilt
[05-11-2025 15:49:49]: Emre hat sich mit VIP geheilt
[06-11-2025 19:07:53]: Emre hat sich mit VIP geheilt
[06-11-2025 19:15:12]: Emre hat sich mit VIP geheilt
[06-11-2025 19:30:31]: Emre hat sich mit VIP geheilt
[07-11-2025 00:17:30]: Emre hat sich mit VIP geheilt
[07-11-2025 16:42:38]: Emre hat sich mit VIP geheilt
[08-11-2025 12:51:58]: Emre hat sich mit VIP geheilt
[08-11-2025 14:40:56]: Emre hat sich mit VIP geheilt
[08-11-2025 16:01:57]: Emre hat sich mit VIP geheilt
[08-11-2025 16:44:24]: Emre hat sich mit VIP geheilt
[08-11-2025 20:24:25]: Emre hat sich mit VIP geheilt
[08-11-2025 20:54:15]: Emre hat sich mit VIP geheilt
[09-11-2025 21:53:58]: Emre hat sich mit VIP geheilt
[10-11-2025 22:45:28]: Emre hat Zigarette geraucht
[16-11-2025 14:48:19]: Emre hat sich mit VIP geheilt
[16-11-2025 21:07:36]: Emre hat sich mit VIP geheilt
[16-11-2025 22:04:02]: Emre hat sich mit VIP geheilt
[16-11-2025 22:23:55]: Emre hat sich mit VIP geheilt
[16-11-2025 23:29:08]: Emre hat sich mit VIP geheilt
[16-11-2025 23:48:04]: Emre hat sich mit VIP geheilt
[16-11-2025 23:51:17]: Emre hat sich mit VIP geheilt
[16-11-2025 23:52:38]: Emre hat sich mit VIP geheilt
[17-11-2025 00:02:41]: Emre hat sich mit VIP geheilt
[17-11-2025 00:04:17]: Emre hat sich mit VIP geheilt
[17-11-2025 00:06:14]: Emre hat sich mit VIP geheilt
[17-11-2025 01:02:04]: Emre hat sich mit VIP geheilt
[17-11-2025 01:04:58]: Emre hat sich mit VIP geheilt
[17-11-2025 01:39:05]: Emre hat sich mit VIP geheilt
[17-11-2025 01:45:15]: Emre hat sich mit VIP geheilt
[17-11-2025 17:19:56]: Emre hat sich mit VIP geheilt
[17-11-2025 18:04:36]: Emre hat sich mit VIP geheilt
[17-11-2025 18:50:50]: Emre hat sich mit VIP geheilt
[17-11-2025 18:56:60]: Emre hat sich mit VIP geheilt
[17-11-2025 19:36:28]: Emre hat sich mit VIP geheilt
[17-11-2025 19:39:39]: Emre hat sich mit VIP geheilt
[17-11-2025 19:51:60]: Emre hat sich mit VIP geheilt
[17-11-2025 19:59:35]: Emre hat sich mit VIP geheilt
[17-11-2025 20:33:47]: Emre hat sich mit VIP geheilt
[17-11-2025 20:47:58]: Emre hat sich mit VIP geheilt
[17-11-2025 21:03:23]: Emre hat sich mit VIP geheilt
[20-11-2025 15:24:11]: Emre hat sich mit VIP geheilt
[20-11-2025 15:37:41]: Emre hat sich mit VIP geheilt
[11-07-2026 12:28:15]: PlayasEmre hat sich mit VIP geheilt
[11-07-2026 13:12:50]: PlayasEmre hat sich mit VIP geheilt
[18-07-2026 01:19:34]: PlayasEmre hat sich mit VIP geheilt
[18-07-2026 01:33:46]: PlayasEmre hat sich mit VIP geheilt
[26-07-2026 03:19:01]: Emre hat sich mit VIP geheilt
[28-07-2026 17:39:57]: Emre hat sich mit VIP geheilt
[28-07-2026 19:38:06]: Hulk hat sich mit Pizza geheilt
[28-07-2026 19:48:26]: Emre hat sich mit VIP geheilt
[28-07-2026 20:13:03]: Hulk hat sich mit Pizza geheilt
[02-08-2026 20:58:38]: Emre hat sich mit VIP geheilt
[02-08-2026 21:20:11]: Hulk hat sich mit Pizza geheilt
[02-08-2026 21:29:04]: Emre hat sich mit VIP geheilt
[02-08-2026 22:24:23]: Hulk hat sich mit Pizza geheilt
[02-08-2026 23:25:47]: Hulk hat sich mit Pizza geheilt
[02-08-2026 23:41:42]: Hulk hat sich mit VIP geheilt
[03-08-2026 13:46:08]: Emre hat sich mit VIP geheilt
[03-08-2026 17:38:50]: Emre hat sich mit VIP geheilt
[03-08-2026 17:58:14]: Hulk hat sich mit VIP geheilt
[03-08-2026 18:40:24]: Hulk hat sich mit Pizza geheilt
[03-08-2026 20:23:56]: Emre hat sich mit VIP geheilt
[03-08-2026 21:32:36]: Emre hat Alkohol getrunken
[03-08-2026 23:32:08]: Emre hat sich mit VIP geheilt
[03-08-2026 23:34:49]: Emre hat sich mit VIP geheilt
[04-08-2026 00:41:15]: Emre hat sich mit VIP geheilt
[04-08-2026 01:02:03]: Emre hat sich mit VIP geheilt
[04-08-2026 01:20:02]: Emre hat sich mit VIP geheilt
[04-08-2026 01:36:01]: Emre hat sich mit VIP geheilt
[04-08-2026 03:57:20]: Emre hat sich mit VIP geheilt
[04-08-2026 04:26:02]: Emre hat sich mit VIP geheilt
[04-08-2026 04:41:10]: Emre hat sich mit VIP geheilt
[04-08-2026 12:54:27]: Emre hat sich mit VIP geheilt
[04-08-2026 13:11:41]: PlayasEmre hat sich mit VIP geheilt
[04-08-2026 13:37:40]: PlayasEmre hat sich mit VIP geheilt
[04-08-2026 13:38:51]: PlayasEmre hat sich mit VIP geheilt
[04-08-2026 16:59:13]: Emre hat sich mit VIP geheilt
[04-08-2026 18:44:24]: Emre hat sich mit VIP geheilt
[04-08-2026 21:10:41]: Emre hat sich mit VIP geheilt
[04-08-2026 21:18:04]: Emre hat sich mit VIP geheilt
[04-08-2026 21:41:50]: Emre hat sich mit VIP geheilt
[04-08-2026 21:45:32]: Emre hat sich mit VIP geheilt
[04-08-2026 21:57:35]: Emre hat sich mit VIP geheilt
[05-08-2026 00:31:45]: Emre hat sich mit VIP geheilt
[05-08-2026 10:47:52]: Emre hat sich mit VIP geheilt
[05-08-2026 12:55:46]: Emre hat sich mit VIP geheilt
[05-08-2026 18:23:23]: Emre hat sich mit VIP geheilt
[05-08-2026 18:26:17]: Emre hat sich mit VIP geheilt
[05-08-2026 18:51:39]: Emre hat sich mit VIP geheilt
[05-08-2026 19:14:48]: Emre hat sich mit VIP geheilt
[05-08-2026 20:30:02]: Emre hat sich mit Pizza geheilt
[05-08-2026 21:56:45]: Emre hat sich mit VIP geheilt
[05-08-2026 22:13:60]: Hulk hat sich mit VIP geheilt
[06-08-2026 00:03:38]: Emre hat sich mit VIP geheilt
[06-08-2026 00:40:27]: Emre hat sich mit VIP geheilt
[06-08-2026 18:33:55]: Hulk hat sich mit VIP geheilt
[06-08-2026 19:58:28]: Hulk hat sich mit VIP geheilt
[06-08-2026 21:12:43]: Hulk hat sich mit VIP geheilt
[06-08-2026 22:01:17]: Hulk hat sich mit VIP geheilt
[06-08-2026 23:12:35]: Hulk hat sich mit VIP geheilt
[14-08-2026 16:05:30]: Emre hat sich mit VIP geheilt
[14-08-2026 17:17:18]: Emre hat sich mit VIP geheilt
[14-08-2026 17:22:13]: Emre hat sich mit VIP geheilt
[14-08-2026 17:28:02]: Emre hat sich mit VIP geheilt
[14-08-2026 21:21:12]: Emre hat sich mit VIP geheilt
[15-08-2026 12:31:58]: Emre hat sich mit VIP geheilt
[15-08-2026 12:38:40]: Emre hat Drogen genommen
[15-08-2026 12:39:08]: Emre hat Zigarette geraucht
[15-08-2026 12:39:20]: Emre hat Alkohol getrunken
[15-08-2026 12:41:24]: Emre hat sich mit VIP geheilt
[15-08-2026 22:35:25]: Emre hat sich mit VIP geheilt
[16-08-2026 01:31:09]: Emre hat Waffe bestellt.
[16-08-2026 01:43:41]: Striker hat sich mit Pizza geheilt
[16-08-2026 01:45:35]: Striker hat sich mit Pizza geheilt
[19-08-2026 17:08:59]: Emre hat sich mit VIP geheilt
[19-08-2026 20:04:11]: Emre hat sich mit VIP geheilt
[19-08-2026 20:10:32]: Emre hat Zigarette geraucht
[19-08-2026 20:12:14]: Emre hat Zigarette geraucht
[20-08-2026 01:54:30]: Emre hat sich mit VIP geheilt
[20-08-2026 01:58:23]: Emre hat sich mit VIP geheilt
[25-08-2026 01:31:32]: Emre hat sich mit Pizza geheilt
[25-08-2026 01:32:40]: Emre hat Alkohol getrunken
[25-08-2026 01:33:55]: Emre hat Alkohol getrunken
[25-08-2026 01:35:48]: Emre hat Alkohol getrunken
[25-08-2026 01:48:23]: Emre hat Alkohol getrunken
[25-08-2026 01:59:49]: Emre hat Alkohol getrunken
[26-08-2026 13:23:47]: Emre hat sich mit VIP geheilt
[26-08-2026 16:46:10]: Emre hat sich mit VIP geheilt
[26-08-2026 18:22:29]: Emre hat sich mit VIP geheilt
[26-08-2026 23:42:19]: Emre hat sich mit VIP geheilt
[27-08-2026 20:37:51]: Emre hat sich mit VIP geheilt
[27-08-2026 20:56:54]: Emre hat sich mit VIP geheilt
[27-08-2026 23:16:31]: Emre hat Drogen genommen
[28-08-2026 22:20:31]: Emre hat sich mit VIP geheilt
[30-08-2026 02:17:40]: Emre hat sich mit VIP geheilt
[30-08-2026 17:32:22]: Emre hat Drogen genommen
[31-08-2026 17:50:47]: Emre hat sich mit VIP geheilt
[31-08-2026 18:11:03]: Emre hat sich mit VIP geheilt
[31-08-2026 22:54:30]: Emre hat Zigarette geraucht
[31-08-2026 23:06:55]: Emre hat sich mit VIP geheilt
[31-08-2026 23:33:36]: Emre hat Alkohol getrunken
[01-09-2026 22:52:31]: Emre hat Zigarette geraucht
[02-09-2026 04:00:46]: Emre hat sich mit VIP geheilt
[02-09-2026 07:01:37]: Emre hat sich mit VIP geheilt
[02-09-2026 17:30:25]: Emre hat sich mit VIP geheilt
[06-09-2026 12:43:35]: Emre hat sich mit VIP geheilt
[06-09-2026 12:45:41]: Emre hat Drogen genommen
[06-09-2026 22:07:19]: Emre hat sich mit VIP geheilt
[06-09-2026 23:48:58]: Emre hat sich mit VIP geheilt
[07-09-2026 00:09:12]: Emre hat sich mit VIP geheilt
[11-09-2026 13:41:57]: Emre hat Zigarette geraucht
[11-09-2026 14:44:54]: Emre hat Zigarette geraucht
[11-09-2026 14:47:27]: Emre hat Zigarette geraucht
[11-09-2026 14:49:51]: Emre hat Zigarette geraucht
[11-09-2026 15:10:21]: Emre hat Zigarette geraucht
[13-09-2026 00:57:44]: Emre hat sich mit VIP geheilt
