[24-06-2022 15:03:06]: PlayasEmre hat ein Haus gekauft ( 110 )
[24-06-2022 15:09:22]: PlayasEmre hat sein Haus verkauft.
[20-12-2022 19:50:44]: PlayasEmre hat ein Haus gekauft ( 119 )
[20-12-2022 19:51:56]: PlayasEmre hat sein Haus verkauft.
[20-12-2022 19:52:14]: PlayasEmre hat ein Haus gekauft ( 110 )
[20-12-2022 19:52:41]: PlayasEmre hat sein Haus verkauft.
[20-12-2022 20:05:09]: PlayasEmre hat ein Haus gekauft ( 110 )
[20-12-2022 20:11:08]: PlayasEmre hat sein Haus verkauft.
[20-12-2022 20:14:45]: PlayasEmre hat ein Haus gekauft ( 110 )
[20-12-2022 20:21:34]: PlayasEmre hat sein Haus verkauft.
[30-12-2023 21:06:03]: PlayasEmre hat ein Haus gekauft ( 110 )
[30-12-2023 21:11:04]: PlayasEmre hat sein Haus verkauft.
[03-08-2026 15:20:21]: Emre hat ein Haus gekauft ( 110 )
[03-08-2026 16:09:59]: Emre hat sein Haus verkauft.
[03-08-2026 16:10:23]: Emre hat ein Haus gekauft ( 159 )
[03-08-2026 16:23:43]: Emre hat sein Haus verkauft.
[03-08-2026 16:24:05]: Emre hat ein Haus gekauft ( 110 )
[04-08-2026 21:56:17]: Hulk hat ein Haus gekauft ( 119 )
[18-08-2026 14:02:40]: Emre hat ein Haus gekauft ( 110 )
[19-08-2026 11:59:08]: Emre hat ein Haus gekauft ( 110 )
[19-08-2026 14:05:06]: Emre hat sein Haus verkauft.
[30-08-2026 04:57:21]: Emre hat ein Haus gekauft ( 110 )
[30-08-2026 05:12:09]: Emre hat sein Haus verkauft.
[30-08-2026 05:12:45]: Emre hat ein Haus gekauft ( 160 )
[30-08-2026 05:13:04]: Emre hat sein Haus verkauft.
[30-08-2026 05:13:11]: Emre hat ein Haus gekauft ( 159 )
[30-08-2026 05:13:26]: Emre hat sein Haus verkauft.
[30-08-2026 05:22:36]: Emre hat ein Haus gekauft ( 110 )
[30-08-2026 05:22:59]: Emre hat sein Haus verkauft.
[30-08-2026 05:23:49]: Emre hat ein Haus gekauft ( 159 )
