[13-07-2022 15:36:38]: PlayasEmre wurde von PlayasEmre getötet ( Waffe: 29 )
[15-07-2022 22:29:42]: PlayasEmre wurde von PlayasEmre getötet ( Waffe: 37 )
[16-07-2022 04:09:38]: PlayasEmre wurde von PlayasEmre getötet ( Waffe: 16 )
[23-04-2023 21:22:59]: PlayasEmre wurde von PlayasEmre getötet ( Waffe: 53 )
[30-04-2023 22:07:47]: Abdul.hahki wurde von Abdul.hahki getötet ( Waffe: 53 )
[06-05-2023 01:42:27]: Pusher30 wurde von PlayasEmre getötet ( Waffe: 38 )
[07-05-2023 00:32:28]: Pusher30 wurde von PlayasEmre getötet ( Waffe: 19 )
[07-05-2023 00:33:04]: Pusher30 wurde von PlayasEmre getötet ( Waffe: 0 )
[11-05-2023 17:05:05]: PlayasEmre wurde von PlayasEmre getötet ( Waffe: 19 )
[06-11-2025 21:59:37]: Emre wurde von Emre getötet ( Waffe: 53 )
[08-11-2025 16:37:55]: Emre wurde von SpookyUHD getötet ( Waffe: 38 )
[08-11-2025 16:40:43]: Emre wurde von SpookyUHD getötet ( Waffe: 38 )
[08-11-2025 19:53:10]: SpookyUHD wurde von Emre getötet ( Waffe: 38 )
[02-08-2026 21:05:24]: Emre wurde von Hulk getötet ( Waffe: 24 )
[02-08-2026 21:06:38]: Emre wurde von Hulk getötet ( Waffe: 24 )
[02-08-2026 21:25:33]: Hulk wurde von Emre getötet ( Waffe: 24 )
[02-08-2026 21:26:17]: Emre wurde von Emre getötet ( Waffe: 19 )
[04-08-2026 17:41:14]: James wurde von Emre getötet ( Waffe: 30 )
[04-08-2026 17:47:07]: James wurde von Emre getötet ( Waffe: 30 )
[04-08-2026 18:19:42]: Hulk wurde von Emre getötet ( Waffe: 24 )
[04-08-2026 18:22:06]: Hulk wurde von Emre getötet ( Waffe: 24 )
[04-08-2026 18:27:53]: Hulk wurde von Emre getötet ( Waffe: 24 )
[04-08-2026 18:28:43]: Hulk wurde von Emre getötet ( Waffe: 24 )
[04-08-2026 18:29:41]: Hulk wurde von Emre getötet ( Waffe: 24 )
[04-08-2026 18:31:27]: Emre wurde von Hulk getötet ( Waffe: 24 )
[04-08-2026 18:37:29]: Emre wurde von Hulk getötet ( Waffe: 24 )
[04-08-2026 18:43:04]: Emre wurde von Hulk getötet ( Waffe: 41 )
[04-08-2026 18:44:56]: Emre wurde von Hulk getötet ( Waffe: 41 )
[04-08-2026 18:46:45]: Emre wurde von Hulk getötet ( Waffe: 24 )
[04-08-2026 18:50:36]: Emre wurde von Hulk getötet ( Waffe: 31 )
[04-08-2026 18:58:17]: Emre wurde von Hulk getötet ( Waffe: 31 )
[04-08-2026 19:07:16]: Emre wurde von Hulk getötet ( Waffe: 31 )
[04-08-2026 19:11:10]: Emre wurde von Hulk getötet ( Waffe: 31 )
[04-08-2026 19:12:09]: Emre wurde von Hulk getötet ( Waffe: 31 )
[04-08-2026 19:19:19]: Emre wurde von Hulk getötet ( Waffe: 31 )
[04-08-2026 19:25:11]: Emre wurde von Hulk getötet ( Waffe: 31 )
[04-08-2026 19:26:16]: Hulk wurde von Emre getötet ( Waffe: 31 )
[04-08-2026 19:30:03]: Hulk wurde von Emre getötet ( Waffe: 31 )
[04-08-2026 19:32:42]: Hulk wurde von Emre getötet ( Waffe: 31 )
[04-08-2026 19:49:09]: Hulk wurde von Emre getötet ( Waffe: 31 )
[04-08-2026 19:55:02]: Hulk wurde von Emre getötet ( Waffe: 31 )
[04-08-2026 19:58:43]: Hulk wurde von Emre getötet ( Waffe: 31 )
[04-08-2026 20:03:04]: Hulk wurde von Emre getötet ( Waffe: 31 )
[04-08-2026 20:09:18]: Hulk wurde von Emre getötet ( Waffe: 31 )
[04-08-2026 20:19:03]: Hulk wurde von Emre getötet ( Waffe: 31 )
[04-08-2026 20:19:29]: Hulk wurde von Emre getötet ( Waffe: 31 )
[04-08-2026 20:22:39]: Emre wurde von Hulk getötet ( Waffe: 31 )
[04-08-2026 21:11:60]: Emre wurde von Hulk getötet ( Waffe: 31 )
[04-08-2026 21:14:37]: Hulk wurde von Emre getötet ( Waffe: 31 )
[05-08-2026 19:00:29]: Hulk wurde von Emre getötet ( Waffe: 30 )
[05-08-2026 19:01:16]: Hulk wurde von Emre getötet ( Waffe: 30 )
[05-08-2026 19:01:33]: Hulk wurde von Emre getötet ( Waffe: 30 )
[05-08-2026 19:23:29]: Hulk wurde von Emre getötet ( Waffe: 41 )
[05-08-2026 19:27:59]: Emre wurde von Hulk getötet ( Waffe: 30 )
[05-08-2026 20:26:44]: Emre wurde von Emre getötet ( Waffe: 37 )
[05-08-2026 21:14:26]: Hulk wurde von Emre getötet ( Waffe: 49 )
[05-08-2026 21:18:52]: Emre wurde von Hulk getötet ( Waffe: 19 )
[05-08-2026 21:27:59]: Emre wurde von Hulk getötet ( Waffe: 31 )
[05-08-2026 21:29:19]: Emre wurde von Hulk getötet ( Waffe: 31 )
[05-08-2026 21:29:54]: Emre wurde von Hulk getötet ( Waffe: 31 )
[05-08-2026 21:32:45]: Emre wurde von Hulk getötet ( Waffe: 31 )
[05-08-2026 21:37:32]: Emre wurde von Hulk getötet ( Waffe: 31 )
[05-08-2026 21:41:15]: Emre wurde von Hulk getötet ( Waffe: 41 )
[05-08-2026 21:47:52]: Emre wurde von Hulk getötet ( Waffe: 31 )
[05-08-2026 21:49:41]: Hulk wurde von Emre getötet ( Waffe: 31 )
[14-08-2026 16:44:21]: Emre wurde von Emre getötet ( Waffe: 19 )
[14-08-2026 16:45:04]: Emre wurde von Emre getötet ( Waffe: 19 )
[14-08-2026 16:54:04]: Emre wurde von Emre getötet ( Waffe: 19 )
[14-08-2026 16:56:22]: Emre wurde von Emre getötet ( Waffe: 37 )
[14-08-2026 16:56:46]: Emre wurde von Emre getötet ( Waffe: 37 )
[14-08-2026 16:57:04]: Emre wurde von Emre getötet ( Waffe: 37 )
[15-08-2026 23:19:45]: Emre wurde von Hulk getötet ( Waffe: 31 )
[16-08-2026 01:30:43]: SpookyUHD wurde von Emre getötet ( Waffe: 24 )
[16-08-2026 01:33:52]: SpookyUHD wurde von Emre getötet ( Waffe: 24 )
[16-08-2026 01:40:22]: SpookyUHD wurde von Emre getötet ( Waffe: 24 )
[16-08-2026 01:46:54]: Striker wurde von Emre getötet ( Waffe: 19 )
[16-08-2026 01:49:03]: Striker wurde von Emre getötet ( Waffe: 19 )
[16-08-2026 01:50:19]: Striker wurde von Emre getötet ( Waffe: 19 )
[20-08-2026 01:12:43]: Emre wurde von Emre getötet ( Waffe: 53 )
[24-08-2026 16:43:34]: Emre wurde von Emre getötet ( Waffe: 19 )
[11-09-2026 13:06:46]: Emre wurde von Emre getötet ( Waffe: 19 )
