[20-12-2022 19:49:17]: [REPORT]: PlayasEmre hat die Reporthalle betreten!
[20-12-2022 19:50:06]: [REPORT]: PlayasEmre hat die Reporthalle verlassen!
[20-12-2022 19:52:33]: [REPORT]: PlayasEmre hat die Reporthalle betreten!
[20-12-2022 19:52:39]: [REPORT]: PlayasEmre hat die Reporthalle verlassen!
[20-12-2022 20:04:19]: [REPORT]: PlayasEmre hat die Reporthalle betreten!
[20-12-2022 20:04:39]: [REPORT]: PlayasEmre hat die Reporthalle verlassen!
[20-12-2022 20:04:39]: [REPORT]: PlayasEmre hat die Reporthalle betreten!
[20-12-2022 20:04:60]: [REPORT]: PlayasEmre hat die Reporthalle verlassen!
[20-12-2022 20:05:38]: [REPORT]: PlayasEmre hat die Reporthalle betreten!
[20-12-2022 20:05:45]: [REPORT]: PlayasEmre hat die Reporthalle verlassen!
[20-12-2022 20:09:47]: [REPORT]: PlayasEmre hat die Reporthalle betreten!
[20-12-2022 20:10:37]: [REPORT]: PlayasEmre hat die Reporthalle verlassen!
[23-04-2023 22:47:11]: [REPORT]: blerton hat die Reporthalle betreten!
[23-04-2023 22:47:59]: [REPORT]: blerton hat die Reporthalle verlassen!
[23-04-2023 23:43:58]: [REPORT]: PlayasEmre hat die Reporthalle betreten!
[23-04-2023 23:44:03]: [REPORT]: PlayasEmre hat die Reporthalle verlassen!
[01-01-2024 16:42:07]: [REPORT]: PlayasEmre hat die Reporthalle betreten!
[01-01-2024 16:42:47]: [REPORT]: PlayasEmre hat die Reporthalle verlassen!
[01-01-2024 16:47:52]: [REPORT]: PlayasEmre hat die Reporthalle betreten!
[14-10-2025 20:50:09]: [REPORT]: Emre hat die Reporthalle betreten!
[14-10-2025 20:53:10]: [REPORT]: Emre hat die Reporthalle verlassen!
[14-10-2025 20:56:03]: [REPORT]: Emre hat die Reporthalle betreten!
[22-10-2025 21:57:32]: [REPORT]: Emre hat die Reporthalle betreten!
[22-10-2025 21:57:37]: [REPORT]: Emre hat die Reporthalle verlassen!
[02-08-2026 21:21:52]: [REPORT]: Fabi hat die Reporthalle betreten!
[02-08-2026 21:22:08]: [REPORT]: Fabi hat die Reporthalle verlassen!
[26-08-2026 19:50:43]: [REPORT]: Emre hat die Reporthalle betreten!
[26-08-2026 19:50:60]: [REPORT]: Emre hat die Reporthalle verlassen!
[07-09-2026 00:26:14]: [REPORT]: Emre hat die Reporthalle betreten!
[07-09-2026 00:26:42]: [REPORT]: Emre hat die Reporthalle verlassen!
[07-09-2026 00:32:15]: [REPORT]: Emre hat die Reporthalle betreten!
