[29-06-2022 02:46:52]: [Carrob]: Das Wang Cars wird von PlayasEmre ausgeraubt!
[17-07-2022 15:01:59]: [Carrob]: Das Wang Cars wird von PlayasEmre ausgeraubt!
[17-07-2022 15:06:31]: [Carrob]: Das Wang Cars wird von PlayasEmre ausgeraubt!
[17-07-2022 15:18:45]: [Carrob]: Das Wang Cars wird von PlayasEmre ausgeraubt!
[05-08-2022 21:49:27]: [Carrob]: Das Wang Cars wird von PlayasEmre ausgeraubt!
[05-08-2022 23:52:01]: [Carrob]: Das Wang Cars wird von PlayasEmre ausgeraubt!
[06-08-2022 00:07:07]: [Carrob]: Das Wang Cars wird von PlayasEmre ausgeraubt!
[06-08-2022 00:10:20]: [Carrob]: Das Wang Cars wird von PlayasEmre ausgeraubt!
[06-08-2022 00:15:41]: [Carrob]: Das Wang Cars wird von PlayasEmre ausgeraubt!
[06-08-2022 00:15:59]: [Carrob]: Das Auto wurde zerstört aufgefunden!
[06-08-2022 00:16:04]: [Carrob]: Das Wang Cars wird von PlayasEmre ausgeraubt!
[06-08-2022 00:16:14]: [Carrob]: Das Auto wurde zerstört aufgefunden!
[06-08-2022 00:18:19]: [Carrob]: Das Wang Cars wird von PlayasEmre ausgeraubt!
[06-08-2022 00:18:27]: [Carrob]: Das Wang Cars wird von PlayasEmre ausgeraubt!
[06-08-2022 00:18:34]: [Carrob]: Das Wang Cars wird von PlayasEmre ausgeraubt!
[06-08-2022 00:19:57]: [Carrob]: Das Wang Cars wird von PlayasEmre ausgeraubt!
[06-08-2022 00:20:11]: [Carrob]: Das Wang Cars wird von PlayasEmre ausgeraubt!
[06-08-2022 00:21:32]: [Carrob]: Das Auto wurde von PlayasEmre abgegeben!
[06-08-2022 00:22:04]: [Carrob]: Das Wang Cars wird von PlayasEmre ausgeraubt!
[06-08-2022 00:22:11]: [Carrob]: Das Wang Cars wird von PlayasEmre ausgeraubt!
[06-08-2022 00:22:21]: [Carrob]: Das Auto wurde zerstört aufgefunden!
[06-08-2022 00:24:17]: [Carrob]: Das Wang Cars wird von PlayasEmre ausgeraubt!
[06-08-2022 00:24:23]: [Carrob]: Das Auto wurde zerstört aufgefunden!
[06-08-2022 00:24:28]: [Carrob]: Das Wang Cars wird von PlayasEmre ausgeraubt!
[06-08-2022 00:24:44]: [Carrob]: Das Auto wurde zerstört aufgefunden!
[06-08-2022 00:25:27]: [Carrob]: Das Wang Cars wird von PlayasEmre ausgeraubt!
[06-08-2022 00:25:43]: [Carrob]: Das Auto wurde zerstört aufgefunden!
[06-08-2022 00:26:18]: [Carrob]: Das Wang Cars wird von PlayasEmre ausgeraubt!
[06-08-2022 00:26:29]: [Carrob]: Das Auto wurde zerstört aufgefunden!
[06-08-2022 00:41:13]: [Carrob]: Das Wang Cars wird von PlayasEmre ausgeraubt!
[06-08-2022 00:41:13]: [Carrob]: Das Auto wurde zerstört aufgefunden!
[06-08-2022 00:41:24]: [Carrob]: Das Wang Cars wird von PlayasEmre ausgeraubt!
[06-08-2022 00:41:24]: [Carrob]: Das Auto wurde zerstört aufgefunden!
[06-08-2022 00:41:42]: [Carrob]: Das Wang Cars wird von PlayasEmre ausgeraubt!
[06-08-2022 00:41:42]: [Carrob]: Das Auto wurde zerstört aufgefunden!
[06-08-2022 00:42:12]: [Carrob]: Das Wang Cars wird von PlayasEmre ausgeraubt!
[06-08-2022 00:42:39]: [Carrob]: Das Auto wurde zerstört aufgefunden!
[06-08-2022 00:43:46]: [Carrob]: Das Wang Cars wird von PlayasEmre ausgeraubt!
[06-08-2022 00:43:54]: [Carrob]: Das Wang Cars wird von PlayasEmre ausgeraubt!
[06-08-2022 00:44:11]: [Carrob]: Das Auto wurde zerstört aufgefunden!
[06-08-2022 00:44:44]: [Carrob]: Das Wang Cars wird von PlayasEmre ausgeraubt!
[06-08-2022 00:44:58]: [Carrob]: Das Auto wurde zerstört aufgefunden!
[06-08-2022 00:45:34]: [Carrob]: Das Wang Cars wird von PlayasEmre ausgeraubt!
[06-08-2022 00:45:51]: [Carrob]: Das Auto wurde zerstört aufgefunden!
[07-09-2022 14:27:52]: [Carrob]: Das Wang Cars wird von PlayasEmre ausgeraubt!
[07-09-2022 14:31:02]: [Carrob]: Das Wang Cars wird von PlayasEmre ausgeraubt!
[07-09-2022 14:34:21]: [Carrob]: Das Wang Cars wird von PlayasEmre ausgeraubt!
[07-09-2022 14:34:60]: [Carrob]: Das Wang Cars wird von PlayasEmre ausgeraubt!
[07-09-2022 14:36:27]: [Carrob]: Das Wang Cars wird von PlayasEmre ausgeraubt!
[07-09-2022 14:36:50]: [Carrob]: Das Wang Cars wird von PlayasEmre ausgeraubt!
[07-09-2022 14:37:35]: [Carrob]: Das Wang Cars wird von PlayasEmre ausgeraubt!
[07-09-2022 14:38:29]: [Carrob]: Das Wang Cars wird von PlayasEmre ausgeraubt!
[07-09-2022 14:39:44]: [Carrob]: Das Wang Cars wird von PlayasEmre ausgeraubt!
[07-09-2022 14:40:17]: [Carrob]: Das Wang Cars wird von PlayasEmre ausgeraubt!
[07-09-2022 14:40:58]: [Carrob]: Das Wang Cars wird von PlayasEmre ausgeraubt!
[07-09-2022 14:42:59]: [Carrob]: Das Wang Cars wird von PlayasEmre ausgeraubt!
[07-09-2022 14:47:22]: [Carrob]: Das Wang Cars wird von PlayasEmre ausgeraubt!
[18-12-2022 21:11:47]: [Carrob]: Das Wang Cars wird von PlayasEmre ausgeraubt!
[18-12-2022 21:12:13]: [Carrob]: Das Wang Cars wird von PlayasEmre ausgeraubt!
[30-12-2023 14:55:52]: [Carrob]: Das Wang Cars wird von PlayasEmre ausgeraubt!
[30-12-2023 14:56:09]: [Carrob]: Das Auto wurde zerstört aufgefunden!
[30-12-2023 14:56:19]: [Carrob]: Das Wang Cars wird von PlayasEmre ausgeraubt!
[30-12-2023 14:56:30]: [Carrob]: Das Auto wurde zerstört aufgefunden!
[14-10-2025 00:28:49]: [Carrob]: Das Wang Cars wird von Emre ausgeraubt!
[14-10-2025 00:29:09]: [Carrob]: Das Auto wurde zerstört aufgefunden!
[14-10-2025 00:29:15]: [Carrob]: Das Wang Cars wird von Emre ausgeraubt!
[14-11-2025 16:21:19]: [Carrob]: Das Wang Cars wird von Fabi ausgeraubt!
[14-11-2025 16:23:04]: [Carrob]: Das Auto wurde von Fabi abgegeben!
[16-11-2025 22:08:06]: [Carrob]: Das Wang Cars wird von Emre ausgeraubt!
[16-11-2025 22:09:60]: [Carrob]: Das Auto wurde von Emre abgegeben!
[19-01-2026 20:59:60]: [Carrob]: Das Wang Cars wird von PlayasEmre ausgeraubt!
[03-08-2026 13:20:15]: [Carrob]: Das Wang Cars wird von Emre ausgeraubt!
[03-08-2026 13:22:08]: [Carrob]: Das Auto wurde von Emre abgegeben!
[03-08-2026 13:25:38]: [Carrob]: Das Wang Cars wird von Emre ausgeraubt!
[03-08-2026 13:27:28]: [Carrob]: Das Auto wurde von Emre abgegeben!
[03-08-2026 13:29:15]: [Carrob]: Das Wang Cars wird von Emre ausgeraubt!
[03-08-2026 13:29:25]: [Carrob]: Das Wang Cars wird von Emre ausgeraubt!
[03-08-2026 13:29:51]: [Carrob]: Das Auto wurde zerstört aufgefunden!
[03-08-2026 13:29:59]: [Carrob]: Das Wang Cars wird von Emre ausgeraubt!
[03-08-2026 13:43:06]: [Carrob]: Das Wang Cars wird von Emre ausgeraubt!
[05-08-2026 14:27:50]: [Carrob]: Das Wang Cars wird von Fabi ausgeraubt!
[05-08-2026 14:29:43]: [Carrob]: Das Auto wurde von Fabi abgegeben!
[06-08-2026 20:09:22]: [Carrob]: Das Wang Cars wird von Hulk ausgeraubt!
[06-08-2026 20:11:30]: [Carrob]: Das Auto wurde von Hulk abgegeben!
[16-08-2026 01:33:45]: [Carrob]: Das Wang Cars wird von Striker ausgeraubt!
[16-08-2026 01:35:47]: [Carrob]: Das Auto wurde von Striker abgegeben!
[26-08-2026 16:53:58]: [Carrob]: Das Wang Cars wird von Emre ausgeraubt!
[26-08-2026 16:54:18]: [Carrob]: Das Auto wurde zerstört aufgefunden!
[26-08-2026 16:54:22]: [Carrob]: Das Wang Cars wird von Emre ausgeraubt!
[26-08-2026 16:54:33]: [Carrob]: Das Auto wurde zerstört aufgefunden!
[26-08-2026 16:54:38]: [Carrob]: Das Wang Cars wird von Emre ausgeraubt!
[26-08-2026 16:54:56]: [Carrob]: Das Auto wurde zerstört aufgefunden!
