[24-06-2022 18:40:38]: PlayasEmre hat ein Auto gekauft ( Tampa )
[29-06-2022 03:50:16]: PlayasEmre hat ein Auto gekauft ( Tampa )
[29-06-2022 03:53:13]: PlayasEmre hat ein Auto gekauft ( Tampa )
[29-06-2022 03:58:30]: PlayasEmre hat ein Auto gekauft ( Tampa )
[29-06-2022 04:01:55]: PlayasEmre hat ein Auto gekauft ( Tampa )
[29-06-2022 15:34:52]: PlayasEmre hat ein Auto gekauft ( Tampa )
[30-06-2022 01:07:17]: PlayasEmre hat ein Auto gekauft ( Premier )
[30-06-2022 01:15:40]: PlayasEmre hat ein Auto gekauft ( Infernus )
[30-06-2022 01:17:14]: PlayasEmre hat ein Auto gekauft ( NRG-500 )
[04-07-2022 02:22:10]: PlayasEmre hat ein Auto gekauft ( Premier )
[19-07-2022 00:50:38]: PlayasEmre hat ein Auto gekauft ( Tampa )
[19-07-2022 15:14:18]: PlayasEmre hat ein Auto gekauft ( Tampa )
[19-07-2022 15:39:49]: PlayasEmre hat ein Auto gekauft ( Tampa )
[02-08-2022 17:48:08]: PlayasEmre hat ein Auto gekauft ( Tampa )
[02-08-2022 18:32:52]: PlayasEmre hat ein Auto gekauft ( Tampa )
[16-08-2022 20:10:30]: PlayasEmre hat ein Auto gekauft ( Tampa )
[16-12-2022 20:07:45]: PlayasEmre hat ein Auto gekauft ( Tampa )
[21-12-2022 19:30:26]: PlayasEmre hat ein Auto gekauft ( Tampa )
[23-04-2023 00:41:21]: PlayasEmre hat ein Auto gekauft ( Tampa )
[28-04-2023 00:03:35]: PlayasEmre hat ein Auto gekauft ( Tampa )
[30-04-2023 00:28:27]: PlayasEmre hat ein Auto gekauft ( Tampa )
[30-04-2023 00:31:59]: PlayasEmre hat ein Auto gekauft ( Tampa )
[30-04-2023 12:43:26]: Stoned hat ein Auto gekauft ( Infernus )
[01-05-2023 23:54:31]: L.Messi hat ein Auto gekauft ( Tampa )
[01-05-2023 23:59:23]: PlayasEmre hat ein Auto gekauft ( Tampa )
[01-05-2023 23:59:26]: L.Messi hat ein Auto gekauft ( Tampa )
[02-05-2023 00:02:06]: PlayasEmre hat ein Auto gekauft ( Tampa )
[02-05-2023 00:33:24]: L.Messi hat ein Auto gekauft ( Premier )
[06-05-2023 00:40:45]: PlayasEmre hat ein Auto gekauft ( Tampa )
[18-09-2023 20:35:50]: PlayasEmre hat ein Auto gekauft ( Tampa )
[01-01-2024 16:37:09]: PlayasEmre hat ein Auto gekauft ( Tampa )
[01-01-2024 18:23:38]: PlayasEmre hat ein Auto gekauft ( Tampa )
[13-10-2025 23:59:48]: Emre hat ein Auto gekauft ( Tampa )
[18-07-2026 22:23:58]: PlayasEmre hat ein Auto gekauft ( Premier )
[26-07-2026 02:17:43]: Emre hat ein Auto gekauft ( Tampa )
[01-08-2026 16:07:59]: Emre hat ein Auto gekauft ( Premier )
[03-08-2026 13:43:36]: Emre hat ein Auto gekauft ( Tampa )
[03-08-2026 19:34:48]: Emre hat ein Auto gekauft ( Super GT )
[04-08-2026 21:49:05]: Emre hat ein Auto gekauft ( Tampa )
[05-08-2026 19:31:16]: Emre hat ein Auto gekauft ( Premier )
[05-08-2026 22:39:60]: Hulk hat ein Auto gekauft ( Tampa )
[06-08-2026 00:03:29]: Emre hat ein Auto gekauft ( Premier )
[06-08-2026 22:44:28]: Hulk hat ein Auto gekauft ( Mower )
[06-08-2026 22:45:05]: Hulk hat ein Auto an Server verkauft ( Mower )
[16-08-2026 01:18:10]: SpookyUHD hat ein Auto gekauft ( Elegant )
[16-08-2026 01:19:11]: SpookyUHD hat ein Auto gekauft ( Perennial )
[19-08-2026 19:19:32]: Emre hat ein Auto gekauft ( Infernus )
[19-08-2026 19:19:32]: Emre hat am Gluecksrad ein Fahrzeug gewonnen ( Infernus )
[19-08-2026 19:20:20]: Emre hat ein Auto gekauft ( Infernus )
[19-08-2026 19:20:20]: Emre hat am Gluecksrad ein Fahrzeug gewonnen ( Infernus )
[19-08-2026 20:01:29]: Emre hat ein Auto gekauft ( Infernus )
[19-08-2026 20:01:29]: Emre hat am Gluecksrad ein Fahrzeug gewonnen ( Infernus )
[19-08-2026 20:02:25]: Emre hat ein Auto gekauft ( Infernus )
[19-08-2026 20:02:25]: Emre hat am Gluecksrad ein Fahrzeug gewonnen ( Infernus )
[19-08-2026 20:03:42]: Emre hat ein Auto gekauft ( Infernus )
[19-08-2026 20:03:42]: Emre hat am Gluecksrad ein Fahrzeug gewonnen ( Infernus )
[19-08-2026 23:31:54]: Emre hat einen Greenwood gemietet ( 500 )
[19-08-2026 23:32:16]: Emre hat einen Glendale gemietet ( 400 )
[19-08-2026 23:57:19]: Emre hat einen Faggio gemietet ( 30 )
[20-08-2026 00:33:28]: Emre hat einen BMX gemietet ( 10 )
[20-08-2026 00:38:49]: Emre hat einen Faggio gemietet ( 30 )
[20-08-2026 00:39:05]: Emre hat einen Blista Compact gemietet ( 200 )
[20-08-2026 00:39:38]: Emre hat einen BMX gemietet ( 10 )
[20-08-2026 00:47:36]: Emre hat einen Tampa gemietet ( 300 )
[20-08-2026 00:53:22]: Emre hat einen BMX gemietet ( 10 )
[20-08-2026 00:57:60]: Emre hat einen BMX gemietet ( 10 )
[20-08-2026 00:58:24]: Emre hat einen Faggio gemietet ( 30 )
[20-08-2026 01:02:05]: Emre hat einen Faggio gemietet ( 30 )
[20-08-2026 01:10:59]: Emre hat ein Auto gekauft ( Tampa )
[20-08-2026 02:06:12]: Emre hat einen Faggio gemietet ( 30 )
[20-08-2026 02:12:35]: Emre hat einen BMX gemietet ( 10 )
[20-08-2026 02:53:57]: Emre hat einen BMX gemietet ( 10 )
[20-08-2026 02:59:24]: Emre hat einen BMX gemietet ( 10 )
[20-08-2026 03:02:20]: Emre hat einen Faggio gemietet ( 30 )
[20-08-2026 03:04:56]: Emre hat einen Faggio gemietet ( 30 )
[22-08-2026 18:45:46]: Emre hat einen BMX gemietet ( 10 )
[22-08-2026 20:20:08]: Emre hat einen Faggio gemietet ( 30 )
[22-08-2026 23:44:33]: Emre hat einen Faggio gemietet ( 30 )
[22-08-2026 23:48:31]: Emre hat einen Faggio gemietet ( 30 )
[23-08-2026 01:06:10]: Emre hat einen Faggio gemietet ( 30 )
[23-08-2026 10:35:34]: Emre hat einen Faggio gemietet ( 30 )
[23-08-2026 12:31:38]: Emre hat einen Faggio gemietet ( 30 )
[24-08-2026 21:16:15]: Emre hat einen Blista Compact gemietet ( 200 )
[24-08-2026 23:25:46]: Emre hat einen Tampa gemietet ( 300 )
[24-08-2026 23:36:41]: Emre hat einen Blista Compact gemietet ( 200 )
[25-08-2026 01:00:46]: Emre hat einen FCR-900 gemietet ( 250 )
[25-08-2026 02:23:07]: Emre hat ein Auto gekauft ( Mower )
[25-08-2026 06:43:13]: Emre hat ein Auto gekauft ( Freeway )
[26-08-2026 16:55:45]: Emre hat einen Faggio gemietet ( 30 )
[26-08-2026 18:56:39]: Emre hat einen Tampa gemietet ( 300 )
[26-08-2026 21:27:38]: Emre hat einen Tampa gemietet ( 300 )
[27-08-2026 00:00:12]: Emre hat einen Faggio gemietet ( 30 )
[27-08-2026 22:52:10]: Emre hat einen Blista Compact gemietet ( 200 )
[27-08-2026 22:53:12]: Emre hat einen Faggio gemietet ( 30 )
[30-08-2026 04:56:56]: Emre hat einen Faggio gemietet ( 30 )
[31-08-2026 19:24:10]: Emre hat ein Auto gekauft ( Tampa )
[31-08-2026 23:48:24]: Emre hat ein Auto gekauft ( Cheetah )
[01-09-2026 20:34:46]: Emre hat einen Blista Compact gemietet ( 200 )
[01-09-2026 22:51:46]: Emre hat einen Blista Compact gemietet ( 200 )
[03-09-2026 13:13:15]: Emre hat den Halloween-Leichenwagen erhalten
[03-09-2026 15:13:57]: Emre hat einen BMX gemietet ( 10 )
[03-09-2026 15:17:29]: Emre hat einen Faggio gemietet ( 30 )
[06-09-2026 20:30:33]: Emre hat einen Blista Compact gemietet ( 200 )
[06-09-2026 20:40:13]: Emre hat einen Blista Compact gemietet ( 200 )
[06-09-2026 22:36:19]: Emre hat ein Auto gekauft ( Premier )
[12-09-2026 18:31:31]: Emre hat einen Blista Compact gemietet ( 200 )
